
Allocating common symbols
Common symbol       size              file

panicked            0x4               build/uart.o
uart_tx_buf         0x20              build/uart.o
xQueueRegistry      0x80              build/~/Desktop/FreeRTOS/FreeRTOS/Source/queue.o
uart_tx_r           0x8               build/uart.o
uart_tx_w           0x8               build/uart.o
uart_tx_lock        0x18              build/uart.o
xSuspendedTestQueue
                    0x8               build//home/yanice/Desktop/CORTEX_A72_QEMU_FreeRTOS/Demo/Common/Minimal/dynamic.o
build//home/yanice/Desktop/CORTEX_A72_QEMU_FreeRTOS/Port/GCC/ARM_AARCH64_QEMU/portASM.o: dynamic relocation against `pxCurrentTCB' in read-only section `.rodata'

Discarded input sections

 .group         0x0000000000000000        0xc build/main.o
 .group         0x0000000000000000        0xc build/main.o
 .group         0x0000000000000000        0xc build/main.o
 .group         0x0000000000000000        0xc build/main.o
 .group         0x0000000000000000        0xc build/main.o
 .group         0x0000000000000000        0xc build/main.o
 .group         0x0000000000000000        0xc build/main.o
 .group         0x0000000000000000        0xc build/main.o
 .group         0x0000000000000000        0xc build/main.o
 .group         0x0000000000000000        0xc build/main.o
 .group         0x0000000000000000        0xc build/main.o
 .group         0x0000000000000000        0xc build/main.o
 .group         0x0000000000000000        0xc build/main.o
 .group         0x0000000000000000        0xc build/main.o
 .group         0x0000000000000000        0xc build/main.o
 .group         0x0000000000000000        0xc build/main.o
 .group         0x0000000000000000        0xc build/main.o
 .group         0x0000000000000000        0xc build/main.o
 .group         0x0000000000000000        0xc build/main.o
 .group         0x0000000000000000        0xc build/main.o
 .group         0x0000000000000000        0xc build/main.o
 .group         0x0000000000000000        0xc build/main.o
 .group         0x0000000000000000        0xc build/main.o
 .group         0x0000000000000000        0xc build/main.o
 .group         0x0000000000000000        0xc build/main.o
 .group         0x0000000000000000        0xc build/main.o
 .group         0x0000000000000000        0xc build/main.o
 .group         0x0000000000000000        0xc build/main.o
 .group         0x0000000000000000        0xc build/main.o
 .group         0x0000000000000000        0xc build/main.o
 .group         0x0000000000000000        0xc build/main.o
 .text          0x0000000000000000        0x0 build/main.o
 .data          0x0000000000000000        0x0 build/main.o
 .bss           0x0000000000000000        0x0 build/main.o
 .rodata.vApplicationIdleHook.str1.8
                0x0000000000000000       0x18 build/main.o
 .text.vApplicationIdleHook
                0x0000000000000000       0x1c build/main.o
 .rodata.vRegisterIRQHandler.str1.8
                0x0000000000000000       0x17 build/main.o
 .text.vRegisterIRQHandler
                0x0000000000000000       0x1c build/main.o
 .eh_frame      0x0000000000000000      0x180 build/main.o
 .group         0x0000000000000000        0xc build/main_blinky.o
 .group         0x0000000000000000        0xc build/main_blinky.o
 .group         0x0000000000000000        0xc build/main_blinky.o
 .group         0x0000000000000000        0xc build/main_blinky.o
 .group         0x0000000000000000        0xc build/main_blinky.o
 .group         0x0000000000000000        0xc build/main_blinky.o
 .group         0x0000000000000000        0xc build/main_blinky.o
 .group         0x0000000000000000        0xc build/main_blinky.o
 .group         0x0000000000000000        0xc build/main_blinky.o
 .group         0x0000000000000000        0xc build/main_blinky.o
 .group         0x0000000000000000        0xc build/main_blinky.o
 .group         0x0000000000000000        0xc build/main_blinky.o
 .group         0x0000000000000000        0xc build/main_blinky.o
 .group         0x0000000000000000        0xc build/main_blinky.o
 .group         0x0000000000000000        0xc build/main_blinky.o
 .group         0x0000000000000000        0xc build/main_blinky.o
 .group         0x0000000000000000        0xc build/main_blinky.o
 .group         0x0000000000000000        0xc build/main_blinky.o
 .group         0x0000000000000000        0xc build/main_blinky.o
 .group         0x0000000000000000        0xc build/main_blinky.o
 .group         0x0000000000000000        0xc build/main_blinky.o
 .group         0x0000000000000000        0xc build/main_blinky.o
 .group         0x0000000000000000        0xc build/main_blinky.o
 .group         0x0000000000000000        0xc build/main_blinky.o
 .group         0x0000000000000000        0xc build/main_blinky.o
 .group         0x0000000000000000        0xc build/main_blinky.o
 .group         0x0000000000000000        0xc build/main_blinky.o
[...]
Memory Configuration

Name             Origin             Length             Attributes
rom              0x0000000040000000 0x0000000000080000 axr
ram              0x0000000040080000 0x0000000000080000 axw
*default*        0x0000000000000000 0xffffffffffffffff

Linker script and memory map

                0x00000000000003e8                __stack_size = 0x3e8
LOAD build/main.o
LOAD build/main_blinky.o
LOAD build/riscv-virt.o
LOAD build/uart.o
LOAD build/spinlock.o
LOAD build/console.o
LOAD build/gic_v3.o
LOAD build/my_mem.o
LOAD build//home/yanice/Desktop/CORTEX_A72_QEMU_FreeRTOS/Demo/Common/Minimal/EventGroupsDemo.o
LOAD build//home/yanice/Desktop/CORTEX_A72_QEMU_FreeRTOS/Demo/Common/Minimal/TaskNotify.o
LOAD build//home/yanice/Desktop/CORTEX_A72_QEMU_FreeRTOS/Demo/Common/Minimal/TimerDemo.o
LOAD build//home/yanice/Desktop/CORTEX_A72_QEMU_FreeRTOS/Demo/Common/Minimal/blocktim.o
LOAD build//home/yanice/Desktop/CORTEX_A72_QEMU_FreeRTOS/Demo/Common/Minimal/dynamic.o
LOAD build//home/yanice/Desktop/CORTEX_A72_QEMU_FreeRTOS/Demo/Common/Minimal/recmutex.o
LOAD build/~/Desktop/FreeRTOS/FreeRTOS/Source/event_groups.o
LOAD build/~/Desktop/FreeRTOS/FreeRTOS/Source/list.o
LOAD build/~/Desktop/FreeRTOS/FreeRTOS/Source/queue.o
LOAD build/~/Desktop/FreeRTOS/FreeRTOS/Source/stream_buffer.o
LOAD build/~/Desktop/FreeRTOS/FreeRTOS/Source/tasks.o
LOAD build/~/Desktop/FreeRTOS/FreeRTOS/Source/timers.o
LOAD build//home/yanice/Desktop/CORTEX_A72_QEMU_FreeRTOS/Port/MemMang/heap_4.o
LOAD build//home/yanice/Desktop/CORTEX_A72_QEMU_FreeRTOS/Port/GCC/ARM_AARCH64_QEMU/port.o
LOAD build/start.o
LOAD build/vector.o
LOAD build//home/yanice/Desktop/CORTEX_A72_QEMU_FreeRTOS/Port/GCC/ARM_AARCH64_QEMU/portASM.o

.init           0x0000000040000000       0xb8
                0x0000000040000000                _text = .
 *(SORT_NONE(.init))
 .init          0x0000000040000000       0xb8 build/start.o
                0x0000000040000000                _start

.text           0x0000000040000800     0x56f8
 *(.text.unlikely .text.unlikely.*)
 *(.text.startup .text.startup.*)
 *(.text .text.*)
 .text.vConfigureTickInterrupt
                0x0000000040000800       0x54 build/main.o
                0x0000000040000800                vConfigureTickInterrupt
 .text.vClearTickInterrupt
                0x0000000040000854       0x2c build/main.o
                0x0000000040000854                vClearTickInterrupt
 .text.FreeRTOS_Error_Handler
                0x0000000040000880       0x60 build/main.o
                0x0000000040000880                FreeRTOS_Error_Handler
 .text.FreeRTOS_SYNC_Handler
                0x00000000400008e0       0x24 build/main.o
                0x00000000400008e0                FreeRTOS_SYNC_Handler
 .text.main     0x0000000040000904       0xd4 build/main.o
                0x0000000040000904                main
 .text.vApplicationMallocFailedHook
                0x00000000400009d8       0x24 build/main.o
                0x00000000400009d8                vApplicationMallocFailedHook
 .text.vApplicationStackOverflowHook
                0x00000000400009fc       0x24 build/main.o
                0x00000000400009fc                vApplicationStackOverflowHook
 .text.vApplicationTickHook
                0x0000000040000a20        0x4 build/main.o
                0x0000000040000a20                vApplicationTickHook
 .text.vTaskSwitchHook
                0x0000000040000a24        0x4 build/main.o
                0x0000000040000a24                vTaskSwitchHook
 .text.vAssertCalled
                0x0000000040000a28       0x38 build/main.o
                0x0000000040000a28                vAssertCalled
 .text.vApplicationIRQHandler
                0x0000000040000a60       0x1c build/main.o
                0x0000000040000a60                vApplicationIRQHandler
 .text.prvQueueSendTask
                0x0000000040000a7c       0x4c build/main_blinky.o
 .text.prvQueueReceiveTask
                0x0000000040000ac8       0x4c build/main_blinky.o
 .text.main_blinky
                0x0000000040000b14       0xac build/main_blinky.o
                0x0000000040000b14                main_blinky
 .text.uartinit
                0x0000000040000bc0       0x5c build/uart.o
                0x0000000040000bc0                uartinit
 .text.uartputc_sync
                0x0000000040000c1c       0x1c build/uart.o
                0x0000000040000c1c                uartputc_sync
 .text.initlock
                0x0000000040000c38       0x14 build/spinlock.o
                0x0000000040000c38                initlock
 .text.vSendString
                0x0000000040000c4c       0x54 build/console.o
                0x0000000040000c4c                vSendString
 .text.vSendStringISR
                0x0000000040000ca0       0x4c build/console.o
                0x0000000040000ca0                vSendStringISR
 .text.intToHex
                0x0000000040000cec       0x8c build/console.o
                0x0000000040000cec                intToHex
 .text.printHexISR
                0x0000000040000d78       0x4c build/console.o
                0x0000000040000d78                printHexISR
 .text.printHex
                0x0000000040000dc4       0x4c build/console.o
                0x0000000040000dc4                printHex
 .text.gicd_set_target
                0x0000000040000e10       0x50 build/gic_v3.o
 .text.gicd_set_priority
                0x0000000040000e60       0x54 build/gic_v3.o
 .text.gicd_config
                0x0000000040000eb4       0x54 build/gic_v3.o
 .text.init_gicd
                0x0000000040000f08      0x118 build/gic_v3.o
 .text.init_gicc
                0x0000000040001020       0x7c build/gic_v3.o
 .text.gicd_enable_int
                0x000000004000109c       0x40 build/gic_v3.o
                0x000000004000109c                gicd_enable_int
 .text.gicd_clear_pending
                0x00000000400010dc       0x40 build/gic_v3.o
                0x00000000400010dc                gicd_clear_pending
 .text.gic_v3_initialize
                0x000000004000111c       0x58 build/gic_v3.o
                0x000000004000111c                gic_v3_initialize
 .text.memset   0x0000000040001174       0x18 build/my_mem.o
                0x0000000040001174                memset
 .text.memcpy   0x000000004000118c       0x20 build/my_mem.o
                0x000000004000118c                memcpy
 .text.vListInitialise
                0x00000000400011ac       0x20 build/~/Desktop/FreeRTOS/FreeRTOS/Source/list.o
                0x00000000400011ac                vListInitialise
 .text.vListInitialiseItem
                0x00000000400011cc        0x8 build/~/Desktop/FreeRTOS/FreeRTOS/Source/list.o
                0x00000000400011cc                vListInitialiseItem
 .text.vListInsert
                0x00000000400011d4       0x58 build/~/Desktop/FreeRTOS/FreeRTOS/Source/list.o
                0x00000000400011d4                vListInsert
 .text.uxListRemove
                0x000000004000122c       0x44 build/~/Desktop/FreeRTOS/FreeRTOS/Source/list.o
                0x000000004000122c                uxListRemove
 .text.prvIsQueueFull
                0x0000000040001270       0x44 build/~/Desktop/FreeRTOS/FreeRTOS/Source/queue.o
 .text.prvIsQueueEmpty
                0x00000000400012b4       0x3c build/~/Desktop/FreeRTOS/FreeRTOS/Source/queue.o
 .text.prvCopyDataFromQueue
                0x00000000400012f0       0x4c build/~/Desktop/FreeRTOS/FreeRTOS/Source/queue.o
 .text.prvCopyDataToQueue
                0x000000004000133c       0xf4 build/~/Desktop/FreeRTOS/FreeRTOS/Source/queue.o
 .text.prvUnlockQueue
                0x0000000040001430       0xac build/~/Desktop/FreeRTOS/FreeRTOS/Source/queue.o
 .text.xQueueGenericReset
                0x00000000400014dc       0xd4 build/~/Desktop/FreeRTOS/FreeRTOS/Source/queue.o
                0x00000000400014dc                xQueueGenericReset
 .text.prvInitialiseNewQueue
                0x00000000400015b0       0x38 build/~/Desktop/FreeRTOS/FreeRTOS/Source/queue.o
 .text.xQueueGenericCreate
                0x00000000400015e8       0xa0 build/~/Desktop/FreeRTOS/FreeRTOS/Source/queue.o
                0x00000000400015e8                xQueueGenericCreate
 .text.xQueueGenericSend
                0x0000000040001688      0x1ac build/~/Desktop/FreeRTOS/FreeRTOS/Source/queue.o
                0x0000000040001688                xQueueGenericSend
 .text.xQueueReceive
                0x0000000040001834      0x188 build/~/Desktop/FreeRTOS/FreeRTOS/Source/queue.o
                0x0000000040001834                xQueueReceive
 .text.vQueueAddToRegistry
                0x00000000400019bc       0x90 build/~/Desktop/FreeRTOS/FreeRTOS/Source/queue.o
                0x00000000400019bc                vQueueAddToRegistry
 .text.vQueueWaitForMessageRestricted
                0x0000000040001a4c       0x88 build/~/Desktop/FreeRTOS/FreeRTOS/Source/queue.o
                0x0000000040001a4c                vQueueWaitForMessageRestricted
 .text.prvResetNextTaskUnblockTime
                0x0000000040001ad4       0x3c build/~/Desktop/FreeRTOS/FreeRTOS/Source/tasks.o
 .text.prvDeleteTCB
                0x0000000040001b10       0x2c build/~/Desktop/FreeRTOS/FreeRTOS/Source/tasks.o
 .text.prvInitialiseNewTask
                0x0000000040001b3c      0x100 build/~/Desktop/FreeRTOS/FreeRTOS/Source/tasks.o
 .text.prvCreateTask
                0x0000000040001c3c       0xd0 build/~/Desktop/FreeRTOS/FreeRTOS/Source/tasks.o
 .text.prvInitialiseTaskLists
                0x0000000040001d0c       0x98 build/~/Desktop/FreeRTOS/FreeRTOS/Source/tasks.o
 .text.prvAddNewTaskToReadyList
                0x0000000040001da4      0x134 build/~/Desktop/FreeRTOS/FreeRTOS/Source/tasks.o
 .text.prvCheckTasksWaitingTermination
                0x0000000040001ed8       0x7c build/~/Desktop/FreeRTOS/FreeRTOS/Source/tasks.o
 .text.prvIdleTask
                0x0000000040001f54       0x10 build/~/Desktop/FreeRTOS/FreeRTOS/Source/tasks.o
 .text.prvAddCurrentTaskToDelayedList
                0x0000000040001f64      0x150 build/~/Desktop/FreeRTOS/FreeRTOS/Source/tasks.o
 *fill*         0x00000000400020b4        0x4 
 .text.prvAddCurrentTaskToDelayedList.stub
                0x00000000400020b8       0x10 linker stubs
 .text.xTaskCreate
                0x00000000400030b8       0x28 build/~/Desktop/FreeRTOS/FreeRTOS/Source/tasks.o
                0x00000000400030b8                xTaskCreate
 .text.prvCreateIdleTasks
                0x00000000400030e0       0x88 build/~/Desktop/FreeRTOS/FreeRTOS/Source/tasks.o
 .text.vTaskStartScheduler
                0x0000000040003168       0x78 build/~/Desktop/FreeRTOS/FreeRTOS/Source/tasks.o
                0x0000000040003168                vTaskStartScheduler
 .text.vTaskSuspendAll
                0x00000000400031e0       0x14 build/~/Desktop/FreeRTOS/FreeRTOS/Source/tasks.o
                0x00000000400031e0                vTaskSuspendAll
 .text.xTaskGetTickCount
                0x00000000400031f4        0xc build/~/Desktop/FreeRTOS/FreeRTOS/Source/tasks.o
                0x00000000400031f4                xTaskGetTickCount
 .text.xTaskIncrementTick
                0x0000000040003200      0x270 build/~/Desktop/FreeRTOS/FreeRTOS/Source/tasks.o
                0x0000000040003200                xTaskIncrementTick
 .text.xTaskResumeAll
                0x0000000040003470      0x204 build/~/Desktop/FreeRTOS/FreeRTOS/Source/tasks.o
                0x0000000040003470                xTaskResumeAll
 .text.xTaskDelayUntil
                0x0000000040003674       0xe4 build/~/Desktop/FreeRTOS/FreeRTOS/Source/tasks.o
                0x0000000040003674                xTaskDelayUntil
 .text.vTaskSwitchContext
                0x0000000040003758      0x164 build/~/Desktop/FreeRTOS/FreeRTOS/Source/tasks.o
                0x0000000040003758                vTaskSwitchContext
 .text.vTaskPlaceOnEventList
                0x00000000400038bc       0x4c build/~/Desktop/FreeRTOS/FreeRTOS/Source/tasks.o
                0x00000000400038bc                vTaskPlaceOnEventList
 .text.vTaskPlaceOnEventListRestricted
                0x0000000040003908       0x94 build/~/Desktop/FreeRTOS/FreeRTOS/Source/tasks.o
                0x0000000040003908                vTaskPlaceOnEventListRestricted
 .text.xTaskRemoveFromEventList
                0x000000004000399c      0x18c build/~/Desktop/FreeRTOS/FreeRTOS/Source/tasks.o
                0x000000004000399c                xTaskRemoveFromEventList
 .text.vTaskInternalSetTimeOutState
                0x0000000040003b28       0x1c build/~/Desktop/FreeRTOS/FreeRTOS/Source/tasks.o
                0x0000000040003b28                vTaskInternalSetTimeOutState
 .text.xTaskCheckForTimeOut
                0x0000000040003b44       0xe4 build/~/Desktop/FreeRTOS/FreeRTOS/Source/tasks.o
                0x0000000040003b44                xTaskCheckForTimeOut
 .text.vTaskMissedYield
                0x0000000040003c28       0x10 build/~/Desktop/FreeRTOS/FreeRTOS/Source/tasks.o
                0x0000000040003c28                vTaskMissedYield
 .text.xTaskGetSchedulerState
                0x0000000040003c38       0x30 build/~/Desktop/FreeRTOS/FreeRTOS/Source/tasks.o
                0x0000000040003c38                xTaskGetSchedulerState
 .text.xTaskPriorityDisinherit
                0x0000000040003c68      0x124 build/~/Desktop/FreeRTOS/FreeRTOS/Source/tasks.o
                0x0000000040003c68                xTaskPriorityDisinherit
 .text.prvGetNextExpireTime
                0x0000000040003d8c       0x38 build/~/Desktop/FreeRTOS/FreeRTOS/Source/timers.o
 .text.prvInsertTimerInActiveList
                0x0000000040003dc4       0x84 build/~/Desktop/FreeRTOS/FreeRTOS/Source/timers.o
 .text.prvReloadTimer
                0x0000000040003e48       0x60 build/~/Desktop/FreeRTOS/FreeRTOS/Source/timers.o
 .text.prvProcessExpiredTimer
                0x0000000040003ea8       0x70 build/~/Desktop/FreeRTOS/FreeRTOS/Source/timers.o
 .text.prvSwitchTimerLists
                0x0000000040003f18       0x6c build/~/Desktop/FreeRTOS/FreeRTOS/Source/timers.o
 .text.prvSampleTimeNow
                0x0000000040003f84       0x54 build/~/Desktop/FreeRTOS/FreeRTOS/Source/timers.o
 .text.prvProcessTimerOrBlockTask
                0x0000000040003fd8       0xb4 build/~/Desktop/FreeRTOS/FreeRTOS/Source/timers.o
 .text.prvProcessReceivedCommands
                0x000000004000408c      0x1a8 build/~/Desktop/FreeRTOS/FreeRTOS/Source/timers.o
 .text.prvTimerTask
                0x0000000040004234       0x20 build/~/Desktop/FreeRTOS/FreeRTOS/Source/timers.o
 .text.prvCheckForValidListAndQueue
                0x0000000040004254       0x90 build/~/Desktop/FreeRTOS/FreeRTOS/Source/timers.o
 .text.xTimerCreateTimerTask
                0x00000000400042e4       0x68 build/~/Desktop/FreeRTOS/FreeRTOS/Source/timers.o
                0x00000000400042e4                xTimerCreateTimerTask
 .text.prvHeapInit
                0x000000004000434c       0x7c build//home/yanice/Desktop/CORTEX_A72_QEMU_FreeRTOS/Port/MemMang/heap_4.o
 .text.prvInsertBlockIntoFreeList
                0x00000000400043c8       0xe4 build//home/yanice/Desktop/CORTEX_A72_QEMU_FreeRTOS/Port/MemMang/heap_4.o
 .text.pvPortMalloc
                0x00000000400044ac      0x248 build//home/yanice/Desktop/CORTEX_A72_QEMU_FreeRTOS/Port/MemMang/heap_4.o
                0x00000000400044ac                pvPortMalloc
 .text.vPortFree
                0x00000000400046f4       0xb8 build//home/yanice/Desktop/CORTEX_A72_QEMU_FreeRTOS/Port/MemMang/heap_4.o
                0x00000000400046f4                vPortFree
 .text.pxPortInitialiseStack
                0x00000000400047ac      0x19c build//home/yanice/Desktop/CORTEX_A72_QEMU_FreeRTOS/Port/GCC/ARM_AARCH64_QEMU/port.o
                0x00000000400047ac                pxPortInitialiseStack
 .text.xPortStartScheduler
                0x0000000040004948       0xf8 build//home/yanice/Desktop/CORTEX_A72_QEMU_FreeRTOS/Port/GCC/ARM_AARCH64_QEMU/port.o
                0x0000000040004948                xPortStartScheduler
 .text.vPortExitCritical
                0x0000000040004a40       0x58 build//home/yanice/Desktop/CORTEX_A72_QEMU_FreeRTOS/Port/GCC/ARM_AARCH64_QEMU/port.o
                0x0000000040004a40                vPortExitCritical
 .text.FreeRTOS_Tick_Handler
                0x0000000040004a98       0x8c build//home/yanice/Desktop/CORTEX_A72_QEMU_FreeRTOS/Port/GCC/ARM_AARCH64_QEMU/port.o
                0x0000000040004a98                FreeRTOS_Tick_Handler
 .text.uxPortSetInterruptMask
                0x0000000040004b24       0x58 build//home/yanice/Desktop/CORTEX_A72_QEMU_FreeRTOS/Port/GCC/ARM_AARCH64_QEMU/port.o
                0x0000000040004b24                uxPortSetInterruptMask
 .text.vPortEnterCritical
                0x0000000040004b7c       0x44 build//home/yanice/Desktop/CORTEX_A72_QEMU_FreeRTOS/Port/GCC/ARM_AARCH64_QEMU/port.o
                0x0000000040004b7c                vPortEnterCritical
 *fill*         0x0000000040004bc0      0x440 
 .text          0x0000000040005000      0x844 build/vector.o
                0x0000000040005000                _freertos_vector_table
 *fill*         0x0000000040005844       0xbc 
 .text          0x0000000040005900      0x5f8 build//home/yanice/Desktop/CORTEX_A72_QEMU_FreeRTOS/Port/GCC/ARM_AARCH64_QEMU/portASM.o
                0x0000000040005900                FreeRTOS_SWI_Handler
                0x0000000040005b00                vPortRestoreTaskContext
                0x0000000040005c00                FreeRTOS_IRQ_Handler
 *(.gnu.linkonce.t.*)

.plt            0x0000000040005ef8        0x0
 .plt           0x0000000040005ef8        0x0 build/main.o

.fini           0x0000000040005ef8        0x0
 *(SORT_NONE(.fini))
                0x0000000040005ef8                _etext = .

.rodata.align   0x0000000040005ef8        0x0
                0x0000000040005ef8                _rodata = .

.rodata.start   0x0000000040005ef8        0x0
                0x0000000040005ef8                _rodata_lma = LOADADDR (.rodata.start)

.rodata         0x0000000040005f00      0x348
 *(.rdata)
 *(.rodata .rodata.*)
 .rodata.vConfigureTickInterrupt.str1.8
                0x0000000040005f00       0x14 build/main.o
 *fill*         0x0000000040005f14        0x4 
 .rodata.FreeRTOS_Error_Handler.str1.8
                0x0000000040005f18       0x1c build/main.o
 *fill*         0x0000000040005f34        0x4 
 .rodata.FreeRTOS_SYNC_Handler.str1.8
                0x0000000040005f38       0x19 build/main.o
 *fill*         0x0000000040005f51        0x7 
 .rodata.main.str1.8
                0x0000000040005f58       0x77 build/main.o
                                         0x7a (size before relaxing)
 *fill*         0x0000000040005fcf        0x1 
 .rodata.vApplicationMallocFailedHook.str1.8
                0x0000000040005fd0       0x15 build/main.o
 *fill*         0x0000000040005fe5        0x3 
 .rodata.vApplicationStackOverflowHook.str1.8
                0x0000000040005fe8       0x11 build/main.o
 *fill*         0x0000000040005ff9        0x7 
 .rodata.vAssertCalled.str1.8
                0x0000000040006000       0x10 build/main.o
 .rodata.vApplicationIRQHandler.str1.8
                0x0000000040006010       0x1a build/main.o
 *fill*         0x000000004000602a        0x6 
 .rodata.prvQueueSendTask.str1.8
                0x0000000040006030        0x7 build/main_blinky.o
 *fill*         0x0000000040006037        0x1 
 .rodata.prvQueueReceiveTask.str1.8
                0x0000000040006038       0x2c build/main_blinky.o
 *fill*         0x0000000040006064        0x4 
 .rodata.main_blinky.str1.8
                0x0000000040006068       0x50 build/main_blinky.o
 .rodata.uartinit.str1.8
                0x00000000400060b8        0x5 build/uart.o
 *fill*         0x00000000400060bd        0x3 
 .rodata.intToHex.str1.8
                0x00000000400060c0       0x11 build/console.o
 *fill*         0x00000000400060d1        0x7 
 .rodata.printHexISR.str1.8
                0x00000000400060d8        0x3 build/console.o
                                          0xa (size before relaxing)
 *fill*         0x00000000400060db        0x5 
 .rodata.init_gicd.str1.8
                0x00000000400060e0        0xd build/gic_v3.o
 *fill*         0x00000000400060ed        0x3 
 .rodata.init_gicc.str1.8
                0x00000000400060f0        0xd build/gic_v3.o
 *fill*         0x00000000400060fd        0x3 
 .rodata.gic_v3_initialize.str1.8
                0x0000000040006100       0x15 build/gic_v3.o
 *fill*         0x0000000040006115        0x3 
 .rodata.prvCreateIdleTasks.str1.8
                0x0000000040006118        0x5 build/~/Desktop/FreeRTOS/FreeRTOS/Source/tasks.o
 *fill*         0x000000004000611d        0x3 
 .rodata.prvCheckForValidListAndQueue.str1.8
                0x0000000040006120        0x5 build/~/Desktop/FreeRTOS/FreeRTOS/Source/timers.o
 *fill*         0x0000000040006125        0x3 
 .rodata.xTimerCreateTimerTask.str1.8
                0x0000000040006128        0x8 build/~/Desktop/FreeRTOS/FreeRTOS/Source/timers.o
 .rodata.ullICCEOIR
                0x0000000040006130        0x8 build//home/yanice/Desktop/CORTEX_A72_QEMU_FreeRTOS/Port/GCC/ARM_AARCH64_QEMU/port.o
                0x0000000040006130                ullICCEOIR
 .rodata.ullICCIAR
                0x0000000040006138        0x8 build//home/yanice/Desktop/CORTEX_A72_QEMU_FreeRTOS/Port/GCC/ARM_AARCH64_QEMU/port.o
                0x0000000040006138                ullICCIAR
 .rodata.ullICCPMR
                0x0000000040006140        0x8 build//home/yanice/Desktop/CORTEX_A72_QEMU_FreeRTOS/Port/GCC/ARM_AARCH64_QEMU/port.o
                0x0000000040006140                ullICCPMR
 .rodata.ullMaxAPIPriorityMask
                0x0000000040006148        0x8 build//home/yanice/Desktop/CORTEX_A72_QEMU_FreeRTOS/Port/GCC/ARM_AARCH64_QEMU/port.o
                0x0000000040006148                ullMaxAPIPriorityMask
 *fill*         0x0000000040006150       0xb0 
 .rodata        0x0000000040006200       0x48 build//home/yanice/Desktop/CORTEX_A72_QEMU_FreeRTOS/Port/GCC/ARM_AARCH64_QEMU/portASM.o
                0x0000000040006200                pxCurrentTCBConst
                0x0000000040006228                ullPortInterruptNestingConst
 *(.gnu.linkonce.r.*)
                0x0000000040006248                . = ALIGN (0x4)
                0x0000000040006248                _erodata = .

.interp         0x0000000040006248       0x1b
 .interp        0x0000000040006248       0x1b build/main.o

.note.gnu.build-id
                0x0000000040006264       0x24
 .note.gnu.build-id
                0x0000000040006264       0x24 build/main.o

.gnu.version_d  0x0000000040006288        0x0
 .gnu.version_d
                0x0000000040006288        0x0 build/main.o

.gnu.version    0x0000000040006288        0x0
 .gnu.version   0x0000000040006288        0x0 build/main.o

.gnu.version_r  0x0000000040006288        0x0
 .gnu.version_r
                0x0000000040006288        0x0 build/main.o

.dynsym         0x0000000040006288       0x48
 .dynsym        0x0000000040006288       0x48 build/main.o

.dynstr         0x00000000400062d0        0x1
 .dynstr        0x00000000400062d0        0x1 build/main.o

.gnu.hash       0x00000000400062d8       0x1c
 .gnu.hash      0x00000000400062d8       0x1c build/main.o

.eh_frame_hdr   0x00000000400062f4        0x0
 .eh_frame_hdr  0x00000000400062f4        0x0 build/main.o

.rela.dyn       0x00000000400062f8      0x120
 .rela.got      0x00000000400062f8       0x30 build/main.o
 .rela.plt      0x0000000040006328        0x0 build/main.o
 .rela.bss      0x0000000040006328        0x0 build/main.o
 .rela.data.rel.ro
                0x0000000040006328        0x0 build/main.o
 .rela.ifunc    0x0000000040006328        0x0 build/main.o
 .rela.text     0x0000000040006328       0x18 build/main.o
 .rela.rodata   0x0000000040006340       0xd8 build/main.o

.data.align     0x0000000040080000        0x0 load address 0x0000000040006418
                0x0000000040080000                . = ALIGN (0x4)
                0x0000000040080000                _data = .

.data.start     0x0000000040080000        0x0 load address 0x0000000040006418
                0x0000000040006418                _data_lma = LOADADDR (.data.start)

.data           0x0000000040080000       0x10 load address 0x0000000040006418
 *(.data .data.*)
 .data.rel.ro   0x0000000040080000        0x0 build/main.o
 .data.uxTopUsedPriority
                0x0000000040080000        0x8 build/~/Desktop/FreeRTOS/FreeRTOS/Source/tasks.o
 .data.ullCriticalNesting
                0x0000000040080008        0x8 build//home/yanice/Desktop/CORTEX_A72_QEMU_FreeRTOS/Port/GCC/ARM_AARCH64_QEMU/port.o
                0x0000000040080008                ullCriticalNesting
 *(.gnu.linkonce.d.*)
                0x0000000040080010                . = ALIGN (0x8)
                [!provide]                        PROVIDE (__global_pointer$ = (. + 0x800))
 *(.sdata .sdata.*)
 *(.sdata2 .sdata2.*)
 *(.gnu.linkonce.s.*)
                0x0000000040080010                . = ALIGN (0x8)
 *(.srodata.cst16)
 *(.srodata.cst8)
 *(.srodata.cst4)
 *(.srodata.cst2)
 *(.srodata .srodata.*)
                0x0000000040080010                . = ALIGN (0x4)
                0x0000000040080010                _edata = .

.dynamic        0x0000000040080010      0x120 load address 0x0000000040006428
 .dynamic       0x0000000040080010      0x120 build/main.o
                0x0000000040080010                _DYNAMIC

.got            0x0000000040080130       0x18 load address 0x0000000040006548
 .got           0x0000000040080130       0x18 build/main.o
                0x0000000040080130                _GLOBAL_OFFSET_TABLE_

.got.plt        0x0000000040080148       0x18 load address 0x0000000040006560
 .got.plt       0x0000000040080148       0x18 build/main.o

.tdata          0x0000000040006578        0x0
 *(.tdata .tdata.*)

.tbss           0x0000000040006578        0x0
 *(.tbss .tbss.* .gnu.linkonce.tb.*)
 *(.tcommon)
                [!provide]                        PROVIDE (__tbss_end = .)
                [!provide]                        PROVIDE (__tls_end = .)
                [!provide]                        PROVIDE (__tdata_source = LOADADDR (.tdata))
                [!provide]                        PROVIDE (__tdata_source_end = (LOADADDR (.tdata) + SIZEOF (.tdata)))
                [!provide]                        PROVIDE (__tdata_size = SIZEOF (.tdata))
                [!provide]                        PROVIDE (__tbss_offset = (ADDR (.tbss) - ADDR (.tdata)))
                [!provide]                        PROVIDE (__tbss_start = ADDR (.tbss))
                [!provide]                        PROVIDE (__tbss_size = SIZEOF (.tbss))
                [!provide]                        PROVIDE (__tls_size = (__tls_end - ADDR (.tdata)))
                [!provide]                        PROVIDE (__tls_align = MAX (ALIGNOF (.tdata), ALIGNOF (.tbss)))

.bss.align      0x0000000040080160        0x0 load address 0x0000000040006578
                0x0000000040080160                . = ALIGN (0x4)
                0x0000000040080160                _bss = .

.bss.start      0x0000000040080160        0x0 load address 0x0000000040006578
                0x0000000040006578                _bss_lma = LOADADDR (.bss.start)

.bss            0x0000000040080160     0xfff0 load address 0x0000000040006578
 *(.sbss*)
 *(.gnu.linkonce.sb.*)
 *(.bss .bss.*)
 .bss.xQueue    0x0000000040080160        0x8 build/main_blinky.o
 .bss.pxCurrentTCB
                0x0000000040080168        0x8 build/~/Desktop/FreeRTOS/FreeRTOS/Source/tasks.o
                0x0000000040080168                pxCurrentTCB
 .bss.pxDelayedTaskList
                0x0000000040080170        0x8 build/~/Desktop/FreeRTOS/FreeRTOS/Source/tasks.o
 .bss.pxOverflowDelayedTaskList
                0x0000000040080178        0x8 build/~/Desktop/FreeRTOS/FreeRTOS/Source/tasks.o
 .bss.pxReadyTasksLists
                0x0000000040080180      0x118 build/~/Desktop/FreeRTOS/FreeRTOS/Source/tasks.o
 .bss.uxCurrentNumberOfTasks
                0x0000000040080298        0x8 build/~/Desktop/FreeRTOS/FreeRTOS/Source/tasks.o
 .bss.uxDeletedTasksWaitingCleanUp
                0x00000000400802a0        0x8 build/~/Desktop/FreeRTOS/FreeRTOS/Source/tasks.o
 .bss.uxSchedulerSuspended
                0x00000000400802a8        0x8 build/~/Desktop/FreeRTOS/FreeRTOS/Source/tasks.o
 .bss.uxTaskNumber
                0x00000000400802b0        0x8 build/~/Desktop/FreeRTOS/FreeRTOS/Source/tasks.o
 .bss.uxTopReadyPriority
                0x00000000400802b8        0x8 build/~/Desktop/FreeRTOS/FreeRTOS/Source/tasks.o
 .bss.xDelayedTaskList1
                0x00000000400802c0       0x28 build/~/Desktop/FreeRTOS/FreeRTOS/Source/tasks.o
 .bss.xDelayedTaskList2
                0x00000000400802e8       0x28 build/~/Desktop/FreeRTOS/FreeRTOS/Source/tasks.o
 .bss.xIdleTaskHandles
                0x0000000040080310        0x8 build/~/Desktop/FreeRTOS/FreeRTOS/Source/tasks.o
 .bss.xNextTaskUnblockTime
                0x0000000040080318        0x8 build/~/Desktop/FreeRTOS/FreeRTOS/Source/tasks.o
 .bss.xNumOfOverflows
                0x0000000040080320        0x8 build/~/Desktop/FreeRTOS/FreeRTOS/Source/tasks.o
 .bss.xPendedTicks
                0x0000000040080328        0x8 build/~/Desktop/FreeRTOS/FreeRTOS/Source/tasks.o
 .bss.xPendingReadyList
                0x0000000040080330       0x28 build/~/Desktop/FreeRTOS/FreeRTOS/Source/tasks.o
 .bss.xSchedulerRunning
                0x0000000040080358        0x8 build/~/Desktop/FreeRTOS/FreeRTOS/Source/tasks.o
 .bss.xSuspendedTaskList
                0x0000000040080360       0x28 build/~/Desktop/FreeRTOS/FreeRTOS/Source/tasks.o
 .bss.xTasksWaitingTermination
                0x0000000040080388       0x28 build/~/Desktop/FreeRTOS/FreeRTOS/Source/tasks.o
 .bss.xTickCount
                0x00000000400803b0        0x8 build/~/Desktop/FreeRTOS/FreeRTOS/Source/tasks.o
 .bss.xYieldPendings
                0x00000000400803b8        0x8 build/~/Desktop/FreeRTOS/FreeRTOS/Source/tasks.o
 .bss.pxCurrentTimerList
                0x00000000400803c0        0x8 build/~/Desktop/FreeRTOS/FreeRTOS/Source/timers.o
 .bss.pxOverflowTimerList
                0x00000000400803c8        0x8 build/~/Desktop/FreeRTOS/FreeRTOS/Source/timers.o
 .bss.xActiveTimerList1
                0x00000000400803d0       0x28 build/~/Desktop/FreeRTOS/FreeRTOS/Source/timers.o
 .bss.xActiveTimerList2
                0x00000000400803f8       0x28 build/~/Desktop/FreeRTOS/FreeRTOS/Source/timers.o
 .bss.xLastTime.4320
                0x0000000040080420        0x8 build/~/Desktop/FreeRTOS/FreeRTOS/Source/timers.o
 .bss.xTimerQueue
                0x0000000040080428        0x8 build/~/Desktop/FreeRTOS/FreeRTOS/Source/timers.o
 .bss.xTimerTaskHandle
                0x0000000040080430        0x8 build/~/Desktop/FreeRTOS/FreeRTOS/Source/timers.o
 .bss.pxEnd     0x0000000040080438        0x8 build//home/yanice/Desktop/CORTEX_A72_QEMU_FreeRTOS/Port/MemMang/heap_4.o
 .bss.ucHeap    0x0000000040080440     0xfbf4 build//home/yanice/Desktop/CORTEX_A72_QEMU_FreeRTOS/Port/MemMang/heap_4.o
 *fill*         0x0000000040090034        0x4 
 .bss.xFreeBytesRemaining
                0x0000000040090038        0x8 build//home/yanice/Desktop/CORTEX_A72_QEMU_FreeRTOS/Port/MemMang/heap_4.o
 .bss.xMinimumEverFreeBytesRemaining
                0x0000000040090040        0x8 build//home/yanice/Desktop/CORTEX_A72_QEMU_FreeRTOS/Port/MemMang/heap_4.o
 .bss.xNumberOfSuccessfulAllocations
                0x0000000040090048        0x8 build//home/yanice/Desktop/CORTEX_A72_QEMU_FreeRTOS/Port/MemMang/heap_4.o
 .bss.xNumberOfSuccessfulFrees
                0x0000000040090050        0x8 build//home/yanice/Desktop/CORTEX_A72_QEMU_FreeRTOS/Port/MemMang/heap_4.o
 .bss.xStart    0x0000000040090058       0x10 build//home/yanice/Desktop/CORTEX_A72_QEMU_FreeRTOS/Port/MemMang/heap_4.o
 .bss.ullPortInterruptNesting
                0x0000000040090068        0x8 build//home/yanice/Desktop/CORTEX_A72_QEMU_FreeRTOS/Port/GCC/ARM_AARCH64_QEMU/port.o
                0x0000000040090068                ullPortInterruptNesting
 .bss.ullPortTaskHasFPUContext
                0x0000000040090070        0x8 build//home/yanice/Desktop/CORTEX_A72_QEMU_FreeRTOS/Port/GCC/ARM_AARCH64_QEMU/port.o
                0x0000000040090070                ullPortTaskHasFPUContext
 .bss.ullPortYieldRequired
                0x0000000040090078        0x8 build//home/yanice/Desktop/CORTEX_A72_QEMU_FreeRTOS/Port/GCC/ARM_AARCH64_QEMU/port.o
                0x0000000040090078                ullPortYieldRequired
 *(.gnu.linkonce.b.*)
 *(COMMON)
 COMMON         0x0000000040090080       0x50 build/uart.o
                0x0000000040090080                panicked
                0x0000000040090088                uart_tx_buf
                0x00000000400900a8                uart_tx_r
                0x00000000400900b0                uart_tx_w
                0x00000000400900b8                uart_tx_lock
 COMMON         0x00000000400900d0       0x80 build/~/Desktop/FreeRTOS/FreeRTOS/Source/queue.o
                0x00000000400900d0                xQueueRegistry
                0x0000000040090150                . = ALIGN (0x4)
                0x0000000040090150                _ebss = .

.dynbss         0x0000000040090150        0x0 load address 0x0000000040006578
 .dynbss        0x0000000040090150        0x0 build/main.o
                0x0000000040090150                . = ALIGN (0x10)
                0x0000000040090150                _end = .
                0x0000000040090250                . = (. + 0x100)

.stack          0x0000000040090150      0x3e8
                0x0000000040090150                _stack_bottom = .
                0x0000000040090538                . = (. + __stack_size)
 *fill*         0x0000000040090150      0x3e8 
                0x0000000040090538                _stack_top = .
OUTPUT(build/RTOSDemo.axf elf64-littleaarch64)
LOAD linker stubs

.debug_info     0x0000000000000000     0xab45
 .debug_info    0x0000000000000000      0x786 build/main.o
 .debug_info    0x0000000000000786      0x72d build/main_blinky.o
 .debug_info    0x0000000000000eb3      0x3b2 build/uart.o
 .debug_info    0x0000000000001265      0x28e build/spinlock.o
 .debug_info    0x00000000000014f3      0xa55 build/console.o
 .debug_info    0x0000000000001f48      0x6f6 build/gic_v3.o
 .debug_info    0x000000000000263e      0x17e build/my_mem.o
 .debug_info    0x00000000000027bc      0x2ff build/~/Desktop/FreeRTOS/FreeRTOS/Source/list.o
 .debug_info    0x0000000000002abb     0x25a8 build/~/Desktop/FreeRTOS/FreeRTOS/Source/queue.o
 .debug_info    0x0000000000005063     0x370e build/~/Desktop/FreeRTOS/FreeRTOS/Source/tasks.o
 .debug_info    0x0000000000008771     0x1686 build/~/Desktop/FreeRTOS/FreeRTOS/Source/timers.o
 .debug_info    0x0000000000009df7      0x7e5 build//home/yanice/Desktop/CORTEX_A72_QEMU_FreeRTOS/Port/MemMang/heap_4.o
 .debug_info    0x000000000000a5dc      0x4df build//home/yanice/Desktop/CORTEX_A72_QEMU_FreeRTOS/Port/GCC/ARM_AARCH64_QEMU/port.o
 .debug_info    0x000000000000aabb       0x2e build/start.o
 .debug_info    0x000000000000aae9       0x2e build/vector.o
 .debug_info    0x000000000000ab17       0x2e build//home/yanice/Desktop/CORTEX_A72_QEMU_FreeRTOS/Port/GCC/ARM_AARCH64_QEMU/portASM.o

.debug_abbrev   0x0000000000000000     0x187b
 .debug_abbrev  0x0000000000000000      0x182 build/main.o
 .debug_abbrev  0x0000000000000182      0x19c build/main_blinky.o
 .debug_abbrev  0x000000000000031e      0x176 build/uart.o
 .debug_abbrev  0x0000000000000494      0x13a build/spinlock.o
 .debug_abbrev  0x00000000000005ce      0x293 build/console.o
 .debug_abbrev  0x0000000000000861      0x1c1 build/gic_v3.o
 .debug_abbrev  0x0000000000000a22       0xec build/my_mem.o
 .debug_abbrev  0x0000000000000b0e      0x102 build/~/Desktop/FreeRTOS/FreeRTOS/Source/list.o
 .debug_abbrev  0x0000000000000c10      0x29f build/~/Desktop/FreeRTOS/FreeRTOS/Source/queue.o
 .debug_abbrev  0x0000000000000eaf      0x32c build/~/Desktop/FreeRTOS/FreeRTOS/Source/tasks.o
 .debug_abbrev  0x00000000000011db      0x251 build/~/Desktop/FreeRTOS/FreeRTOS/Source/timers.o
 .debug_abbrev  0x000000000000142c      0x27b build//home/yanice/Desktop/CORTEX_A72_QEMU_FreeRTOS/Port/MemMang/heap_4.o
 .debug_abbrev  0x00000000000016a7      0x198 build//home/yanice/Desktop/CORTEX_A72_QEMU_FreeRTOS/Port/GCC/ARM_AARCH64_QEMU/port.o
 .debug_abbrev  0x000000000000183f       0x14 build/start.o
 .debug_abbrev  0x0000000000001853       0x14 build/vector.o
 .debug_abbrev  0x0000000000001867       0x14 build//home/yanice/Desktop/CORTEX_A72_QEMU_FreeRTOS/Port/GCC/ARM_AARCH64_QEMU/portASM.o

.debug_loc      0x0000000000000000     0xf551
 .debug_loc     0x0000000000000000      0x34c build/main.o
 .debug_loc     0x000000000000034c       0x7a build/main_blinky.o
 .debug_loc     0x00000000000003c6       0xdb build/uart.o
 .debug_loc     0x00000000000004a1      0x1b4 build/spinlock.o
 .debug_loc     0x0000000000000655     0x186a build/console.o
 .debug_loc     0x0000000000001ebf      0x6e5 build/gic_v3.o
 .debug_loc     0x00000000000025a4      0x1ad build/my_mem.o
 .debug_loc     0x0000000000002751      0x19f build/~/Desktop/FreeRTOS/FreeRTOS/Source/list.o
 .debug_loc     0x00000000000028f0     0x40a7 build/~/Desktop/FreeRTOS/FreeRTOS/Source/queue.o
 .debug_loc     0x0000000000006997     0x5aad build/~/Desktop/FreeRTOS/FreeRTOS/Source/tasks.o
 .debug_loc     0x000000000000c444     0x2269 build/~/Desktop/FreeRTOS/FreeRTOS/Source/timers.o
 .debug_loc     0x000000000000e6ad      0x9d4 build//home/yanice/Desktop/CORTEX_A72_QEMU_FreeRTOS/Port/MemMang/heap_4.o
 .debug_loc     0x000000000000f081      0x4d0 build//home/yanice/Desktop/CORTEX_A72_QEMU_FreeRTOS/Port/GCC/ARM_AARCH64_QEMU/port.o

.debug_aranges  0x0000000000000000      0xf20
 .debug_aranges
                0x0000000000000000       0xf0 build/main.o
 .debug_aranges
                0x00000000000000f0       0x50 build/main_blinky.o
 .debug_aranges
                0x0000000000000140       0x80 build/uart.o
 .debug_aranges
                0x00000000000001c0       0x80 build/spinlock.o
 .debug_aranges
                0x0000000000000240       0xe0 build/console.o
 .debug_aranges
                0x0000000000000320       0xf0 build/gic_v3.o
 .debug_aranges
                0x0000000000000410       0x40 build/my_mem.o
 .debug_aranges
                0x0000000000000450       0x70 build/~/Desktop/FreeRTOS/FreeRTOS/Source/list.o
 .debug_aranges
                0x00000000000004c0      0x260 build/~/Desktop/FreeRTOS/FreeRTOS/Source/queue.o
 .debug_aranges
                0x0000000000000720      0x410 build/~/Desktop/FreeRTOS/FreeRTOS/Source/tasks.o
 .debug_aranges
                0x0000000000000b30      0x1e0 build/~/Desktop/FreeRTOS/FreeRTOS/Source/timers.o
 .debug_aranges
                0x0000000000000d10       0xc0 build//home/yanice/Desktop/CORTEX_A72_QEMU_FreeRTOS/Port/MemMang/heap_4.o
 .debug_aranges
                0x0000000000000dd0       0xc0 build//home/yanice/Desktop/CORTEX_A72_QEMU_FreeRTOS/Port/GCC/ARM_AARCH64_QEMU/port.o
 .debug_aranges
                0x0000000000000e90       0x30 build/start.o
 .debug_aranges
                0x0000000000000ec0       0x30 build/vector.o
 .debug_aranges
                0x0000000000000ef0       0x30 build//home/yanice/Desktop/CORTEX_A72_QEMU_FreeRTOS/Port/GCC/ARM_AARCH64_QEMU/portASM.o

.debug_ranges   0x0000000000000000     0x1630
 .debug_ranges  0x0000000000000000       0xe0 build/main.o
 .debug_ranges  0x00000000000000e0       0x70 build/main_blinky.o
 .debug_ranges  0x0000000000000150       0x70 build/uart.o
 .debug_ranges  0x00000000000001c0       0x70 build/spinlock.o
 .debug_ranges  0x0000000000000230      0x130 build/console.o
 .debug_ranges  0x0000000000000360       0xe0 build/gic_v3.o
 .debug_ranges  0x0000000000000440       0x30 build/my_mem.o
 .debug_ranges  0x0000000000000470       0x60 build/~/Desktop/FreeRTOS/FreeRTOS/Source/list.o
 .debug_ranges  0x00000000000004d0      0x450 build/~/Desktop/FreeRTOS/FreeRTOS/Source/queue.o
 .debug_ranges  0x0000000000000920      0x980 build/~/Desktop/FreeRTOS/FreeRTOS/Source/tasks.o
 .debug_ranges  0x00000000000012a0      0x1d0 build/~/Desktop/FreeRTOS/FreeRTOS/Source/timers.o
 .debug_ranges  0x0000000000001470       0xb0 build//home/yanice/Desktop/CORTEX_A72_QEMU_FreeRTOS/Port/MemMang/heap_4.o
 .debug_ranges  0x0000000000001520      0x110 build//home/yanice/Desktop/CORTEX_A72_QEMU_FreeRTOS/Port/GCC/ARM_AARCH64_QEMU/port.o

.debug_macro    0x0000000000000000     0x5735
 .debug_macro   0x0000000000000000      0x1d1 build/main.o
 .debug_macro   0x00000000000001d1      0x964 build/main.o
 .debug_macro   0x0000000000000b35       0x1c build/main.o
 .debug_macro   0x0000000000000b51      0x174 build/main.o
 .debug_macro   0x0000000000000cc5       0x10 build/main.o
 .debug_macro   0x0000000000000cd5      0x1bb build/main.o
 .debug_macro   0x0000000000000e90      0x17f build/main.o
 .debug_macro   0x000000000000100f       0x10 build/main.o
 .debug_macro   0x000000000000101f       0x4a build/main.o
 .debug_macro   0x0000000000001069       0x5e build/main.o
 .debug_macro   0x00000000000010c7       0x4c build/main.o
 .debug_macro   0x0000000000001113       0x67 build/main.o
 .debug_macro   0x000000000000117a       0xf4 build/main.o
 .debug_macro   0x000000000000126e       0x10 build/main.o
 .debug_macro   0x000000000000127e       0x16 build/main.o
 .debug_macro   0x0000000000001294      0x1b8 build/main.o
 .debug_macro   0x000000000000144c       0x16 build/main.o
 .debug_macro   0x0000000000001462       0x22 build/main.o
 .debug_macro   0x0000000000001484       0x2e build/main.o
 .debug_macro   0x00000000000014b2      0x154 build/main.o
 .debug_macro   0x0000000000001606       0x1c build/main.o
 .debug_macro   0x0000000000001622      0x182 build/main.o
 .debug_macro   0x00000000000017a4      0x147 build/main.o
 .debug_macro   0x00000000000018eb       0x2e build/main.o
 .debug_macro   0x0000000000001919       0x1f build/main.o
 .debug_macro   0x0000000000001938       0x12 build/main.o
 .debug_macro   0x000000000000194a     0x10b7 build/main.o
 .debug_macro   0x0000000000002a01       0xc3 build/main.o
 .debug_macro   0x0000000000002ac4      0x14f build/main.o
 .debug_macro   0x0000000000002c13       0x10 build/main.o
 .debug_macro   0x0000000000002c23       0xbe build/main.o
 .debug_macro   0x0000000000002ce1      0x1e5 build/main.o
 .debug_macro   0x0000000000002ec6      0x271 build/main_blinky.o
 .debug_macro   0x0000000000003137       0x80 build/main_blinky.o
 .debug_macro   0x00000000000031b7       0x10 build/main_blinky.o
 .debug_macro   0x00000000000031c7       0x52 build/main_blinky.o
 .debug_macro   0x0000000000003219       0x10 build/main_blinky.o
 .debug_macro   0x0000000000003229       0x35 build/main_blinky.o
 .debug_macro   0x000000000000325e       0x10 build/main_blinky.o
 .debug_macro   0x000000000000326e       0x34 build/main_blinky.o
 .debug_macro   0x00000000000032a2       0x4c build/main_blinky.o
 .debug_macro   0x00000000000032ee       0x2e build/main_blinky.o
 .debug_macro   0x000000000000331c       0x19 build/main_blinky.o
 .debug_macro   0x0000000000003335       0x25 build/main_blinky.o
 .debug_macro   0x000000000000335a       0x11 build/main_blinky.o
 .debug_macro   0x000000000000336b      0x220 build/uart.o
 .debug_macro   0x000000000000358b       0x52 build/uart.o
 .debug_macro   0x00000000000035dd      0x1a4 build/spinlock.o
 .debug_macro   0x0000000000003781      0x1fd build/console.o
 .debug_macro   0x000000000000397e      0x1a9 build/gic_v3.o
 .debug_macro   0x0000000000003b27      0x1eb build/gic_v3.o
 .debug_macro   0x0000000000003d12      0x194 build/my_mem.o
 .debug_macro   0x0000000000003ea6      0x35f build/~/Desktop/FreeRTOS/FreeRTOS/Source/list.o
 .debug_macro   0x0000000000004205      0x424 build/~/Desktop/FreeRTOS/FreeRTOS/Source/queue.o
 .debug_macro   0x0000000000004629       0x20 build/~/Desktop/FreeRTOS/FreeRTOS/Source/queue.o
 .debug_macro   0x0000000000004649      0x4aa build/~/Desktop/FreeRTOS/FreeRTOS/Source/tasks.o
 .debug_macro   0x0000000000004af3       0x16 build/~/Desktop/FreeRTOS/FreeRTOS/Source/tasks.o
 .debug_macro   0x0000000000004b09      0x3ae build/~/Desktop/FreeRTOS/FreeRTOS/Source/timers.o
 .debug_macro   0x0000000000004eb7       0x9e build/~/Desktop/FreeRTOS/FreeRTOS/Source/timers.o
 .debug_macro   0x0000000000004f55      0x422 build//home/yanice/Desktop/CORTEX_A72_QEMU_FreeRTOS/Port/MemMang/heap_4.o
 .debug_macro   0x0000000000005377      0x3be build//home/yanice/Desktop/CORTEX_A72_QEMU_FreeRTOS/Port/GCC/ARM_AARCH64_QEMU/port.o

.debug_line     0x0000000000000000     0xb43e
 .debug_line    0x0000000000000000      0x5c1 build/main.o
 .debug_line    0x00000000000005c1      0x502 build/main_blinky.o
 .debug_line    0x0000000000000ac3      0x4b9 build/uart.o
 .debug_line    0x0000000000000f7c      0x4ea build/spinlock.o
 .debug_line    0x0000000000001466      0xc28 build/console.o
 .debug_line    0x000000000000208e      0x7af build/gic_v3.o
 .debug_line    0x000000000000283d      0x380 build/my_mem.o
 .debug_line    0x0000000000002bbd      0x758 build/~/Desktop/FreeRTOS/FreeRTOS/Source/list.o
 .debug_line    0x0000000000003315     0x2014 build/~/Desktop/FreeRTOS/FreeRTOS/Source/queue.o
 .debug_line    0x0000000000005329     0x3646 build/~/Desktop/FreeRTOS/FreeRTOS/Source/tasks.o
 .debug_line    0x000000000000896f     0x11f1 build/~/Desktop/FreeRTOS/FreeRTOS/Source/timers.o
 .debug_line    0x0000000000009b60      0xcf4 build//home/yanice/Desktop/CORTEX_A72_QEMU_FreeRTOS/Port/MemMang/heap_4.o
 .debug_line    0x000000000000a854      0xa2d build//home/yanice/Desktop/CORTEX_A72_QEMU_FreeRTOS/Port/GCC/ARM_AARCH64_QEMU/port.o
 .debug_line    0x000000000000b281       0x6c build/start.o
 .debug_line    0x000000000000b2ed       0x5f build/vector.o
 .debug_line    0x000000000000b34c       0xf2 build//home/yanice/Desktop/CORTEX_A72_QEMU_FreeRTOS/Port/GCC/ARM_AARCH64_QEMU/portASM.o

.debug_str      0x0000000000000000    0x18ad3
 .debug_str     0x0000000000000000    0x11971 build/main.o
                                      0x11b1f (size before relaxing)
 .debug_str     0x0000000000011971     0x1422 build/main_blinky.o
                                      0x11aab (size before relaxing)
 .debug_str     0x0000000000012d93      0x2a4 build/uart.o
                                       0xeb98 (size before relaxing)
 .debug_str     0x0000000000013037       0x24 build/spinlock.o
                                       0xe9b3 (size before relaxing)
 .debug_str     0x000000000001305b      0x2dc build/console.o
                                       0xe938 (size before relaxing)
 .debug_str     0x0000000000013337      0x13f build/gic_v3.o
                                       0xfab3 (size before relaxing)
 .debug_str     0x0000000000013476       0x2d build/my_mem.o
                                       0xe56b (size before relaxing)
 .debug_str     0x00000000000134a3     0x16a6 build/~/Desktop/FreeRTOS/FreeRTOS/Source/list.o
                                      0x107de (size before relaxing)
 .debug_str     0x0000000000014b49      0xd19 build/~/Desktop/FreeRTOS/FreeRTOS/Source/queue.o
                                      0x13129 (size before relaxing)
 .debug_str     0x0000000000015862     0x20cf build/~/Desktop/FreeRTOS/FreeRTOS/Source/tasks.o
                                      0x14167 (size before relaxing)
 .debug_str     0x0000000000017931      0x5d1 build/~/Desktop/FreeRTOS/FreeRTOS/Source/timers.o
                                      0x1343e (size before relaxing)
 .debug_str     0x0000000000017f02      0x72a build//home/yanice/Desktop/CORTEX_A72_QEMU_FreeRTOS/Port/MemMang/heap_4.o
                                      0x12383 (size before relaxing)
 .debug_str     0x000000000001862c      0x438 build//home/yanice/Desktop/CORTEX_A72_QEMU_FreeRTOS/Port/GCC/ARM_AARCH64_QEMU/port.o
                                      0x12065 (size before relaxing)
 .debug_str     0x0000000000018a64       0x14 build/start.o
                                         0x57 (size before relaxing)
 .debug_str     0x0000000000018a78        0x9 build/vector.o
                                         0x58 (size before relaxing)
 .debug_str     0x0000000000018a81       0x52 build//home/yanice/Desktop/CORTEX_A72_QEMU_FreeRTOS/Port/GCC/ARM_AARCH64_QEMU/portASM.o
                                         0xa1 (size before relaxing)

.comment        0x0000000000000000       0x2b
 .comment       0x0000000000000000       0x2b build/main.o
                                         0x2c (size before relaxing)
 .comment       0x000000000000002b       0x2c build/main_blinky.o
 .comment       0x000000000000002b       0x2c build/uart.o
 .comment       0x000000000000002b       0x2c build/spinlock.o
 .comment       0x000000000000002b       0x2c build/console.o
 .comment       0x000000000000002b       0x2c build/gic_v3.o
 .comment       0x000000000000002b       0x2c build/my_mem.o
 .comment       0x000000000000002b       0x2c build/~/Desktop/FreeRTOS/FreeRTOS/Source/list.o
 .comment       0x000000000000002b       0x2c build/~/Desktop/FreeRTOS/FreeRTOS/Source/queue.o
 .comment       0x000000000000002b       0x2c build/~/Desktop/FreeRTOS/FreeRTOS/Source/tasks.o
 .comment       0x000000000000002b       0x2c build/~/Desktop/FreeRTOS/FreeRTOS/Source/timers.o
 .comment       0x000000000000002b       0x2c build//home/yanice/Desktop/CORTEX_A72_QEMU_FreeRTOS/Port/MemMang/heap_4.o
 .comment       0x000000000000002b       0x2c build//home/yanice/Desktop/CORTEX_A72_QEMU_FreeRTOS/Port/GCC/ARM_AARCH64_QEMU/port.o

.note.GNU-stack
                0x0000000000000000        0x0
 .note.GNU-stack
                0x0000000000000000        0x0 build/main.o
 .note.GNU-stack
                0x0000000000000000        0x0 build/main_blinky.o
 .note.GNU-stack
                0x0000000000000000        0x0 build/uart.o
 .note.GNU-stack
                0x0000000000000000        0x0 build/spinlock.o
 .note.GNU-stack
                0x0000000000000000        0x0 build/console.o
 .note.GNU-stack
                0x0000000000000000        0x0 build/gic_v3.o
 .note.GNU-stack
                0x0000000000000000        0x0 build/my_mem.o
 .note.GNU-stack
                0x0000000000000000        0x0 build/~/Desktop/FreeRTOS/FreeRTOS/Source/list.o
 .note.GNU-stack
                0x0000000000000000        0x0 build/~/Desktop/FreeRTOS/FreeRTOS/Source/queue.o
 .note.GNU-stack
                0x0000000000000000        0x0 build/~/Desktop/FreeRTOS/FreeRTOS/Source/tasks.o
 .note.GNU-stack
                0x0000000000000000        0x0 build/~/Desktop/FreeRTOS/FreeRTOS/Source/timers.o
 .note.GNU-stack
                0x0000000000000000        0x0 build//home/yanice/Desktop/CORTEX_A72_QEMU_FreeRTOS/Port/MemMang/heap_4.o
 .note.GNU-stack
                0x0000000000000000        0x0 build//home/yanice/Desktop/CORTEX_A72_QEMU_FreeRTOS/Port/GCC/ARM_AARCH64_QEMU/port.o
