/home/yanice/Desktop/CORTEX_A72_QEMU_FreeRTOS/Demo/TCP_QEMU_MMK/build//home/yanice/Desktop/CORTEX_A72_QEMU_FreeRTOS/Port/GCC/ARM_AARCH64_QEMU/portASM.o: dynamic relocation against `pxCurrentTCB' in read-only section `.rodata'

Discarded input sections

 .text          0x0000000000000000        0x0 /home/yanice/Desktop/CORTEX_A72_QEMU_FreeRTOS/Demo/TCP_QEMU_MMK/build//home/yanice/Desktop/CORTEX_A72_QEMU_FreeRTOS/Demo/TCP_QEMU_MMK/main_network.o
 .data          0x0000000000000000        0x0 /home/yanice/Desktop/CORTEX_A72_QEMU_FreeRTOS/Demo/TCP_QEMU_MMK/build//home/yanice/Desktop/CORTEX_A72_QEMU_FreeRTOS/Demo/TCP_QEMU_MMK/main_network.o
 .bss           0x0000000000000000        0x0 /home/yanice/Desktop/CORTEX_A72_QEMU_FreeRTOS/Demo/TCP_QEMU_MMK/build//home/yanice/Desktop/CORTEX_A72_QEMU_FreeRTOS/Demo/TCP_QEMU_MMK/main_network.o
 .eh_frame      0x0000000000000000       0x90 /home/yanice/Desktop/CORTEX_A72_QEMU_FreeRTOS/Demo/TCP_QEMU_MMK/build//home/yanice/Desktop/CORTEX_A72_QEMU_FreeRTOS/Demo/TCP_QEMU_MMK/main_network.o
 .text          0x0000000000000000        0x0 /home/yanice/Desktop/CORTEX_A72_QEMU_FreeRTOS/Demo/TCP_QEMU_MMK/build//home/yanice/Desktop/CORTEX_A72_QEMU_FreeRTOS/Demo/TCP_QEMU_MMK/trace_time.o
 .data          0x0000000000000000        0x0 /home/yanice/Desktop/CORTEX_A72_QEMU_FreeRTOS/Demo/TCP_QEMU_MMK/build//home/yanice/Desktop/CORTEX_A72_QEMU_FreeRTOS/Demo/TCP_QEMU_MMK/trace_time.o
 .bss           0x0000000000000000        0x0 /home/yanice/Desktop/CORTEX_A72_QEMU_FreeRTOS/Demo/TCP_QEMU_MMK/build//home/yanice/Desktop/CORTEX_A72_QEMU_FreeRTOS/Demo/TCP_QEMU_MMK/trace_time.o
 .bss.time      0x0000000000000000      0x200 /home/yanice/Desktop/CORTEX_A72_QEMU_FreeRTOS/Demo/TCP_QEMU_MMK/build//home/yanice/Desktop/CORTEX_A72_QEMU_FreeRTOS/Demo/TCP_QEMU_MMK/trace_time.o
 .bss.trace_nest
                0x0000000000000000        0x4 /home/yanice/Desktop/CORTEX_A72_QEMU_FreeRTOS/Demo/TCP_QEMU_MMK/build//home/yanice/Desktop/CORTEX_A72_QEMU_FreeRTOS/Demo/TCP_QEMU_MMK/trace_time.o
 .rodata        0x0000000000000000       0x46 /home/yanice/Desktop/CORTEX_A72_QEMU_FreeRTOS/Demo/TCP_QEMU_MMK/build//home/yanice/Desktop/CORTEX_A72_QEMU_FreeRTOS/Demo/TCP_QEMU_MMK/trace_time.o
 .text.startTimer
                0x0000000000000000       0xa8 /home/yanice/Desktop/CORTEX_A72_QEMU_FreeRTOS/Demo/TCP_QEMU_MMK/build//home/yanice/Desktop/CORTEX_A72_QEMU_FreeRTOS/Demo/TCP_QEMU_MMK/trace_time.o
 .text.endTimer
                0x0000000000000000       0xb0 /home/yanice/Desktop/CORTEX_A72_QEMU_FreeRTOS/Demo/TCP_QEMU_MMK/build//home/yanice/Desktop/CORTEX_A72_QEMU_FreeRTOS/Demo/TCP_QEMU_MMK/trace_time.o
 .comment       0x0000000000000000       0x2c /home/yanice/Desktop/CORTEX_A72_QEMU_FreeRTOS/Demo/TCP_QEMU_MMK/build//home/yanice/Desktop/CORTEX_A72_QEMU_FreeRTOS/Demo/TCP_QEMU_MMK/trace_time.o
 .note.GNU-stack
                0x0000000000000000        0x0 /home/yanice/Desktop/CORTEX_A72_QEMU_FreeRTOS/Demo/TCP_QEMU_MMK/build//home/yanice/Desktop/CORTEX_A72_QEMU_FreeRTOS/Demo/TCP_QEMU_MMK/trace_time.o
 .eh_frame      0x0000000000000000       0x58 /home/yanice/Desktop/CORTEX_A72_QEMU_FreeRTOS/Demo/TCP_QEMU_MMK/build//home/yanice/Desktop/CORTEX_A72_QEMU_FreeRTOS/Demo/TCP_QEMU_MMK/trace_time.o
 .text          0x0000000000000000        0x0 /home/yanice/Desktop/CORTEX_A72_QEMU_FreeRTOS/Demo/TCP_QEMU_MMK/build//home/yanice/Desktop/CORTEX_A72_QEMU_FreeRTOS/Demo/TCP_QEMU_MMK/main.o
 .data          0x0000000000000000        0x0 /home/yanice/Desktop/CORTEX_A72_QEMU_FreeRTOS/Demo/TCP_QEMU_MMK/build//home/yanice/Desktop/CORTEX_A72_QEMU_FreeRTOS/Demo/TCP_QEMU_MMK/main.o
 .bss           0x0000000000000000        0x0 /home/yanice/Desktop/CORTEX_A72_QEMU_FreeRTOS/Demo/TCP_QEMU_MMK/build//home/yanice/Desktop/CORTEX_A72_QEMU_FreeRTOS/Demo/TCP_QEMU_MMK/main.o
 .text.vApplicationIdleHook
                0x0000000000000000       0x20 /home/yanice/Desktop/CORTEX_A72_QEMU_FreeRTOS/Demo/TCP_QEMU_MMK/build//home/yanice/Desktop/CORTEX_A72_QEMU_FreeRTOS/Demo/TCP_QEMU_MMK/main.o
 .text.vRegisterIRQHandler
                0x0000000000000000       0x2c /home/yanice/Desktop/CORTEX_A72_QEMU_FreeRTOS/Demo/TCP_QEMU_MMK/build//home/yanice/Desktop/CORTEX_A72_QEMU_FreeRTOS/Demo/TCP_QEMU_MMK/main.o
 .eh_frame      0x0000000000000000      0x188 /home/yanice/Desktop/CORTEX_A72_QEMU_FreeRTOS/Demo/TCP_QEMU_MMK/build//home/yanice/Desktop/CORTEX_A72_QEMU_FreeRTOS/Demo/TCP_QEMU_MMK/main.o
 .text          0x0000000000000000        0x0 /home/yanice/Desktop/CORTEX_A72_QEMU_FreeRTOS/Demo/TCP_QEMU_MMK/build//home/yanice/Desktop/CORTEX_A72_QEMU_FreeRTOS/Demo/TCP_QEMU_MMK/main_blinky.o
 .data          0x0000000000000000        0x0 /home/yanice/Desktop/CORTEX_A72_QEMU_FreeRTOS/Demo/TCP_QEMU_MMK/build//home/yanice/Desktop/CORTEX_A72_QEMU_FreeRTOS/Demo/TCP_QEMU_MMK/main_blinky.o
 .bss           0x0000000000000000        0x0 /home/yanice/Desktop/CORTEX_A72_QEMU_FreeRTOS/Demo/TCP_QEMU_MMK/build//home/yanice/Desktop/CORTEX_A72_QEMU_FreeRTOS/Demo/TCP_QEMU_MMK/main_blinky.o
[...]
Memory Configuration

Name             Origin             Length             Attributes
rom              0x0000000040400000 0x0000000000080000 axr
ram              0x0000000040480000 0x0000000000080000 axw
*default*        0x0000000000000000 0xffffffffffffffff

Linker script and memory map

                0x00000000000003e8                __stack_size = 0x3e8
LOAD /home/yanice/Desktop/CORTEX_A72_QEMU_FreeRTOS/Demo/TCP_QEMU_MMK/build//home/yanice/Desktop/CORTEX_A72_QEMU_FreeRTOS/Demo/TCP_QEMU_MMK/main_network.o
LOAD /home/yanice/Desktop/CORTEX_A72_QEMU_FreeRTOS/Demo/TCP_QEMU_MMK/build//home/yanice/Desktop/CORTEX_A72_QEMU_FreeRTOS/Demo/TCP_QEMU_MMK/trace_time.o
LOAD /home/yanice/Desktop/CORTEX_A72_QEMU_FreeRTOS/Demo/TCP_QEMU_MMK/build//home/yanice/Desktop/CORTEX_A72_QEMU_FreeRTOS/Demo/TCP_QEMU_MMK/main.o
LOAD /home/yanice/Desktop/CORTEX_A72_QEMU_FreeRTOS/Demo/TCP_QEMU_MMK/build//home/yanice/Desktop/CORTEX_A72_QEMU_FreeRTOS/Demo/TCP_QEMU_MMK/main_blinky.o
LOAD /home/yanice/Desktop/CORTEX_A72_QEMU_FreeRTOS/Demo/TCP_QEMU_MMK/build/my_stdlib/src/my_mem.o
LOAD /home/yanice/Desktop/CORTEX_A72_QEMU_FreeRTOS/Demo/TCP_QEMU_MMK/build/my_stdlib/src/my_stdio.o
LOAD /home/yanice/Desktop/CORTEX_A72_QEMU_FreeRTOS/Demo/TCP_QEMU_MMK/build/libvirtio/helpers.o
LOAD /home/yanice/Desktop/CORTEX_A72_QEMU_FreeRTOS/Demo/TCP_QEMU_MMK/build/libvirtio/virtio-blk.o
LOAD /home/yanice/Desktop/CORTEX_A72_QEMU_FreeRTOS/Demo/TCP_QEMU_MMK/build/libvirtio/virtio-net.o
LOAD /home/yanice/Desktop/CORTEX_A72_QEMU_FreeRTOS/Demo/TCP_QEMU_MMK/build/libvirtio/virtio.o
LOAD /home/yanice/Desktop/CORTEX_A72_QEMU_FreeRTOS/Demo/TCP_QEMU_MMK/build//home/yanice/Desktop/FreeRTOS/FreeRTOS/Source/event_groups.o
LOAD /home/yanice/Desktop/CORTEX_A72_QEMU_FreeRTOS/Demo/TCP_QEMU_MMK/build//home/yanice/Desktop/FreeRTOS/FreeRTOS/Source/list.o
LOAD /home/yanice/Desktop/CORTEX_A72_QEMU_FreeRTOS/Demo/TCP_QEMU_MMK/build//home/yanice/Desktop/FreeRTOS/FreeRTOS/Source/queue.o
LOAD /home/yanice/Desktop/CORTEX_A72_QEMU_FreeRTOS/Demo/TCP_QEMU_MMK/build//home/yanice/Desktop/FreeRTOS/FreeRTOS/Source/stream_buffer.o
LOAD /home/yanice/Desktop/CORTEX_A72_QEMU_FreeRTOS/Demo/TCP_QEMU_MMK/build//home/yanice/Desktop/FreeRTOS/FreeRTOS/Source/tasks.o
LOAD /home/yanice/Desktop/CORTEX_A72_QEMU_FreeRTOS/Demo/TCP_QEMU_MMK/build//home/yanice/Desktop/FreeRTOS/FreeRTOS/Source/timers.o
LOAD /home/yanice/Desktop/CORTEX_A72_QEMU_FreeRTOS/Demo/TCP_QEMU_MMK/build//home/yanice/Desktop/CORTEX_A72_QEMU_FreeRTOS/Demo/Common/Minimal/EventGroupsDemo.o
LOAD /home/yanice/Desktop/CORTEX_A72_QEMU_FreeRTOS/Demo/TCP_QEMU_MMK/build//home/yanice/Desktop/CORTEX_A72_QEMU_FreeRTOS/Demo/Common/Minimal/TaskNotify.o
LOAD /home/yanice/Desktop/CORTEX_A72_QEMU_FreeRTOS/Demo/TCP_QEMU_MMK/build//home/yanice/Desktop/CORTEX_A72_QEMU_FreeRTOS/Demo/Common/Minimal/TimerDemo.o
LOAD /home/yanice/Desktop/CORTEX_A72_QEMU_FreeRTOS/Demo/TCP_QEMU_MMK/build//home/yanice/Desktop/CORTEX_A72_QEMU_FreeRTOS/Demo/Common/Minimal/blocktim.o
LOAD /home/yanice/Desktop/CORTEX_A72_QEMU_FreeRTOS/Demo/TCP_QEMU_MMK/build//home/yanice/Desktop/CORTEX_A72_QEMU_FreeRTOS/Demo/Common/Minimal/dynamic.o
LOAD /home/yanice/Desktop/CORTEX_A72_QEMU_FreeRTOS/Demo/TCP_QEMU_MMK/build//home/yanice/Desktop/CORTEX_A72_QEMU_FreeRTOS/Demo/Common/Minimal/recmutex.o
LOAD /home/yanice/Desktop/CORTEX_A72_QEMU_FreeRTOS/Demo/TCP_QEMU_MMK/build//home/yanice/Desktop/CORTEX_A72_QEMU_FreeRTOS/Port/GCC/ARM_AARCH64_QEMU/port.o
LOAD /home/yanice/Desktop/CORTEX_A72_QEMU_FreeRTOS/Demo/TCP_QEMU_MMK/build//home/yanice/Desktop/CORTEX_A72_QEMU_FreeRTOS/Port/GCC/ARM_AARCH64_QEMU/Drivers/src/gic_v3.o
LOAD /home/yanice/Desktop/CORTEX_A72_QEMU_FreeRTOS/Demo/TCP_QEMU_MMK/build//home/yanice/Desktop/CORTEX_A72_QEMU_FreeRTOS/Port/GCC/ARM_AARCH64_QEMU/Drivers/src/uart.o
LOAD /home/yanice/Desktop/CORTEX_A72_QEMU_FreeRTOS/Demo/TCP_QEMU_MMK/build//home/yanice/Desktop/CORTEX_A72_QEMU_FreeRTOS/Port/GCC/ARM_AARCH64_QEMU/heap_4.o
LOAD /home/yanice/Desktop/CORTEX_A72_QEMU_FreeRTOS/Demo/TCP_QEMU_MMK/build//home/yanice/Desktop/FreeRTOS/FreeRTOS-Plus/Source/FreeRTOS-Plus-TCP/source/FreeRTOS_TCP_Utils_IPv6.o
LOAD /home/yanice/Desktop/CORTEX_A72_QEMU_FreeRTOS/Demo/TCP_QEMU_MMK/build//home/yanice/Desktop/FreeRTOS/FreeRTOS-Plus/Source/FreeRTOS-Plus-TCP/source/FreeRTOS_TCP_State_Handling_IPv4.o
LOAD /home/yanice/Desktop/CORTEX_A72_QEMU_FreeRTOS/Demo/TCP_QEMU_MMK/build//home/yanice/Desktop/FreeRTOS/FreeRTOS-Plus/Source/FreeRTOS-Plus-TCP/source/FreeRTOS_IP_Timers.o
LOAD /home/yanice/Desktop/CORTEX_A72_QEMU_FreeRTOS/Demo/TCP_QEMU_MMK/build//home/yanice/Desktop/FreeRTOS/FreeRTOS-Plus/Source/FreeRTOS-Plus-TCP/source/FreeRTOS_TCP_Reception.o
LOAD /home/yanice/Desktop/CORTEX_A72_QEMU_FreeRTOS/Demo/TCP_QEMU_MMK/build//home/yanice/Desktop/FreeRTOS/FreeRTOS-Plus/Source/FreeRTOS-Plus-TCP/source/FreeRTOS_DNS.o
LOAD /home/yanice/Desktop/CORTEX_A72_QEMU_FreeRTOS/Demo/TCP_QEMU_MMK/build//home/yanice/Desktop/FreeRTOS/FreeRTOS-Plus/Source/FreeRTOS-Plus-TCP/source/FreeRTOS_TCP_Utils.o
LOAD /home/yanice/Desktop/CORTEX_A72_QEMU_FreeRTOS/Demo/TCP_QEMU_MMK/build//home/yanice/Desktop/FreeRTOS/FreeRTOS-Plus/Source/FreeRTOS-Plus-TCP/source/FreeRTOS_DNS_Networking.o
LOAD /home/yanice/Desktop/CORTEX_A72_QEMU_FreeRTOS/Demo/TCP_QEMU_MMK/build//home/yanice/Desktop/FreeRTOS/FreeRTOS-Plus/Source/FreeRTOS-Plus-TCP/source/FreeRTOS_DHCPv6.o
LOAD /home/yanice/Desktop/CORTEX_A72_QEMU_FreeRTOS/Demo/TCP_QEMU_MMK/build//home/yanice/Desktop/FreeRTOS/FreeRTOS-Plus/Source/FreeRTOS-Plus-TCP/source/FreeRTOS_TCP_Transmission_IPv4.o
LOAD /home/yanice/Desktop/CORTEX_A72_QEMU_FreeRTOS/Demo/TCP_QEMU_MMK/build//home/yanice/Desktop/FreeRTOS/FreeRTOS-Plus/Source/FreeRTOS-Plus-TCP/source/FreeRTOS_IPv4_Sockets.o
LOAD /home/yanice/Desktop/CORTEX_A72_QEMU_FreeRTOS/Demo/TCP_QEMU_MMK/build//home/yanice/Desktop/FreeRTOS/FreeRTOS-Plus/Source/FreeRTOS-Plus-TCP/source/FreeRTOS_DNS_Parser.o
LOAD /home/yanice/Desktop/CORTEX_A72_QEMU_FreeRTOS/Demo/TCP_QEMU_MMK/build//home/yanice/Desktop/FreeRTOS/FreeRTOS-Plus/Source/FreeRTOS-Plus-TCP/source/FreeRTOS_DNS_Cache.o
LOAD /home/yanice/Desktop/CORTEX_A72_QEMU_FreeRTOS/Demo/TCP_QEMU_MMK/build//home/yanice/Desktop/FreeRTOS/FreeRTOS-Plus/Source/FreeRTOS-Plus-TCP/source/FreeRTOS_TCP_IP_IPv6.o
LOAD /home/yanice/Desktop/CORTEX_A72_QEMU_FreeRTOS/Demo/TCP_QEMU_MMK/build//home/yanice/Desktop/FreeRTOS/FreeRTOS-Plus/Source/FreeRTOS-Plus-TCP/source/FreeRTOS_TCP_State_Handling.o
LOAD /home/yanice/Desktop/CORTEX_A72_QEMU_FreeRTOS/Demo/TCP_QEMU_MMK/build//home/yanice/Desktop/FreeRTOS/FreeRTOS-Plus/Source/FreeRTOS-Plus-TCP/source/FreeRTOS_ND.o
LOAD /home/yanice/Desktop/CORTEX_A72_QEMU_FreeRTOS/Demo/TCP_QEMU_MMK/build//home/yanice/Desktop/FreeRTOS/FreeRTOS-Plus/Source/FreeRTOS-Plus-TCP/source/FreeRTOS_DNS_Callback.o
LOAD /home/yanice/Desktop/CORTEX_A72_QEMU_FreeRTOS/Demo/TCP_QEMU_MMK/build//home/yanice/Desktop/FreeRTOS/FreeRTOS-Plus/Source/FreeRTOS-Plus-TCP/source/FreeRTOS_IPv6_Utils.o
LOAD /home/yanice/Desktop/CORTEX_A72_QEMU_FreeRTOS/Demo/TCP_QEMU_MMK/build//home/yanice/Desktop/FreeRTOS/FreeRTOS-Plus/Source/FreeRTOS-Plus-TCP/source/FreeRTOS_TCP_WIN.o
LOAD /home/yanice/Desktop/CORTEX_A72_QEMU_FreeRTOS/Demo/TCP_QEMU_MMK/build//home/yanice/Desktop/FreeRTOS/FreeRTOS-Plus/Source/FreeRTOS-Plus-TCP/source/FreeRTOS_Stream_Buffer.o
LOAD /home/yanice/Desktop/CORTEX_A72_QEMU_FreeRTOS/Demo/TCP_QEMU_MMK/build//home/yanice/Desktop/FreeRTOS/FreeRTOS-Plus/Source/FreeRTOS-Plus-TCP/source/FreeRTOS_Sockets.o
LOAD /home/yanice/Desktop/CORTEX_A72_QEMU_FreeRTOS/Demo/TCP_QEMU_MMK/build//home/yanice/Desktop/FreeRTOS/FreeRTOS-Plus/Source/FreeRTOS-Plus-TCP/source/FreeRTOS_IPv6.o
LOAD /home/yanice/Desktop/CORTEX_A72_QEMU_FreeRTOS/Demo/TCP_QEMU_MMK/build//home/yanice/Desktop/FreeRTOS/FreeRTOS-Plus/Source/FreeRTOS-Plus-TCP/source/FreeRTOS_IP.o
LOAD /home/yanice/Desktop/CORTEX_A72_QEMU_FreeRTOS/Demo/TCP_QEMU_MMK/build//home/yanice/Desktop/FreeRTOS/FreeRTOS-Plus/Source/FreeRTOS-Plus-TCP/source/FreeRTOS_TCP_Transmission.o
LOAD /home/yanice/Desktop/CORTEX_A72_QEMU_FreeRTOS/Demo/TCP_QEMU_MMK/build//home/yanice/Desktop/FreeRTOS/FreeRTOS-Plus/Source/FreeRTOS-Plus-TCP/source/FreeRTOS_TCP_IP_IPv4.o
LOAD /home/yanice/Desktop/CORTEX_A72_QEMU_FreeRTOS/Demo/TCP_QEMU_MMK/build//home/yanice/Desktop/FreeRTOS/FreeRTOS-Plus/Source/FreeRTOS-Plus-TCP/source/FreeRTOS_Tiny_TCP.o
LOAD /home/yanice/Desktop/CORTEX_A72_QEMU_FreeRTOS/Demo/TCP_QEMU_MMK/build//home/yanice/Desktop/FreeRTOS/FreeRTOS-Plus/Source/FreeRTOS-Plus-TCP/source/FreeRTOS_Routing.o
LOAD /home/yanice/Desktop/CORTEX_A72_QEMU_FreeRTOS/Demo/TCP_QEMU_MMK/build//home/yanice/Desktop/FreeRTOS/FreeRTOS-Plus/Source/FreeRTOS-Plus-TCP/source/FreeRTOS_ICMP.o
LOAD /home/yanice/Desktop/CORTEX_A72_QEMU_FreeRTOS/Demo/TCP_QEMU_MMK/build//home/yanice/Desktop/FreeRTOS/FreeRTOS-Plus/Source/FreeRTOS-Plus-TCP/source/FreeRTOS_UDP_IP.o
LOAD /home/yanice/Desktop/CORTEX_A72_QEMU_FreeRTOS/Demo/TCP_QEMU_MMK/build//home/yanice/Desktop/FreeRTOS/FreeRTOS-Plus/Source/FreeRTOS-Plus-TCP/source/FreeRTOS_IP_Utils.o
LOAD /home/yanice/Desktop/CORTEX_A72_QEMU_FreeRTOS/Demo/TCP_QEMU_MMK/build//home/yanice/Desktop/FreeRTOS/FreeRTOS-Plus/Source/FreeRTOS-Plus-TCP/source/FreeRTOS_IPv4_Utils.o
LOAD /home/yanice/Desktop/CORTEX_A72_QEMU_FreeRTOS/Demo/TCP_QEMU_MMK/build//home/yanice/Desktop/FreeRTOS/FreeRTOS-Plus/Source/FreeRTOS-Plus-TCP/source/FreeRTOS_UDP_IPv6.o
LOAD /home/yanice/Desktop/CORTEX_A72_QEMU_FreeRTOS/Demo/TCP_QEMU_MMK/build//home/yanice/Desktop/FreeRTOS/FreeRTOS-Plus/Source/FreeRTOS-Plus-TCP/source/FreeRTOS_TCP_State_Handling_IPv6.o
LOAD /home/yanice/Desktop/CORTEX_A72_QEMU_FreeRTOS/Demo/TCP_QEMU_MMK/build//home/yanice/Desktop/FreeRTOS/FreeRTOS-Plus/Source/FreeRTOS-Plus-TCP/source/FreeRTOS_IPv4.o
LOAD /home/yanice/Desktop/CORTEX_A72_QEMU_FreeRTOS/Demo/TCP_QEMU_MMK/build//home/yanice/Desktop/FreeRTOS/FreeRTOS-Plus/Source/FreeRTOS-Plus-TCP/source/FreeRTOS_DHCP.o
LOAD /home/yanice/Desktop/CORTEX_A72_QEMU_FreeRTOS/Demo/TCP_QEMU_MMK/build//home/yanice/Desktop/FreeRTOS/FreeRTOS-Plus/Source/FreeRTOS-Plus-TCP/source/FreeRTOS_RA.o
LOAD /home/yanice/Desktop/CORTEX_A72_QEMU_FreeRTOS/Demo/TCP_QEMU_MMK/build//home/yanice/Desktop/FreeRTOS/FreeRTOS-Plus/Source/FreeRTOS-Plus-TCP/source/FreeRTOS_BitConfig.o
LOAD /home/yanice/Desktop/CORTEX_A72_QEMU_FreeRTOS/Demo/TCP_QEMU_MMK/build//home/yanice/Desktop/FreeRTOS/FreeRTOS-Plus/Source/FreeRTOS-Plus-TCP/source/FreeRTOS_UDP_IPv4.o
LOAD /home/yanice/Desktop/CORTEX_A72_QEMU_FreeRTOS/Demo/TCP_QEMU_MMK/build//home/yanice/Desktop/FreeRTOS/FreeRTOS-Plus/Source/FreeRTOS-Plus-TCP/source/FreeRTOS_TCP_IP.o
LOAD /home/yanice/Desktop/CORTEX_A72_QEMU_FreeRTOS/Demo/TCP_QEMU_MMK/build//home/yanice/Desktop/FreeRTOS/FreeRTOS-Plus/Source/FreeRTOS-Plus-TCP/source/FreeRTOS_ARP.o
LOAD /home/yanice/Desktop/CORTEX_A72_QEMU_FreeRTOS/Demo/TCP_QEMU_MMK/build//home/yanice/Desktop/FreeRTOS/FreeRTOS-Plus/Source/FreeRTOS-Plus-TCP/source/FreeRTOS_TCP_Transmission_IPv6.o
LOAD /home/yanice/Desktop/CORTEX_A72_QEMU_FreeRTOS/Demo/TCP_QEMU_MMK/build//home/yanice/Desktop/FreeRTOS/FreeRTOS-Plus/Source/FreeRTOS-Plus-TCP/source/FreeRTOS_TCP_Utils_IPv4.o
LOAD /home/yanice/Desktop/CORTEX_A72_QEMU_FreeRTOS/Demo/TCP_QEMU_MMK/build//home/yanice/Desktop/FreeRTOS/FreeRTOS-Plus/Source/FreeRTOS-Plus-TCP/source/FreeRTOS_IPv6_Sockets.o
LOAD /home/yanice/Desktop/CORTEX_A72_QEMU_FreeRTOS/Demo/TCP_QEMU_MMK/build//home/yanice/Desktop/FreeRTOS/FreeRTOS-Plus/Source/FreeRTOS-Plus-TCP/source/portable/BufferManagement/BufferAllocation_2.o
LOAD /home/yanice/Desktop/CORTEX_A72_QEMU_FreeRTOS/Demo/TCP_QEMU_MMK/build//home/yanice/Desktop/FreeRTOS/FreeRTOS-Plus/Source/FreeRTOS-Plus-TCP/source/portable/NetworkInterface/MPS2_AN385/NetworkInterface.o
LOAD /home/yanice/Desktop/CORTEX_A72_QEMU_FreeRTOS/Demo/TCP_QEMU_MMK/build//home/yanice/Desktop/FreeRTOS/FreeRTOS-Plus/Source/FreeRTOS-Plus-TCP/source/portable/NetworkInterface/MPS2_AN385/ether_lan9118/smsc9220_eth_drv.o
LOAD /home/yanice/Desktop/CORTEX_A72_QEMU_FreeRTOS/Demo/TCP_QEMU_MMK/build/start.o
LOAD /home/yanice/Desktop/CORTEX_A72_QEMU_FreeRTOS/Demo/TCP_QEMU_MMK/build/vector.o
LOAD /home/yanice/Desktop/CORTEX_A72_QEMU_FreeRTOS/Demo/TCP_QEMU_MMK/build//home/yanice/Desktop/CORTEX_A72_QEMU_FreeRTOS/Port/GCC/ARM_AARCH64_QEMU/portASM.o
                0x0000000040400000                . = 0x40400000

.init           0x0000000040400000      0x1a8
                0x0000000040400000                _text = .
 *(SORT_NONE(.init))
 .init          0x0000000040400000      0x1a8 /home/yanice/Desktop/CORTEX_A72_QEMU_FreeRTOS/Demo/TCP_QEMU_MMK/build/start.o
                0x0000000040400000                _start

.text           0x0000000040400800    0x18ef8
 *(.text.unlikely .text.unlikely.*)
 *(.text.startup .text.startup.*)
 *(.text .text.*)
 .text.vApplicationIPNetworkEventHook
                0x0000000040400800       0x3c /home/yanice/Desktop/CORTEX_A72_QEMU_FreeRTOS/Demo/TCP_QEMU_MMK/build//home/yanice/Desktop/CORTEX_A72_QEMU_FreeRTOS/Demo/TCP_QEMU_MMK/main_network.o
                0x0000000040400800                vApplicationIPNetworkEventHook
 .text.ulApplicationGetNextSequenceNumber
                0x000000004040083c       0x68 /home/yanice/Desktop/CORTEX_A72_QEMU_FreeRTOS/Demo/TCP_QEMU_MMK/build//home/yanice/Desktop/CORTEX_A72_QEMU_FreeRTOS/Demo/TCP_QEMU_MMK/main_network.o
                0x000000004040083c                ulApplicationGetNextSequenceNumber
 .text.vTCPServerTask
                0x00000000404008a4       0xf4 /home/yanice/Desktop/CORTEX_A72_QEMU_FreeRTOS/Demo/TCP_QEMU_MMK/build//home/yanice/Desktop/CORTEX_A72_QEMU_FreeRTOS/Demo/TCP_QEMU_MMK/main_network.o
                0x00000000404008a4                vTCPServerTask
 .text.main_network
                0x0000000040400998       0x88 /home/yanice/Desktop/CORTEX_A72_QEMU_FreeRTOS/Demo/TCP_QEMU_MMK/build//home/yanice/Desktop/CORTEX_A72_QEMU_FreeRTOS/Demo/TCP_QEMU_MMK/main_network.o
                0x0000000040400998                main_network
 .text.vConfigureTickInterrupt
                0x0000000040400a20       0x64 /home/yanice/Desktop/CORTEX_A72_QEMU_FreeRTOS/Demo/TCP_QEMU_MMK/build//home/yanice/Desktop/CORTEX_A72_QEMU_FreeRTOS/Demo/TCP_QEMU_MMK/main.o
                0x0000000040400a20                vConfigureTickInterrupt
 .text.vClearTickInterrupt
                0x0000000040400a84       0x44 /home/yanice/Desktop/CORTEX_A72_QEMU_FreeRTOS/Demo/TCP_QEMU_MMK/build//home/yanice/Desktop/CORTEX_A72_QEMU_FreeRTOS/Demo/TCP_QEMU_MMK/main.o
                0x0000000040400a84                vClearTickInterrupt
 .text.FreeRTOS_Error_Handler
                0x0000000040400ac8       0x68 /home/yanice/Desktop/CORTEX_A72_QEMU_FreeRTOS/Demo/TCP_QEMU_MMK/build//home/yanice/Desktop/CORTEX_A72_QEMU_FreeRTOS/Demo/TCP_QEMU_MMK/main.o
                0x0000000040400ac8                FreeRTOS_Error_Handler
 .text.FreeRTOS_SYNC_Handler
                0x0000000040400b30       0x28 /home/yanice/Desktop/CORTEX_A72_QEMU_FreeRTOS/Demo/TCP_QEMU_MMK/build//home/yanice/Desktop/CORTEX_A72_QEMU_FreeRTOS/Demo/TCP_QEMU_MMK/main.o
                0x0000000040400b30                FreeRTOS_SYNC_Handler
 .text.main     0x0000000040400b58       0x30 /home/yanice/Desktop/CORTEX_A72_QEMU_FreeRTOS/Demo/TCP_QEMU_MMK/build//home/yanice/Desktop/CORTEX_A72_QEMU_FreeRTOS/Demo/TCP_QEMU_MMK/main.o
                0x0000000040400b58                main
 .text.xApplicationGetRandomNumber
                0x0000000040400b88       0x58 /home/yanice/Desktop/CORTEX_A72_QEMU_FreeRTOS/Demo/TCP_QEMU_MMK/build//home/yanice/Desktop/CORTEX_A72_QEMU_FreeRTOS/Demo/TCP_QEMU_MMK/main.o
                0x0000000040400b88                xApplicationGetRandomNumber
 .text.vApplicationMallocFailedHook
                0x0000000040400be0       0x24 /home/yanice/Desktop/CORTEX_A72_QEMU_FreeRTOS/Demo/TCP_QEMU_MMK/build//home/yanice/Desktop/CORTEX_A72_QEMU_FreeRTOS/Demo/TCP_QEMU_MMK/main.o
                0x0000000040400be0                vApplicationMallocFailedHook
 .text.vApplicationStackOverflowHook
                0x0000000040400c04       0x2c /home/yanice/Desktop/CORTEX_A72_QEMU_FreeRTOS/Demo/TCP_QEMU_MMK/build//home/yanice/Desktop/CORTEX_A72_QEMU_FreeRTOS/Demo/TCP_QEMU_MMK/main.o
                0x0000000040400c04                vApplicationStackOverflowHook
 .text.vApplicationTickHook
                0x0000000040400c30        0x8 /home/yanice/Desktop/CORTEX_A72_QEMU_FreeRTOS/Demo/TCP_QEMU_MMK/build//home/yanice/Desktop/CORTEX_A72_QEMU_FreeRTOS/Demo/TCP_QEMU_MMK/main.o
                0x0000000040400c30                vApplicationTickHook
 .text.vTaskSwitchHook
                0x0000000040400c38       0x14 /home/yanice/Desktop/CORTEX_A72_QEMU_FreeRTOS/Demo/TCP_QEMU_MMK/build//home/yanice/Desktop/CORTEX_A72_QEMU_FreeRTOS/Demo/TCP_QEMU_MMK/main.o
                0x0000000040400c38                vTaskSwitchHook
 .text.vAssertCalled
                0x0000000040400c4c       0x44 /home/yanice/Desktop/CORTEX_A72_QEMU_FreeRTOS/Demo/TCP_QEMU_MMK/build//home/yanice/Desktop/CORTEX_A72_QEMU_FreeRTOS/Demo/TCP_QEMU_MMK/main.o
                0x0000000040400c4c                vAssertCalled
 .text.vApplicationIRQHandler
                0x0000000040400c90       0x14 /home/yanice/Desktop/CORTEX_A72_QEMU_FreeRTOS/Demo/TCP_QEMU_MMK/build//home/yanice/Desktop/CORTEX_A72_QEMU_FreeRTOS/Demo/TCP_QEMU_MMK/main.o
                0x0000000040400c90                vApplicationIRQHandler
 .text.memset   0x0000000040400ca4       0x5c /home/yanice/Desktop/CORTEX_A72_QEMU_FreeRTOS/Demo/TCP_QEMU_MMK/build/my_stdlib/src/my_mem.o
                0x0000000040400ca4                memset
 .text.memcpy   0x0000000040400d00       0x70 /home/yanice/Desktop/CORTEX_A72_QEMU_FreeRTOS/Demo/TCP_QEMU_MMK/build/my_stdlib/src/my_mem.o
                0x0000000040400d00                memcpy
 .text.memmove  0x0000000040400d70       0x70 /home/yanice/Desktop/CORTEX_A72_QEMU_FreeRTOS/Demo/TCP_QEMU_MMK/build/my_stdlib/src/my_mem.o
                0x0000000040400d70                memmove
 .text.memcmp   0x0000000040400de0       0xa0 /home/yanice/Desktop/CORTEX_A72_QEMU_FreeRTOS/Demo/TCP_QEMU_MMK/build/my_stdlib/src/my_mem.o
                0x0000000040400de0                memcmp
 .text.vSendString
                0x0000000040400e80       0x80 /home/yanice/Desktop/CORTEX_A72_QEMU_FreeRTOS/Demo/TCP_QEMU_MMK/build/my_stdlib/src/my_stdio.o
                0x0000000040400e80                vSendString
 .text.vSendStringISR
                0x0000000040400f00       0x78 /home/yanice/Desktop/CORTEX_A72_QEMU_FreeRTOS/Demo/TCP_QEMU_MMK/build/my_stdlib/src/my_stdio.o
                0x0000000040400f00                vSendStringISR
 .text.intToHex
                0x0000000040400f78      0x158 /home/yanice/Desktop/CORTEX_A72_QEMU_FreeRTOS/Demo/TCP_QEMU_MMK/build/my_stdlib/src/my_stdio.o
                0x0000000040400f78                intToHex
 .text.printHexISR
                0x00000000404010d0       0x44 /home/yanice/Desktop/CORTEX_A72_QEMU_FreeRTOS/Demo/TCP_QEMU_MMK/build/my_stdlib/src/my_stdio.o
                0x00000000404010d0                printHexISR
 .text._div     0x0000000040401114       0x58 /home/yanice/Desktop/CORTEX_A72_QEMU_FreeRTOS/Demo/TCP_QEMU_MMK/build/my_stdlib/src/my_stdio.o
                0x0000000040401114                _div
 .text.Test_strnlen
                0x000000004040116c       0x5c /home/yanice/Desktop/CORTEX_A72_QEMU_FreeRTOS/Demo/TCP_QEMU_MMK/build/my_stdlib/src/my_stdio.o
                0x000000004040116c                Test_strnlen
 .text.isdigit  0x00000000404011c8       0x34 /home/yanice/Desktop/CORTEX_A72_QEMU_FreeRTOS/Demo/TCP_QEMU_MMK/build/my_stdlib/src/my_stdio.o
 .text.skip_atoi
                0x00000000404011fc       0x74 /home/yanice/Desktop/CORTEX_A72_QEMU_FreeRTOS/Demo/TCP_QEMU_MMK/build/my_stdlib/src/my_stdio.o
 .text.Test_number
                0x0000000040401270      0x3b4 /home/yanice/Desktop/CORTEX_A72_QEMU_FreeRTOS/Demo/TCP_QEMU_MMK/build/my_stdlib/src/my_stdio.o
 .text.Test_vsnprintf
                0x0000000040401624      0x9e0 /home/yanice/Desktop/CORTEX_A72_QEMU_FreeRTOS/Demo/TCP_QEMU_MMK/build/my_stdlib/src/my_stdio.o
                0x0000000040401624                Test_vsnprintf
 .text.snprintf
                0x0000000040402004       0x8c /home/yanice/Desktop/CORTEX_A72_QEMU_FreeRTOS/Demo/TCP_QEMU_MMK/build/my_stdlib/src/my_stdio.o
                0x0000000040402004                snprintf
 .text.printf   0x0000000040402090       0xb4 /home/yanice/Desktop/CORTEX_A72_QEMU_FreeRTOS/Demo/TCP_QEMU_MMK/build/my_stdlib/src/my_stdio.o
                0x0000000040402090                printf
 .text.xEventGroupCreate
                0x0000000040402144       0x40 /home/yanice/Desktop/CORTEX_A72_QEMU_FreeRTOS/Demo/TCP_QEMU_MMK/build//home/yanice/Desktop/FreeRTOS/FreeRTOS/Source/event_groups.o
                0x0000000040402144                xEventGroupCreate
 .text.xEventGroupWaitBits
                0x0000000040402184      0x20c /home/yanice/Desktop/CORTEX_A72_QEMU_FreeRTOS/Demo/TCP_QEMU_MMK/build//home/yanice/Desktop/FreeRTOS/FreeRTOS/Source/event_groups.o
                0x0000000040402184                xEventGroupWaitBits
 .text.xEventGroupClearBits
                0x0000000040402390       0x78 /home/yanice/Desktop/CORTEX_A72_QEMU_FreeRTOS/Demo/TCP_QEMU_MMK/build//home/yanice/Desktop/FreeRTOS/FreeRTOS/Source/event_groups.o
                0x0000000040402390                xEventGroupClearBits
 .text.xEventGroupSetBits
                0x0000000040402408      0x1a0 /home/yanice/Desktop/CORTEX_A72_QEMU_FreeRTOS/Demo/TCP_QEMU_MMK/build//home/yanice/Desktop/FreeRTOS/FreeRTOS/Source/event_groups.o
                0x0000000040402408                xEventGroupSetBits
 .text.vEventGroupDelete
                0x00000000404025a8       0x8c /home/yanice/Desktop/CORTEX_A72_QEMU_FreeRTOS/Demo/TCP_QEMU_MMK/build//home/yanice/Desktop/FreeRTOS/FreeRTOS/Source/event_groups.o
                0x00000000404025a8                vEventGroupDelete
 .text.prvTestWaitCondition
                0x0000000040402634       0x6c /home/yanice/Desktop/CORTEX_A72_QEMU_FreeRTOS/Demo/TCP_QEMU_MMK/build//home/yanice/Desktop/FreeRTOS/FreeRTOS/Source/event_groups.o
 .text.vListInitialise
                0x00000000404026a0       0x58 /home/yanice/Desktop/CORTEX_A72_QEMU_FreeRTOS/Demo/TCP_QEMU_MMK/build//home/yanice/Desktop/FreeRTOS/FreeRTOS/Source/list.o
                0x00000000404026a0                vListInitialise
 .text.vListInitialiseItem
                0x00000000404026f8       0x1c /home/yanice/Desktop/CORTEX_A72_QEMU_FreeRTOS/Demo/TCP_QEMU_MMK/build//home/yanice/Desktop/FreeRTOS/FreeRTOS/Source/list.o
                0x00000000404026f8                vListInitialiseItem
 .text.vListInsertEnd
                0x0000000040402714       0x7c /home/yanice/Desktop/CORTEX_A72_QEMU_FreeRTOS/Demo/TCP_QEMU_MMK/build//home/yanice/Desktop/FreeRTOS/FreeRTOS/Source/list.o
                0x0000000040402714                vListInsertEnd
 .text.vListInsert
                0x0000000040402790       0xd0 /home/yanice/Desktop/CORTEX_A72_QEMU_FreeRTOS/Demo/TCP_QEMU_MMK/build//home/yanice/Desktop/FreeRTOS/FreeRTOS/Source/list.o
                0x0000000040402790                vListInsert
 .text.uxListRemove
                0x0000000040402860       0x8c /home/yanice/Desktop/CORTEX_A72_QEMU_FreeRTOS/Demo/TCP_QEMU_MMK/build//home/yanice/Desktop/FreeRTOS/FreeRTOS/Source/list.o
                0x0000000040402860                uxListRemove
 .text.xQueueGenericReset
                0x00000000404028ec      0x17c /home/yanice/Desktop/CORTEX_A72_QEMU_FreeRTOS/Demo/TCP_QEMU_MMK/build//home/yanice/Desktop/FreeRTOS/FreeRTOS/Source/queue.o
                0x00000000404028ec                xQueueGenericReset
 .text.xQueueGenericCreate
                0x0000000040402a68       0xd8 /home/yanice/Desktop/CORTEX_A72_QEMU_FreeRTOS/Demo/TCP_QEMU_MMK/build//home/yanice/Desktop/FreeRTOS/FreeRTOS/Source/queue.o
                0x0000000040402a68                xQueueGenericCreate
 .text.prvInitialiseNewQueue
                0x0000000040402b40       0x80 /home/yanice/Desktop/CORTEX_A72_QEMU_FreeRTOS/Demo/TCP_QEMU_MMK/build//home/yanice/Desktop/FreeRTOS/FreeRTOS/Source/queue.o
 .text.xQueueCreateCountingSemaphore
                0x0000000040402bc0       0x7c /home/yanice/Desktop/CORTEX_A72_QEMU_FreeRTOS/Demo/TCP_QEMU_MMK/build//home/yanice/Desktop/FreeRTOS/FreeRTOS/Source/queue.o
                0x0000000040402bc0                xQueueCreateCountingSemaphore
 .text.xQueueGenericSend
                0x0000000040402c3c      0x208 /home/yanice/Desktop/CORTEX_A72_QEMU_FreeRTOS/Demo/TCP_QEMU_MMK/build//home/yanice/Desktop/FreeRTOS/FreeRTOS/Source/queue.o
                0x0000000040402c3c                xQueueGenericSend
 .text.xQueueReceive
                0x0000000040402e44      0x1dc /home/yanice/Desktop/CORTEX_A72_QEMU_FreeRTOS/Demo/TCP_QEMU_MMK/build//home/yanice/Desktop/FreeRTOS/FreeRTOS/Source/queue.o
                0x0000000040402e44                xQueueReceive
 .text.xQueueSemaphoreTake
                0x0000000040403020      0x23c /home/yanice/Desktop/CORTEX_A72_QEMU_FreeRTOS/Demo/TCP_QEMU_MMK/build//home/yanice/Desktop/FreeRTOS/FreeRTOS/Source/queue.o
                0x0000000040403020                xQueueSemaphoreTake
 .text.uxQueueMessagesWaiting
                0x000000004040325c       0x3c /home/yanice/Desktop/CORTEX_A72_QEMU_FreeRTOS/Demo/TCP_QEMU_MMK/build//home/yanice/Desktop/FreeRTOS/FreeRTOS/Source/queue.o
                0x000000004040325c                uxQueueMessagesWaiting
 .text.vQueueDelete
                0x0000000040403298       0x40 /home/yanice/Desktop/CORTEX_A72_QEMU_FreeRTOS/Demo/TCP_QEMU_MMK/build//home/yanice/Desktop/FreeRTOS/FreeRTOS/Source/queue.o
                0x0000000040403298                vQueueDelete
 .text.prvGetHighestPriorityOfWaitToReceiveList
                0x00000000404032d8       0x44 /home/yanice/Desktop/CORTEX_A72_QEMU_FreeRTOS/Demo/TCP_QEMU_MMK/build//home/yanice/Desktop/FreeRTOS/FreeRTOS/Source/queue.o
 .text.prvCopyDataToQueue
                0x000000004040331c      0x18c /home/yanice/Desktop/CORTEX_A72_QEMU_FreeRTOS/Demo/TCP_QEMU_MMK/build//home/yanice/Desktop/FreeRTOS/FreeRTOS/Source/queue.o
 .text.prvCopyDataFromQueue
                0x00000000404034a8       0x8c /home/yanice/Desktop/CORTEX_A72_QEMU_FreeRTOS/Demo/TCP_QEMU_MMK/build//home/yanice/Desktop/FreeRTOS/FreeRTOS/Source/queue.o
 .text.prvUnlockQueue
                0x0000000040403534       0xf8 /home/yanice/Desktop/CORTEX_A72_QEMU_FreeRTOS/Demo/TCP_QEMU_MMK/build//home/yanice/Desktop/FreeRTOS/FreeRTOS/Source/queue.o
 .text.prvIsQueueEmpty
                0x000000004040362c       0x40 /home/yanice/Desktop/CORTEX_A72_QEMU_FreeRTOS/Demo/TCP_QEMU_MMK/build//home/yanice/Desktop/FreeRTOS/FreeRTOS/Source/queue.o
 .text.prvIsQueueFull
                0x000000004040366c       0x48 /home/yanice/Desktop/CORTEX_A72_QEMU_FreeRTOS/Demo/TCP_QEMU_MMK/build//home/yanice/Desktop/FreeRTOS/FreeRTOS/Source/queue.o
 .text.vQueueAddToRegistry
                0x00000000404036b4      0x104 /home/yanice/Desktop/CORTEX_A72_QEMU_FreeRTOS/Demo/TCP_QEMU_MMK/build//home/yanice/Desktop/FreeRTOS/FreeRTOS/Source/queue.o
                0x00000000404036b4                vQueueAddToRegistry
 .text.vQueueUnregisterQueue
                0x00000000404037b8       0xa4 /home/yanice/Desktop/CORTEX_A72_QEMU_FreeRTOS/Demo/TCP_QEMU_MMK/build//home/yanice/Desktop/FreeRTOS/FreeRTOS/Source/queue.o
                0x00000000404037b8                vQueueUnregisterQueue
 .text.vQueueWaitForMessageRestricted
                0x000000004040385c       0x94 /home/yanice/Desktop/CORTEX_A72_QEMU_FreeRTOS/Demo/TCP_QEMU_MMK/build//home/yanice/Desktop/FreeRTOS/FreeRTOS/Source/queue.o
                0x000000004040385c                vQueueWaitForMessageRestricted
 .text.r_cntvct_el0
                0x00000000404038f0       0x18 /home/yanice/Desktop/CORTEX_A72_QEMU_FreeRTOS/Demo/TCP_QEMU_MMK/build//home/yanice/Desktop/FreeRTOS/FreeRTOS/Source/tasks.o
 .text.prvCreateTask
                0x0000000040403908       0xc0 /home/yanice/Desktop/CORTEX_A72_QEMU_FreeRTOS/Demo/TCP_QEMU_MMK/build//home/yanice/Desktop/FreeRTOS/FreeRTOS/Source/tasks.o
 .text.xTaskCreate
                0x00000000404039c8       0x74 /home/yanice/Desktop/CORTEX_A72_QEMU_FreeRTOS/Demo/TCP_QEMU_MMK/build//home/yanice/Desktop/FreeRTOS/FreeRTOS/Source/tasks.o
                0x00000000404039c8                xTaskCreate
 .text.prvInitialiseNewTask
                0x0000000040403a3c      0x1bc /home/yanice/Desktop/CORTEX_A72_QEMU_FreeRTOS/Demo/TCP_QEMU_MMK/build//home/yanice/Desktop/FreeRTOS/FreeRTOS/Source/tasks.o
 .text.prvAddNewTaskToReadyList
                0x0000000040403bf8      0x244 /home/yanice/Desktop/CORTEX_A72_QEMU_FreeRTOS/Demo/TCP_QEMU_MMK/build//home/yanice/Desktop/FreeRTOS/FreeRTOS/Source/tasks.o
 .text.vTaskDelay
                0x0000000040403e3c       0x68 /home/yanice/Desktop/CORTEX_A72_QEMU_FreeRTOS/Demo/TCP_QEMU_MMK/build//home/yanice/Desktop/FreeRTOS/FreeRTOS/Source/tasks.o
                0x0000000040403e3c                vTaskDelay
 .text.prvCreateIdleTasks
                0x0000000040403ea4       0xf4 /home/yanice/Desktop/CORTEX_A72_QEMU_FreeRTOS/Demo/TCP_QEMU_MMK/build//home/yanice/Desktop/FreeRTOS/FreeRTOS/Source/tasks.o
 .text.vTaskStartScheduler
                0x0000000040403f98       0x98 /home/yanice/Desktop/CORTEX_A72_QEMU_FreeRTOS/Demo/TCP_QEMU_MMK/build//home/yanice/Desktop/FreeRTOS/FreeRTOS/Source/tasks.o
                0x0000000040403f98                vTaskStartScheduler
 .text.vTaskSuspendAll
                0x0000000040404030       0x24 /home/yanice/Desktop/CORTEX_A72_QEMU_FreeRTOS/Demo/TCP_QEMU_MMK/build//home/yanice/Desktop/FreeRTOS/FreeRTOS/Source/tasks.o
                0x0000000040404030                vTaskSuspendAll
 .text.xTaskResumeAll
                0x0000000040404054      0x390 /home/yanice/Desktop/CORTEX_A72_QEMU_FreeRTOS/Demo/TCP_QEMU_MMK/build//home/yanice/Desktop/FreeRTOS/FreeRTOS/Source/tasks.o
                0x0000000040404054                xTaskResumeAll
 .text.xTaskGetTickCount
                0x00000000404043e4       0x20 /home/yanice/Desktop/CORTEX_A72_QEMU_FreeRTOS/Demo/TCP_QEMU_MMK/build//home/yanice/Desktop/FreeRTOS/FreeRTOS/Source/tasks.o
                0x00000000404043e4                xTaskGetTickCount
 .text.xTaskIncrementTick
                0x0000000040404404      0x43c /home/yanice/Desktop/CORTEX_A72_QEMU_FreeRTOS/Demo/TCP_QEMU_MMK/build//home/yanice/Desktop/FreeRTOS/FreeRTOS/Source/tasks.o
                0x0000000040404404                xTaskIncrementTick
 .text.vTaskSwitchContext
                0x0000000040404840      0x244 /home/yanice/Desktop/CORTEX_A72_QEMU_FreeRTOS/Demo/TCP_QEMU_MMK/build//home/yanice/Desktop/FreeRTOS/FreeRTOS/Source/tasks.o
                0x0000000040404840                vTaskSwitchContext
 .text.vTaskPlaceOnEventList
                0x0000000040404a84       0x54 /home/yanice/Desktop/CORTEX_A72_QEMU_FreeRTOS/Demo/TCP_QEMU_MMK/build//home/yanice/Desktop/FreeRTOS/FreeRTOS/Source/tasks.o
                0x0000000040404a84                vTaskPlaceOnEventList
 .text.vTaskPlaceOnUnorderedEventList
                0x0000000040404ad8      0x100 /home/yanice/Desktop/CORTEX_A72_QEMU_FreeRTOS/Demo/TCP_QEMU_MMK/build//home/yanice/Desktop/FreeRTOS/FreeRTOS/Source/tasks.o
                0x0000000040404ad8                vTaskPlaceOnUnorderedEventList
 .text.vTaskPlaceOnEventListRestricted
                0x0000000040404bd8       0xe4 /home/yanice/Desktop/CORTEX_A72_QEMU_FreeRTOS/Demo/TCP_QEMU_MMK/build//home/yanice/Desktop/FreeRTOS/FreeRTOS/Source/tasks.o
                0x0000000040404bd8                vTaskPlaceOnEventListRestricted
 .text.xTaskRemoveFromEventList
                0x0000000040404cbc      0x318 /home/yanice/Desktop/CORTEX_A72_QEMU_FreeRTOS/Demo/TCP_QEMU_MMK/build//home/yanice/Desktop/FreeRTOS/FreeRTOS/Source/tasks.o
                0x0000000040404cbc                xTaskRemoveFromEventList
 .text.vTaskRemoveFromUnorderedEventList
                0x0000000040404fd4      0x298 /home/yanice/Desktop/CORTEX_A72_QEMU_FreeRTOS/Demo/TCP_QEMU_MMK/build//home/yanice/Desktop/FreeRTOS/FreeRTOS/Source/tasks.o
                0x0000000040404fd4                vTaskRemoveFromUnorderedEventList
 .text.vTaskSetTimeOutState
                0x000000004040526c       0x58 /home/yanice/Desktop/CORTEX_A72_QEMU_FreeRTOS/Demo/TCP_QEMU_MMK/build//home/yanice/Desktop/FreeRTOS/FreeRTOS/Source/tasks.o
                0x000000004040526c                vTaskSetTimeOutState
 .text.vTaskInternalSetTimeOutState
                0x00000000404052c4       0x3c /home/yanice/Desktop/CORTEX_A72_QEMU_FreeRTOS/Demo/TCP_QEMU_MMK/build//home/yanice/Desktop/FreeRTOS/FreeRTOS/Source/tasks.o
                0x00000000404052c4                vTaskInternalSetTimeOutState
 .text.xTaskCheckForTimeOut
                0x0000000040405300      0x148 /home/yanice/Desktop/CORTEX_A72_QEMU_FreeRTOS/Demo/TCP_QEMU_MMK/build//home/yanice/Desktop/FreeRTOS/FreeRTOS/Source/tasks.o
                0x0000000040405300                xTaskCheckForTimeOut
 .text.vTaskMissedYield
                0x0000000040405448       0x18 /home/yanice/Desktop/CORTEX_A72_QEMU_FreeRTOS/Demo/TCP_QEMU_MMK/build//home/yanice/Desktop/FreeRTOS/FreeRTOS/Source/tasks.o
                0x0000000040405448                vTaskMissedYield
 .text.prvIdleTask
                0x0000000040405460       0x14 /home/yanice/Desktop/CORTEX_A72_QEMU_FreeRTOS/Demo/TCP_QEMU_MMK/build//home/yanice/Desktop/FreeRTOS/FreeRTOS/Source/tasks.o
 .text.prvInitialiseTaskLists
                0x0000000040405474       0xbc /home/yanice/Desktop/CORTEX_A72_QEMU_FreeRTOS/Demo/TCP_QEMU_MMK/build//home/yanice/Desktop/FreeRTOS/FreeRTOS/Source/tasks.o
 .text.prvCheckTasksWaitingTermination
                0x0000000040405530       0x98 /home/yanice/Desktop/CORTEX_A72_QEMU_FreeRTOS/Demo/TCP_QEMU_MMK/build//home/yanice/Desktop/FreeRTOS/FreeRTOS/Source/tasks.o
 .text.prvDeleteTCB
                0x00000000404055c8       0x2c /home/yanice/Desktop/CORTEX_A72_QEMU_FreeRTOS/Demo/TCP_QEMU_MMK/build//home/yanice/Desktop/FreeRTOS/FreeRTOS/Source/tasks.o
 .text.prvResetNextTaskUnblockTime
                0x00000000404055f4       0x54 /home/yanice/Desktop/CORTEX_A72_QEMU_FreeRTOS/Demo/TCP_QEMU_MMK/build//home/yanice/Desktop/FreeRTOS/FreeRTOS/Source/tasks.o
 .text.xTaskGetCurrentTaskHandle
                0x0000000040405648       0x20 /home/yanice/Desktop/CORTEX_A72_QEMU_FreeRTOS/Demo/TCP_QEMU_MMK/build//home/yanice/Desktop/FreeRTOS/FreeRTOS/Source/tasks.o
                0x0000000040405648                xTaskGetCurrentTaskHandle
 .text.xTaskGetSchedulerState
                0x0000000040405668       0x54 /home/yanice/Desktop/CORTEX_A72_QEMU_FreeRTOS/Demo/TCP_QEMU_MMK/build//home/yanice/Desktop/FreeRTOS/FreeRTOS/Source/tasks.o
                0x0000000040405668                xTaskGetSchedulerState
 .text.xTaskPriorityInherit
                0x00000000404056bc      0x284 /home/yanice/Desktop/CORTEX_A72_QEMU_FreeRTOS/Demo/TCP_QEMU_MMK/build//home/yanice/Desktop/FreeRTOS/FreeRTOS/Source/tasks.o
                0x00000000404056bc                xTaskPriorityInherit
 .text.xTaskPriorityDisinherit
                0x0000000040405940      0x230 /home/yanice/Desktop/CORTEX_A72_QEMU_FreeRTOS/Demo/TCP_QEMU_MMK/build//home/yanice/Desktop/FreeRTOS/FreeRTOS/Source/tasks.o
                0x0000000040405940                xTaskPriorityDisinherit
 .text.vTaskPriorityDisinheritAfterTimeout
                0x0000000040405b70      0x290 /home/yanice/Desktop/CORTEX_A72_QEMU_FreeRTOS/Demo/TCP_QEMU_MMK/build//home/yanice/Desktop/FreeRTOS/FreeRTOS/Source/tasks.o
                0x0000000040405b70                vTaskPriorityDisinheritAfterTimeout
 .text.uxTaskResetEventItemValue
                0x0000000040405e00       0x4c /home/yanice/Desktop/CORTEX_A72_QEMU_FreeRTOS/Demo/TCP_QEMU_MMK/build//home/yanice/Desktop/FreeRTOS/FreeRTOS/Source/tasks.o
                0x0000000040405e00                uxTaskResetEventItemValue
 .text.pvTaskIncrementMutexHeldCount
                0x0000000040405e4c       0x40 /home/yanice/Desktop/CORTEX_A72_QEMU_FreeRTOS/Demo/TCP_QEMU_MMK/build//home/yanice/Desktop/FreeRTOS/FreeRTOS/Source/tasks.o
                0x0000000040405e4c                pvTaskIncrementMutexHeldCount
 .text.ulTaskGenericNotifyTake
                0x0000000040405e8c      0x17c /home/yanice/Desktop/CORTEX_A72_QEMU_FreeRTOS/Demo/TCP_QEMU_MMK/build//home/yanice/Desktop/FreeRTOS/FreeRTOS/Source/tasks.o
                0x0000000040405e8c                ulTaskGenericNotifyTake
 .text.prvAddCurrentTaskToDelayedList
                0x0000000040406008      0x214 /home/yanice/Desktop/CORTEX_A72_QEMU_FreeRTOS/Demo/TCP_QEMU_MMK/build//home/yanice/Desktop/FreeRTOS/FreeRTOS/Source/tasks.o
 .text.xTimerCreateTimerTask
                0x000000004040621c       0x6c /home/yanice/Desktop/CORTEX_A72_QEMU_FreeRTOS/Demo/TCP_QEMU_MMK/build//home/yanice/Desktop/FreeRTOS/FreeRTOS/Source/timers.o
                0x000000004040621c                xTimerCreateTimerTask
 .text.prvReloadTimer
                0x0000000040406288       0x78 /home/yanice/Desktop/CORTEX_A72_QEMU_FreeRTOS/Demo/TCP_QEMU_MMK/build//home/yanice/Desktop/FreeRTOS/FreeRTOS/Source/timers.o
 .text.prvProcessExpiredTimer
                0x0000000040406300       0x90 /home/yanice/Desktop/CORTEX_A72_QEMU_FreeRTOS/Demo/TCP_QEMU_MMK/build//home/yanice/Desktop/FreeRTOS/FreeRTOS/Source/timers.o
 .text.prvTimerTask
                0x0000000040406390       0x30 /home/yanice/Desktop/CORTEX_A72_QEMU_FreeRTOS/Demo/TCP_QEMU_MMK/build//home/yanice/Desktop/FreeRTOS/FreeRTOS/Source/timers.o
 .text.prvProcessTimerOrBlockTask
                0x00000000404063c0       0xdc /home/yanice/Desktop/CORTEX_A72_QEMU_FreeRTOS/Demo/TCP_QEMU_MMK/build//home/yanice/Desktop/FreeRTOS/FreeRTOS/Source/timers.o
 .text.prvGetNextExpireTime
                0x000000004040649c       0x70 /home/yanice/Desktop/CORTEX_A72_QEMU_FreeRTOS/Demo/TCP_QEMU_MMK/build//home/yanice/Desktop/FreeRTOS/FreeRTOS/Source/timers.o
 .text.prvSampleTimeNow
                0x000000004040650c       0x64 /home/yanice/Desktop/CORTEX_A72_QEMU_FreeRTOS/Demo/TCP_QEMU_MMK/build//home/yanice/Desktop/FreeRTOS/FreeRTOS/Source/timers.o
 .text.prvInsertTimerInActiveList
                0x0000000040406570       0xe8 /home/yanice/Desktop/CORTEX_A72_QEMU_FreeRTOS/Demo/TCP_QEMU_MMK/build//home/yanice/Desktop/FreeRTOS/FreeRTOS/Source/timers.o
 .text.prvProcessReceivedCommands
                0x0000000040406658      0x2ac /home/yanice/Desktop/CORTEX_A72_QEMU_FreeRTOS/Demo/TCP_QEMU_MMK/build//home/yanice/Desktop/FreeRTOS/FreeRTOS/Source/timers.o
 .text.prvSwitchTimerLists
                0x0000000040406904       0x8c /home/yanice/Desktop/CORTEX_A72_QEMU_FreeRTOS/Demo/TCP_QEMU_MMK/build//home/yanice/Desktop/FreeRTOS/FreeRTOS/Source/timers.o
 .text.prvCheckForValidListAndQueue
                0x0000000040406990       0xc0 /home/yanice/Desktop/CORTEX_A72_QEMU_FreeRTOS/Demo/TCP_QEMU_MMK/build//home/yanice/Desktop/FreeRTOS/FreeRTOS/Source/timers.o
 .text.pxPortInitialiseStack
                0x0000000040406a50      0x3f4 /home/yanice/Desktop/CORTEX_A72_QEMU_FreeRTOS/Demo/TCP_QEMU_MMK/build//home/yanice/Desktop/CORTEX_A72_QEMU_FreeRTOS/Port/GCC/ARM_AARCH64_QEMU/port.o
                0x0000000040406a50                pxPortInitialiseStack
 .text.xPortStartScheduler
                0x0000000040406e44      0x114 /home/yanice/Desktop/CORTEX_A72_QEMU_FreeRTOS/Demo/TCP_QEMU_MMK/build//home/yanice/Desktop/CORTEX_A72_QEMU_FreeRTOS/Port/GCC/ARM_AARCH64_QEMU/port.o
                0x0000000040406e44                xPortStartScheduler
 .text.vPortEnterCritical
                0x0000000040406f58       0x60 /home/yanice/Desktop/CORTEX_A72_QEMU_FreeRTOS/Demo/TCP_QEMU_MMK/build//home/yanice/Desktop/CORTEX_A72_QEMU_FreeRTOS/Port/GCC/ARM_AARCH64_QEMU/port.o
                0x0000000040406f58                vPortEnterCritical
 .text.vPortExitCritical
                0x0000000040406fb8       0x7c /home/yanice/Desktop/CORTEX_A72_QEMU_FreeRTOS/Demo/TCP_QEMU_MMK/build//home/yanice/Desktop/CORTEX_A72_QEMU_FreeRTOS/Port/GCC/ARM_AARCH64_QEMU/port.o
                0x0000000040406fb8                vPortExitCritical
 .text.FreeRTOS_Tick_Handler
                0x0000000040407034       0xa4 /home/yanice/Desktop/CORTEX_A72_QEMU_FreeRTOS/Demo/TCP_QEMU_MMK/build//home/yanice/Desktop/CORTEX_A72_QEMU_FreeRTOS/Port/GCC/ARM_AARCH64_QEMU/port.o
                0x0000000040407034                FreeRTOS_Tick_Handler
 .text.uxPortSetInterruptMask
                0x00000000404070d8       0x64 /home/yanice/Desktop/CORTEX_A72_QEMU_FreeRTOS/Demo/TCP_QEMU_MMK/build//home/yanice/Desktop/CORTEX_A72_QEMU_FreeRTOS/Port/GCC/ARM_AARCH64_QEMU/port.o
                0x00000000404070d8                uxPortSetInterruptMask
 .text.init_gicc
                0x000000004040713c       0x90 /home/yanice/Desktop/CORTEX_A72_QEMU_FreeRTOS/Demo/TCP_QEMU_MMK/build//home/yanice/Desktop/CORTEX_A72_QEMU_FreeRTOS/Port/GCC/ARM_AARCH64_QEMU/Drivers/src/gic_v3.o
 .text.init_gicd
                0x00000000404071cc      0x198 /home/yanice/Desktop/CORTEX_A72_QEMU_FreeRTOS/Demo/TCP_QEMU_MMK/build//home/yanice/Desktop/CORTEX_A72_QEMU_FreeRTOS/Port/GCC/ARM_AARCH64_QEMU/Drivers/src/gic_v3.o
 .text.gicd_enable_int
                0x0000000040407364       0x64 /home/yanice/Desktop/CORTEX_A72_QEMU_FreeRTOS/Demo/TCP_QEMU_MMK/build//home/yanice/Desktop/CORTEX_A72_QEMU_FreeRTOS/Port/GCC/ARM_AARCH64_QEMU/Drivers/src/gic_v3.o
                0x0000000040407364                gicd_enable_int
 .text.gicd_clear_pending
                0x00000000404073c8       0x64 /home/yanice/Desktop/CORTEX_A72_QEMU_FreeRTOS/Demo/TCP_QEMU_MMK/build//home/yanice/Desktop/CORTEX_A72_QEMU_FreeRTOS/Port/GCC/ARM_AARCH64_QEMU/Drivers/src/gic_v3.o
                0x00000000404073c8                gicd_clear_pending
 .text.gicd_set_target
                0x000000004040742c       0xcc /home/yanice/Desktop/CORTEX_A72_QEMU_FreeRTOS/Demo/TCP_QEMU_MMK/build//home/yanice/Desktop/CORTEX_A72_QEMU_FreeRTOS/Port/GCC/ARM_AARCH64_QEMU/Drivers/src/gic_v3.o
 .text.gicd_set_priority
                0x00000000404074f8       0xd4 /home/yanice/Desktop/CORTEX_A72_QEMU_FreeRTOS/Demo/TCP_QEMU_MMK/build//home/yanice/Desktop/CORTEX_A72_QEMU_FreeRTOS/Port/GCC/ARM_AARCH64_QEMU/Drivers/src/gic_v3.o
 .text.gicd_config
                0x00000000404075cc       0xd4 /home/yanice/Desktop/CORTEX_A72_QEMU_FreeRTOS/Demo/TCP_QEMU_MMK/build//home/yanice/Desktop/CORTEX_A72_QEMU_FreeRTOS/Port/GCC/ARM_AARCH64_QEMU/Drivers/src/gic_v3.o
 .text.gic_v3_initialize
                0x00000000404076a0       0x50 /home/yanice/Desktop/CORTEX_A72_QEMU_FreeRTOS/Demo/TCP_QEMU_MMK/build//home/yanice/Desktop/CORTEX_A72_QEMU_FreeRTOS/Port/GCC/ARM_AARCH64_QEMU/Drivers/src/gic_v3.o
                0x00000000404076a0                gic_v3_initialize
 .text.uartinit
                0x00000000404076f0       0x50 /home/yanice/Desktop/CORTEX_A72_QEMU_FreeRTOS/Demo/TCP_QEMU_MMK/build//home/yanice/Desktop/CORTEX_A72_QEMU_FreeRTOS/Port/GCC/ARM_AARCH64_QEMU/Drivers/src/uart.o
                0x00000000404076f0                uartinit
 .text.uartputc_sync
                0x0000000040407740       0x3c /home/yanice/Desktop/CORTEX_A72_QEMU_FreeRTOS/Demo/TCP_QEMU_MMK/build//home/yanice/Desktop/CORTEX_A72_QEMU_FreeRTOS/Port/GCC/ARM_AARCH64_QEMU/Drivers/src/uart.o
                0x0000000040407740                uartputc_sync
 .text.pvPortMalloc
                0x000000004040777c      0x370 /home/yanice/Desktop/CORTEX_A72_QEMU_FreeRTOS/Demo/TCP_QEMU_MMK/build//home/yanice/Desktop/CORTEX_A72_QEMU_FreeRTOS/Port/GCC/ARM_AARCH64_QEMU/heap_4.o
                0x000000004040777c                pvPortMalloc
 .text.vPortFree
                0x0000000040407aec      0x12c /home/yanice/Desktop/CORTEX_A72_QEMU_FreeRTOS/Demo/TCP_QEMU_MMK/build//home/yanice/Desktop/CORTEX_A72_QEMU_FreeRTOS/Port/GCC/ARM_AARCH64_QEMU/heap_4.o
                0x0000000040407aec                vPortFree
 .text.prvHeapInit
                0x0000000040407c18      0x138 /home/yanice/Desktop/CORTEX_A72_QEMU_FreeRTOS/Demo/TCP_QEMU_MMK/build//home/yanice/Desktop/CORTEX_A72_QEMU_FreeRTOS/Port/GCC/ARM_AARCH64_QEMU/heap_4.o
 .text.prvInsertBlockIntoFreeList
                0x0000000040407d50      0x190 /home/yanice/Desktop/CORTEX_A72_QEMU_FreeRTOS/Demo/TCP_QEMU_MMK/build//home/yanice/Desktop/CORTEX_A72_QEMU_FreeRTOS/Port/GCC/ARM_AARCH64_QEMU/heap_4.o
 .text.prvHandleListen_IPV4
                0x0000000040407ee0      0x328 /home/yanice/Desktop/CORTEX_A72_QEMU_FreeRTOS/Demo/TCP_QEMU_MMK/build//home/yanice/Desktop/FreeRTOS/FreeRTOS-Plus/Source/FreeRTOS-Plus-TCP/source/FreeRTOS_TCP_State_Handling_IPv4.o
                0x0000000040407ee0                prvHandleListen_IPV4
 .text.xCalculateSleepTime
                0x0000000040408208      0x104 /home/yanice/Desktop/CORTEX_A72_QEMU_FreeRTOS/Demo/TCP_QEMU_MMK/build//home/yanice/Desktop/FreeRTOS/FreeRTOS-Plus/Source/FreeRTOS-Plus-TCP/source/FreeRTOS_IP_Timers.o
                0x0000000040408208                xCalculateSleepTime
 .text.vCheckNetworkTimers
                0x000000004040830c      0x1cc /home/yanice/Desktop/CORTEX_A72_QEMU_FreeRTOS/Demo/TCP_QEMU_MMK/build//home/yanice/Desktop/FreeRTOS/FreeRTOS-Plus/Source/FreeRTOS-Plus-TCP/source/FreeRTOS_IP_Timers.o
                0x000000004040830c                vCheckNetworkTimers
 .text.prvIPTimerStart
                0x00000000404084d8       0x74 /home/yanice/Desktop/CORTEX_A72_QEMU_FreeRTOS/Demo/TCP_QEMU_MMK/build//home/yanice/Desktop/FreeRTOS/FreeRTOS-Plus/Source/FreeRTOS-Plus-TCP/source/FreeRTOS_IP_Timers.o
 .text.vIPTimerStartARPResolution
                0x000000004040854c       0x28 /home/yanice/Desktop/CORTEX_A72_QEMU_FreeRTOS/Demo/TCP_QEMU_MMK/build//home/yanice/Desktop/FreeRTOS/FreeRTOS-Plus/Source/FreeRTOS-Plus-TCP/source/FreeRTOS_IP_Timers.o
                0x000000004040854c                vIPTimerStartARPResolution
 .text.prvIPTimerReload
                0x0000000040408574       0x34 /home/yanice/Desktop/CORTEX_A72_QEMU_FreeRTOS/Demo/TCP_QEMU_MMK/build//home/yanice/Desktop/FreeRTOS/FreeRTOS-Plus/Source/FreeRTOS-Plus-TCP/source/FreeRTOS_IP_Timers.o
 .text.vTCPTimerReload
                0x00000000404085a8       0x28 /home/yanice/Desktop/CORTEX_A72_QEMU_FreeRTOS/Demo/TCP_QEMU_MMK/build//home/yanice/Desktop/FreeRTOS/FreeRTOS-Plus/Source/FreeRTOS-Plus-TCP/source/FreeRTOS_IP_Timers.o
                0x00000000404085a8                vTCPTimerReload
 .text.vARPTimerReload
                0x00000000404085d0       0x28 /home/yanice/Desktop/CORTEX_A72_QEMU_FreeRTOS/Demo/TCP_QEMU_MMK/build//home/yanice/Desktop/FreeRTOS/FreeRTOS-Plus/Source/FreeRTOS-Plus-TCP/source/FreeRTOS_IP_Timers.o
                0x00000000404085d0                vARPTimerReload
 .text.vNetworkTimerReload
                0x00000000404085f8       0x28 /home/yanice/Desktop/CORTEX_A72_QEMU_FreeRTOS/Demo/TCP_QEMU_MMK/build//home/yanice/Desktop/FreeRTOS/FreeRTOS-Plus/Source/FreeRTOS-Plus-TCP/source/FreeRTOS_IP_Timers.o
                0x00000000404085f8                vNetworkTimerReload
 .text.prvIPTimerCheck
                0x0000000040408620       0xc0 /home/yanice/Desktop/CORTEX_A72_QEMU_FreeRTOS/Demo/TCP_QEMU_MMK/build//home/yanice/Desktop/FreeRTOS/FreeRTOS-Plus/Source/FreeRTOS-Plus-TCP/source/FreeRTOS_IP_Timers.o
 .text.vIPSetTCPTimerExpiredState
                0x00000000404086e0       0x60 /home/yanice/Desktop/CORTEX_A72_QEMU_FreeRTOS/Demo/TCP_QEMU_MMK/build//home/yanice/Desktop/FreeRTOS/FreeRTOS-Plus/Source/FreeRTOS-Plus-TCP/source/FreeRTOS_IP_Timers.o
                0x00000000404086e0                vIPSetTCPTimerExpiredState
 .text.vIPSetARPTimerEnableState
                0x0000000040408740       0x4c /home/yanice/Desktop/CORTEX_A72_QEMU_FreeRTOS/Demo/TCP_QEMU_MMK/build//home/yanice/Desktop/FreeRTOS/FreeRTOS-Plus/Source/FreeRTOS-Plus-TCP/source/FreeRTOS_IP_Timers.o
                0x0000000040408740                vIPSetARPTimerEnableState
 .text.vIPSetARPResolutionTimerEnableState
                0x000000004040878c       0x4c /home/yanice/Desktop/CORTEX_A72_QEMU_FreeRTOS/Demo/TCP_QEMU_MMK/build//home/yanice/Desktop/FreeRTOS/FreeRTOS-Plus/Source/FreeRTOS-Plus-TCP/source/FreeRTOS_IP_Timers.o
                0x000000004040878c                vIPSetARPResolutionTimerEnableState
 .text.vSetAllNetworksUp
                0x00000000404087d8       0x24 /home/yanice/Desktop/CORTEX_A72_QEMU_FreeRTOS/Demo/TCP_QEMU_MMK/build//home/yanice/Desktop/FreeRTOS/FreeRTOS-Plus/Source/FreeRTOS-Plus-TCP/source/FreeRTOS_IP_Timers.o
                0x00000000404087d8                vSetAllNetworksUp
 .text.prvCheckOptions
                0x00000000404087fc      0x168 /home/yanice/Desktop/CORTEX_A72_QEMU_FreeRTOS/Demo/TCP_QEMU_MMK/build//home/yanice/Desktop/FreeRTOS/FreeRTOS-Plus/Source/FreeRTOS-Plus-TCP/source/FreeRTOS_TCP_Reception.o
                0x00000000404087fc                prvCheckOptions
 .text.prvSingleStepTCPHeaderOptions
                0x0000000040408964      0x2dc /home/yanice/Desktop/CORTEX_A72_QEMU_FreeRTOS/Demo/TCP_QEMU_MMK/build//home/yanice/Desktop/FreeRTOS/FreeRTOS-Plus/Source/FreeRTOS-Plus-TCP/source/FreeRTOS_TCP_Reception.o
 .text.prvReadSackOption
                0x0000000040408c40       0xdc /home/yanice/Desktop/CORTEX_A72_QEMU_FreeRTOS/Demo/TCP_QEMU_MMK/build//home/yanice/Desktop/FreeRTOS/FreeRTOS-Plus/Source/FreeRTOS-Plus-TCP/source/FreeRTOS_TCP_Reception.o
 .text.prvCheckRxData
                0x0000000040408d1c      0x1f0 /home/yanice/Desktop/CORTEX_A72_QEMU_FreeRTOS/Demo/TCP_QEMU_MMK/build//home/yanice/Desktop/FreeRTOS/FreeRTOS-Plus/Source/FreeRTOS-Plus-TCP/source/FreeRTOS_TCP_Reception.o
                0x0000000040408d1c                prvCheckRxData
 .text.prvStoreRxData
                0x0000000040408f0c      0x1f8 /home/yanice/Desktop/CORTEX_A72_QEMU_FreeRTOS/Demo/TCP_QEMU_MMK/build//home/yanice/Desktop/FreeRTOS/FreeRTOS-Plus/Source/FreeRTOS-Plus-TCP/source/FreeRTOS_TCP_Reception.o
                0x0000000040408f0c                prvStoreRxData
 .text.prvSocketSetMSS
                0x0000000040409104       0x40 /home/yanice/Desktop/CORTEX_A72_QEMU_FreeRTOS/Demo/TCP_QEMU_MMK/build//home/yanice/Desktop/FreeRTOS/FreeRTOS-Plus/Source/FreeRTOS-Plus-TCP/source/FreeRTOS_TCP_Utils.o
                0x0000000040409104                prvSocketSetMSS
 .text.prvTCPReturnPacket_IPV4
                0x0000000040409144      0x4f0 /home/yanice/Desktop/CORTEX_A72_QEMU_FreeRTOS/Demo/TCP_QEMU_MMK/build//home/yanice/Desktop/FreeRTOS/FreeRTOS-Plus/Source/FreeRTOS-Plus-TCP/source/FreeRTOS_TCP_Transmission_IPv4.o
                0x0000000040409144                prvTCPReturnPacket_IPV4
 .text.prvTCPPrepareConnect_IPV4
                0x0000000040409634      0x2d4 /home/yanice/Desktop/CORTEX_A72_QEMU_FreeRTOS/Demo/TCP_QEMU_MMK/build//home/yanice/Desktop/FreeRTOS/FreeRTOS-Plus/Source/FreeRTOS-Plus-TCP/source/FreeRTOS_TCP_Transmission_IPv4.o
                0x0000000040409634                prvTCPPrepareConnect_IPV4
 .text.prvTCPSendSpecialPktHelper_IPV4
                0x0000000040409908      0x108 /home/yanice/Desktop/CORTEX_A72_QEMU_FreeRTOS/Demo/TCP_QEMU_MMK/build//home/yanice/Desktop/FreeRTOS/FreeRTOS-Plus/Source/FreeRTOS-Plus-TCP/source/FreeRTOS_TCP_Transmission_IPv4.o
                0x0000000040409908                prvTCPSendSpecialPktHelper_IPV4
 .text.FreeRTOS_inet_pton4
                0x0000000040409a10      0x220 /home/yanice/Desktop/CORTEX_A72_QEMU_FreeRTOS/Demo/TCP_QEMU_MMK/build//home/yanice/Desktop/FreeRTOS/FreeRTOS-Plus/Source/FreeRTOS-Plus-TCP/source/FreeRTOS_IPv4_Sockets.o
                0x0000000040409a10                FreeRTOS_inet_pton4
 .text.FreeRTOS_inet_ntop4
                0x0000000040409c30       0x60 /home/yanice/Desktop/CORTEX_A72_QEMU_FreeRTOS/Demo/TCP_QEMU_MMK/build//home/yanice/Desktop/FreeRTOS/FreeRTOS-Plus/Source/FreeRTOS-Plus-TCP/source/FreeRTOS_IPv4_Sockets.o
                0x0000000040409c30                FreeRTOS_inet_ntop4
 .text.prvTCPSocketIsActive
                0x0000000040409c90       0x68 /home/yanice/Desktop/CORTEX_A72_QEMU_FreeRTOS/Demo/TCP_QEMU_MMK/build//home/yanice/Desktop/FreeRTOS/FreeRTOS-Plus/Source/FreeRTOS-Plus-TCP/source/FreeRTOS_TCP_State_Handling.o
                0x0000000040409c90                prvTCPSocketIsActive
 .text.prvTCPStatusAgeCheck
                0x0000000040409cf8       0xcc /home/yanice/Desktop/CORTEX_A72_QEMU_FreeRTOS/Demo/TCP_QEMU_MMK/build//home/yanice/Desktop/FreeRTOS/FreeRTOS-Plus/Source/FreeRTOS-Plus-TCP/source/FreeRTOS_TCP_State_Handling.o
                0x0000000040409cf8                prvTCPStatusAgeCheck
 .text.prvTCPHandleFin
                0x0000000040409dc4      0x25c /home/yanice/Desktop/CORTEX_A72_QEMU_FreeRTOS/Demo/TCP_QEMU_MMK/build//home/yanice/Desktop/FreeRTOS/FreeRTOS-Plus/Source/FreeRTOS-Plus-TCP/source/FreeRTOS_TCP_State_Handling.o
 .text.prvHandleSynReceived
                0x000000004040a020      0x3a8 /home/yanice/Desktop/CORTEX_A72_QEMU_FreeRTOS/Demo/TCP_QEMU_MMK/build//home/yanice/Desktop/FreeRTOS/FreeRTOS-Plus/Source/FreeRTOS-Plus-TCP/source/FreeRTOS_TCP_State_Handling.o
 .text.prvHandleEstablished
                0x000000004040a3c8      0x3d4 /home/yanice/Desktop/CORTEX_A72_QEMU_FreeRTOS/Demo/TCP_QEMU_MMK/build//home/yanice/Desktop/FreeRTOS/FreeRTOS-Plus/Source/FreeRTOS-Plus-TCP/source/FreeRTOS_TCP_State_Handling.o
 .text.prvTCPHandleState
                0x000000004040a79c      0x490 /home/yanice/Desktop/CORTEX_A72_QEMU_FreeRTOS/Demo/TCP_QEMU_MMK/build//home/yanice/Desktop/FreeRTOS/FreeRTOS-Plus/Source/FreeRTOS-Plus-TCP/source/FreeRTOS_TCP_State_Handling.o
                0x000000004040a79c                prvTCPHandleState
 .text.prvHandleListen
                0x000000004040ac2c       0x48 /home/yanice/Desktop/CORTEX_A72_QEMU_FreeRTOS/Demo/TCP_QEMU_MMK/build//home/yanice/Desktop/FreeRTOS/FreeRTOS-Plus/Source/FreeRTOS-Plus-TCP/source/FreeRTOS_TCP_State_Handling.o
                0x000000004040ac2c                prvHandleListen
 .text.prvTCPSocketCopy
                0x000000004040ac74      0x184 /home/yanice/Desktop/CORTEX_A72_QEMU_FreeRTOS/Demo/TCP_QEMU_MMK/build//home/yanice/Desktop/FreeRTOS/FreeRTOS-Plus/Source/FreeRTOS-Plus-TCP/source/FreeRTOS_TCP_State_Handling.o
                0x000000004040ac74                prvTCPSocketCopy
 .text.xSequenceLessThanOrEqual
                0x000000004040adf8       0x38 /home/yanice/Desktop/CORTEX_A72_QEMU_FreeRTOS/Demo/TCP_QEMU_MMK/build//home/yanice/Desktop/FreeRTOS/FreeRTOS-Plus/Source/FreeRTOS-Plus-TCP/source/FreeRTOS_TCP_WIN.o
 .text.xSequenceLessThan
                0x000000004040ae30       0x3c /home/yanice/Desktop/CORTEX_A72_QEMU_FreeRTOS/Demo/TCP_QEMU_MMK/build//home/yanice/Desktop/FreeRTOS/FreeRTOS-Plus/Source/FreeRTOS-Plus-TCP/source/FreeRTOS_TCP_WIN.o
                0x000000004040ae30                xSequenceLessThan
 .text.xSequenceGreaterThan
                0x000000004040ae6c       0x3c /home/yanice/Desktop/CORTEX_A72_QEMU_FreeRTOS/Demo/TCP_QEMU_MMK/build//home/yanice/Desktop/FreeRTOS/FreeRTOS-Plus/Source/FreeRTOS-Plus-TCP/source/FreeRTOS_TCP_WIN.o
                0x000000004040ae6c                xSequenceGreaterThan
 .text.xSequenceGreaterThanOrEqual
                0x000000004040aea8       0x38 /home/yanice/Desktop/CORTEX_A72_QEMU_FreeRTOS/Demo/TCP_QEMU_MMK/build//home/yanice/Desktop/FreeRTOS/FreeRTOS-Plus/Source/FreeRTOS-Plus-TCP/source/FreeRTOS_TCP_WIN.o
 .text.vListInsertFifo
                0x000000004040aee0       0x34 /home/yanice/Desktop/CORTEX_A72_QEMU_FreeRTOS/Demo/TCP_QEMU_MMK/build//home/yanice/Desktop/FreeRTOS/FreeRTOS-Plus/Source/FreeRTOS-Plus-TCP/source/FreeRTOS_TCP_WIN.o
 .text.vTCPTimerSet
                0x000000004040af14       0x28 /home/yanice/Desktop/CORTEX_A72_QEMU_FreeRTOS/Demo/TCP_QEMU_MMK/build//home/yanice/Desktop/FreeRTOS/FreeRTOS-Plus/Source/FreeRTOS-Plus-TCP/source/FreeRTOS_TCP_WIN.o
 .text.ulTimerGetAge
                0x000000004040af3c       0x48 /home/yanice/Desktop/CORTEX_A72_QEMU_FreeRTOS/Demo/TCP_QEMU_MMK/build//home/yanice/Desktop/FreeRTOS/FreeRTOS-Plus/Source/FreeRTOS-Plus-TCP/source/FreeRTOS_TCP_WIN.o
 .text.vListInsertGeneric
                0x000000004040af84       0x74 /home/yanice/Desktop/CORTEX_A72_QEMU_FreeRTOS/Demo/TCP_QEMU_MMK/build//home/yanice/Desktop/FreeRTOS/FreeRTOS-Plus/Source/FreeRTOS-Plus-TCP/source/FreeRTOS_TCP_WIN.o
 .text.prvCreateSectors
                0x000000004040aff8      0x16c /home/yanice/Desktop/CORTEX_A72_QEMU_FreeRTOS/Demo/TCP_QEMU_MMK/build//home/yanice/Desktop/FreeRTOS/FreeRTOS-Plus/Source/FreeRTOS-Plus-TCP/source/FreeRTOS_TCP_WIN.o
 .text.xTCPWindowRxFind
                0x000000004040b164       0x80 /home/yanice/Desktop/CORTEX_A72_QEMU_FreeRTOS/Demo/TCP_QEMU_MMK/build//home/yanice/Desktop/FreeRTOS/FreeRTOS-Plus/Source/FreeRTOS-Plus-TCP/source/FreeRTOS_TCP_WIN.o
 .text.xTCPWindowNew
                0x000000004040b1e4      0x114 /home/yanice/Desktop/CORTEX_A72_QEMU_FreeRTOS/Demo/TCP_QEMU_MMK/build//home/yanice/Desktop/FreeRTOS/FreeRTOS-Plus/Source/FreeRTOS-Plus-TCP/source/FreeRTOS_TCP_WIN.o
 .text.xTCPWindowRxEmpty
                0x000000004040b2f8       0x68 /home/yanice/Desktop/CORTEX_A72_QEMU_FreeRTOS/Demo/TCP_QEMU_MMK/build//home/yanice/Desktop/FreeRTOS/FreeRTOS-Plus/Source/FreeRTOS-Plus-TCP/source/FreeRTOS_TCP_WIN.o
                0x000000004040b2f8                xTCPWindowRxEmpty
 .text.xTCPWindowGetHead
                0x000000004040b360       0x50 /home/yanice/Desktop/CORTEX_A72_QEMU_FreeRTOS/Demo/TCP_QEMU_MMK/build//home/yanice/Desktop/FreeRTOS/FreeRTOS-Plus/Source/FreeRTOS-Plus-TCP/source/FreeRTOS_TCP_WIN.o
 .text.xTCPWindowPeekHead
                0x000000004040b3b0       0x44 /home/yanice/Desktop/CORTEX_A72_QEMU_FreeRTOS/Demo/TCP_QEMU_MMK/build//home/yanice/Desktop/FreeRTOS/FreeRTOS-Plus/Source/FreeRTOS-Plus-TCP/source/FreeRTOS_TCP_WIN.o
 .text.vTCPWindowFree
                0x000000004040b3f4       0x80 /home/yanice/Desktop/CORTEX_A72_QEMU_FreeRTOS/Demo/TCP_QEMU_MMK/build//home/yanice/Desktop/FreeRTOS/FreeRTOS-Plus/Source/FreeRTOS-Plus-TCP/source/FreeRTOS_TCP_WIN.o
 .text.vTCPWindowDestroy
                0x000000004040b474       0xa4 /home/yanice/Desktop/CORTEX_A72_QEMU_FreeRTOS/Demo/TCP_QEMU_MMK/build//home/yanice/Desktop/FreeRTOS/FreeRTOS-Plus/Source/FreeRTOS-Plus-TCP/source/FreeRTOS_TCP_WIN.o
                0x000000004040b474                vTCPWindowDestroy
 .text.vTCPWindowCreate
                0x000000004040b518       0xac /home/yanice/Desktop/CORTEX_A72_QEMU_FreeRTOS/Demo/TCP_QEMU_MMK/build//home/yanice/Desktop/FreeRTOS/FreeRTOS-Plus/Source/FreeRTOS-Plus-TCP/source/FreeRTOS_TCP_WIN.o
                0x000000004040b518                vTCPWindowCreate
 .text.vTCPWindowInit
                0x000000004040b5c4      0x130 /home/yanice/Desktop/CORTEX_A72_QEMU_FreeRTOS/Demo/TCP_QEMU_MMK/build//home/yanice/Desktop/FreeRTOS/FreeRTOS-Plus/Source/FreeRTOS-Plus-TCP/source/FreeRTOS_TCP_WIN.o
                0x000000004040b5c4                vTCPWindowInit
 .text.xTCPWindowRxConfirm
                0x000000004040b6f4       0xfc /home/yanice/Desktop/CORTEX_A72_QEMU_FreeRTOS/Demo/TCP_QEMU_MMK/build//home/yanice/Desktop/FreeRTOS/FreeRTOS-Plus/Source/FreeRTOS-Plus-TCP/source/FreeRTOS_TCP_WIN.o
 .text.prvTCPWindowRx_ExpectedRX
                0x000000004040b7f0       0xf8 /home/yanice/Desktop/CORTEX_A72_QEMU_FreeRTOS/Demo/TCP_QEMU_MMK/build//home/yanice/Desktop/FreeRTOS/FreeRTOS-Plus/Source/FreeRTOS-Plus-TCP/source/FreeRTOS_TCP_WIN.o
 .text.prvTCPWindowRx_UnexpectedRX
                0x000000004040b8e8      0x17c /home/yanice/Desktop/CORTEX_A72_QEMU_FreeRTOS/Demo/TCP_QEMU_MMK/build//home/yanice/Desktop/FreeRTOS/FreeRTOS-Plus/Source/FreeRTOS-Plus-TCP/source/FreeRTOS_TCP_WIN.o
 .text.lTCPWindowRxCheck
                0x000000004040ba64      0x168 /home/yanice/Desktop/CORTEX_A72_QEMU_FreeRTOS/Demo/TCP_QEMU_MMK/build//home/yanice/Desktop/FreeRTOS/FreeRTOS-Plus/Source/FreeRTOS-Plus-TCP/source/FreeRTOS_TCP_WIN.o
                0x000000004040ba64                lTCPWindowRxCheck
 .text.lTCPIncrementTxPosition
                0x000000004040bbcc       0x4c /home/yanice/Desktop/CORTEX_A72_QEMU_FreeRTOS/Demo/TCP_QEMU_MMK/build//home/yanice/Desktop/FreeRTOS/FreeRTOS-Plus/Source/FreeRTOS-Plus-TCP/source/FreeRTOS_TCP_WIN.o
 .text.prvTCPWindowTxAdd_FrontSegment
                0x000000004040bc18       0xa4 /home/yanice/Desktop/CORTEX_A72_QEMU_FreeRTOS/Demo/TCP_QEMU_MMK/build//home/yanice/Desktop/FreeRTOS/FreeRTOS-Plus/Source/FreeRTOS-Plus-TCP/source/FreeRTOS_TCP_WIN.o
 .text.lTCPWindowTxAdd
                0x000000004040bcbc      0x1e8 /home/yanice/Desktop/CORTEX_A72_QEMU_FreeRTOS/Demo/TCP_QEMU_MMK/build//home/yanice/Desktop/FreeRTOS/FreeRTOS-Plus/Source/FreeRTOS-Plus-TCP/source/FreeRTOS_TCP_WIN.o
                0x000000004040bcbc                lTCPWindowTxAdd
 .text.xTCPWindowTxDone
                0x000000004040bea4       0x2c /home/yanice/Desktop/CORTEX_A72_QEMU_FreeRTOS/Demo/TCP_QEMU_MMK/build//home/yanice/Desktop/FreeRTOS/FreeRTOS-Plus/Source/FreeRTOS-Plus-TCP/source/FreeRTOS_TCP_WIN.o
                0x000000004040bea4                xTCPWindowTxDone
 .text.prvTCPWindowTxHasSpace
                0x000000004040bed0       0xf0 /home/yanice/Desktop/CORTEX_A72_QEMU_FreeRTOS/Demo/TCP_QEMU_MMK/build//home/yanice/Desktop/FreeRTOS/FreeRTOS-Plus/Source/FreeRTOS-Plus-TCP/source/FreeRTOS_TCP_WIN.o
 .text.xTCPWindowTxHasData
                0x000000004040bfc0      0x15c /home/yanice/Desktop/CORTEX_A72_QEMU_FreeRTOS/Demo/TCP_QEMU_MMK/build//home/yanice/Desktop/FreeRTOS/FreeRTOS-Plus/Source/FreeRTOS-Plus-TCP/source/FreeRTOS_TCP_WIN.o
                0x000000004040bfc0                xTCPWindowTxHasData
 .text.pxTCPWindowTx_GetWaitQueue
                0x000000004040c11c       0xb0 /home/yanice/Desktop/CORTEX_A72_QEMU_FreeRTOS/Demo/TCP_QEMU_MMK/build//home/yanice/Desktop/FreeRTOS/FreeRTOS-Plus/Source/FreeRTOS-Plus-TCP/source/FreeRTOS_TCP_WIN.o
 .text.pxTCPWindowTx_GetTXQueue
                0x000000004040c1cc       0xe4 /home/yanice/Desktop/CORTEX_A72_QEMU_FreeRTOS/Demo/TCP_QEMU_MMK/build//home/yanice/Desktop/FreeRTOS/FreeRTOS-Plus/Source/FreeRTOS-Plus-TCP/source/FreeRTOS_TCP_WIN.o
 .text.ulTCPWindowTxGet
                0x000000004040c2b0      0x15c /home/yanice/Desktop/CORTEX_A72_QEMU_FreeRTOS/Demo/TCP_QEMU_MMK/build//home/yanice/Desktop/FreeRTOS/FreeRTOS-Plus/Source/FreeRTOS-Plus-TCP/source/FreeRTOS_TCP_WIN.o
                0x000000004040c2b0                ulTCPWindowTxGet
 .text.prvTCPWindowTxCheckAck_CalcSRTT
                0x000000004040c40c       0xd0 /home/yanice/Desktop/CORTEX_A72_QEMU_FreeRTOS/Demo/TCP_QEMU_MMK/build//home/yanice/Desktop/FreeRTOS/FreeRTOS-Plus/Source/FreeRTOS-Plus-TCP/source/FreeRTOS_TCP_WIN.o
 .text.prvTCPWindowTxCheckAck
                0x000000004040c4dc      0x1f0 /home/yanice/Desktop/CORTEX_A72_QEMU_FreeRTOS/Demo/TCP_QEMU_MMK/build//home/yanice/Desktop/FreeRTOS/FreeRTOS-Plus/Source/FreeRTOS-Plus-TCP/source/FreeRTOS_TCP_WIN.o
 .text.prvTCPWindowFastRetransmit
                0x000000004040c6cc      0x108 /home/yanice/Desktop/CORTEX_A72_QEMU_FreeRTOS/Demo/TCP_QEMU_MMK/build//home/yanice/Desktop/FreeRTOS/FreeRTOS-Plus/Source/FreeRTOS-Plus-TCP/source/FreeRTOS_TCP_WIN.o
 .text.ulTCPWindowTxAck
                0x000000004040c7d4       0x58 /home/yanice/Desktop/CORTEX_A72_QEMU_FreeRTOS/Demo/TCP_QEMU_MMK/build//home/yanice/Desktop/FreeRTOS/FreeRTOS-Plus/Source/FreeRTOS-Plus-TCP/source/FreeRTOS_TCP_WIN.o
                0x000000004040c7d4                ulTCPWindowTxAck
 .text.ulTCPWindowTxSack
                0x000000004040c82c       0x6c /home/yanice/Desktop/CORTEX_A72_QEMU_FreeRTOS/Demo/TCP_QEMU_MMK/build//home/yanice/Desktop/FreeRTOS/FreeRTOS-Plus/Source/FreeRTOS-Plus-TCP/source/FreeRTOS_TCP_WIN.o
                0x000000004040c82c                ulTCPWindowTxSack
 .text.uxStreamBufferSpace
                0x000000004040c898       0x64 /home/yanice/Desktop/CORTEX_A72_QEMU_FreeRTOS/Demo/TCP_QEMU_MMK/build//home/yanice/Desktop/FreeRTOS/FreeRTOS-Plus/Source/FreeRTOS-Plus-TCP/source/FreeRTOS_Stream_Buffer.o
                0x000000004040c898                uxStreamBufferSpace
 .text.uxStreamBufferDistance
                0x000000004040c8fc       0x60 /home/yanice/Desktop/CORTEX_A72_QEMU_FreeRTOS/Demo/TCP_QEMU_MMK/build//home/yanice/Desktop/FreeRTOS/FreeRTOS-Plus/Source/FreeRTOS-Plus-TCP/source/FreeRTOS_Stream_Buffer.o
                0x000000004040c8fc                uxStreamBufferDistance
 .text.uxStreamBufferGetSpace
                0x000000004040c95c       0x30 /home/yanice/Desktop/CORTEX_A72_QEMU_FreeRTOS/Demo/TCP_QEMU_MMK/build//home/yanice/Desktop/FreeRTOS/FreeRTOS-Plus/Source/FreeRTOS-Plus-TCP/source/FreeRTOS_Stream_Buffer.o
                0x000000004040c95c                uxStreamBufferGetSpace
 .text.uxStreamBufferFrontSpace
                0x000000004040c98c       0x30 /home/yanice/Desktop/CORTEX_A72_QEMU_FreeRTOS/Demo/TCP_QEMU_MMK/build//home/yanice/Desktop/FreeRTOS/FreeRTOS-Plus/Source/FreeRTOS-Plus-TCP/source/FreeRTOS_Stream_Buffer.o
                0x000000004040c98c                uxStreamBufferFrontSpace
 .text.uxStreamBufferGetSize
                0x000000004040c9bc       0x30 /home/yanice/Desktop/CORTEX_A72_QEMU_FreeRTOS/Demo/TCP_QEMU_MMK/build//home/yanice/Desktop/FreeRTOS/FreeRTOS-Plus/Source/FreeRTOS-Plus-TCP/source/FreeRTOS_Stream_Buffer.o
                0x000000004040c9bc                uxStreamBufferGetSize
 .text.uxStreamBufferMidSpace
                0x000000004040c9ec       0x30 /home/yanice/Desktop/CORTEX_A72_QEMU_FreeRTOS/Demo/TCP_QEMU_MMK/build//home/yanice/Desktop/FreeRTOS/FreeRTOS-Plus/Source/FreeRTOS-Plus-TCP/source/FreeRTOS_Stream_Buffer.o
                0x000000004040c9ec                uxStreamBufferMidSpace
 .text.vStreamBufferClear
                0x000000004040ca1c       0x34 /home/yanice/Desktop/CORTEX_A72_QEMU_FreeRTOS/Demo/TCP_QEMU_MMK/build//home/yanice/Desktop/FreeRTOS/FreeRTOS-Plus/Source/FreeRTOS-Plus-TCP/source/FreeRTOS_Stream_Buffer.o
                0x000000004040ca1c                vStreamBufferClear
 .text.vStreamBufferMoveMid
                0x000000004040ca50       0x9c /home/yanice/Desktop/CORTEX_A72_QEMU_FreeRTOS/Demo/TCP_QEMU_MMK/build//home/yanice/Desktop/FreeRTOS/FreeRTOS-Plus/Source/FreeRTOS-Plus-TCP/source/FreeRTOS_Stream_Buffer.o
                0x000000004040ca50                vStreamBufferMoveMid
 .text.xStreamBufferLessThenEqual
                0x000000004040caec       0x54 /home/yanice/Desktop/CORTEX_A72_QEMU_FreeRTOS/Demo/TCP_QEMU_MMK/build//home/yanice/Desktop/FreeRTOS/FreeRTOS-Plus/Source/FreeRTOS-Plus-TCP/source/FreeRTOS_Stream_Buffer.o
                0x000000004040caec                xStreamBufferLessThenEqual
 .text.uxStreamBufferGetPtr
                0x000000004040cb40       0x64 /home/yanice/Desktop/CORTEX_A72_QEMU_FreeRTOS/Demo/TCP_QEMU_MMK/build//home/yanice/Desktop/FreeRTOS/FreeRTOS-Plus/Source/FreeRTOS-Plus-TCP/source/FreeRTOS_Stream_Buffer.o
                0x000000004040cb40                uxStreamBufferGetPtr
 .text.uxStreamBufferAdd
                0x000000004040cba4      0x1c8 /home/yanice/Desktop/CORTEX_A72_QEMU_FreeRTOS/Demo/TCP_QEMU_MMK/build//home/yanice/Desktop/FreeRTOS/FreeRTOS-Plus/Source/FreeRTOS-Plus-TCP/source/FreeRTOS_Stream_Buffer.o
                0x000000004040cba4                uxStreamBufferAdd
 .text.uxStreamBufferGet
                0x000000004040cd6c      0x1a8 /home/yanice/Desktop/CORTEX_A72_QEMU_FreeRTOS/Demo/TCP_QEMU_MMK/build//home/yanice/Desktop/FreeRTOS/FreeRTOS-Plus/Source/FreeRTOS-Plus-TCP/source/FreeRTOS_Stream_Buffer.o
                0x000000004040cd6c                uxStreamBufferGet
 .text.prvValidSocket
                0x000000004040cf14       0x84 /home/yanice/Desktop/CORTEX_A72_QEMU_FreeRTOS/Demo/TCP_QEMU_MMK/build//home/yanice/Desktop/FreeRTOS/FreeRTOS-Plus/Source/FreeRTOS-Plus-TCP/source/FreeRTOS_Sockets.o
 .text.vNetworkSocketsInit
                0x000000004040cf98       0x2c /home/yanice/Desktop/CORTEX_A72_QEMU_FreeRTOS/Demo/TCP_QEMU_MMK/build//home/yanice/Desktop/FreeRTOS/FreeRTOS-Plus/Source/FreeRTOS-Plus-TCP/source/FreeRTOS_Sockets.o
                0x000000004040cf98                vNetworkSocketsInit
 .text.prvDetermineSocketSize
                0x000000004040cfc4      0x128 /home/yanice/Desktop/CORTEX_A72_QEMU_FreeRTOS/Demo/TCP_QEMU_MMK/build//home/yanice/Desktop/FreeRTOS/FreeRTOS-Plus/Source/FreeRTOS-Plus-TCP/source/FreeRTOS_Sockets.o
 .text.prvInitialiseTCPFields
                0x000000004040d0ec       0xc4 /home/yanice/Desktop/CORTEX_A72_QEMU_FreeRTOS/Demo/TCP_QEMU_MMK/build//home/yanice/Desktop/FreeRTOS/FreeRTOS-Plus/Source/FreeRTOS-Plus-TCP/source/FreeRTOS_Sockets.o
 .text.FreeRTOS_socket
                0x000000004040d1b0      0x1dc /home/yanice/Desktop/CORTEX_A72_QEMU_FreeRTOS/Demo/TCP_QEMU_MMK/build//home/yanice/Desktop/FreeRTOS/FreeRTOS-Plus/Source/FreeRTOS-Plus-TCP/source/FreeRTOS_Sockets.o
                0x000000004040d1b0                FreeRTOS_socket
 .text.FreeRTOS_bind
                0x000000004040d38c      0x1fc /home/yanice/Desktop/CORTEX_A72_QEMU_FreeRTOS/Demo/TCP_QEMU_MMK/build//home/yanice/Desktop/FreeRTOS/FreeRTOS-Plus/Source/FreeRTOS-Plus-TCP/source/FreeRTOS_Sockets.o
                0x000000004040d38c                FreeRTOS_bind
 .text.prvSocketBindAdd
                0x000000004040d588      0x180 /home/yanice/Desktop/CORTEX_A72_QEMU_FreeRTOS/Demo/TCP_QEMU_MMK/build//home/yanice/Desktop/FreeRTOS/FreeRTOS-Plus/Source/FreeRTOS-Plus-TCP/source/FreeRTOS_Sockets.o
 .text.vSocketBind
                0x000000004040d708      0x138 /home/yanice/Desktop/CORTEX_A72_QEMU_FreeRTOS/Demo/TCP_QEMU_MMK/build//home/yanice/Desktop/FreeRTOS/FreeRTOS-Plus/Source/FreeRTOS-Plus-TCP/source/FreeRTOS_Sockets.o
                0x000000004040d708                vSocketBind
 .text.vSocketClose
                0x000000004040d840      0x114 /home/yanice/Desktop/CORTEX_A72_QEMU_FreeRTOS/Demo/TCP_QEMU_MMK/build//home/yanice/Desktop/FreeRTOS/FreeRTOS-Plus/Source/FreeRTOS-Plus-TCP/source/FreeRTOS_Sockets.o
                0x000000004040d840                vSocketClose
 .text.prvTCPSetSocketCount
                0x000000004040d954      0x164 /home/yanice/Desktop/CORTEX_A72_QEMU_FreeRTOS/Demo/TCP_QEMU_MMK/build//home/yanice/Desktop/FreeRTOS/FreeRTOS-Plus/Source/FreeRTOS-Plus-TCP/source/FreeRTOS_Sockets.o
 .text.prvGetPrivatePortNumber
                0x000000004040dab8      0x11c /home/yanice/Desktop/CORTEX_A72_QEMU_FreeRTOS/Demo/TCP_QEMU_MMK/build//home/yanice/Desktop/FreeRTOS/FreeRTOS-Plus/Source/FreeRTOS-Plus-TCP/source/FreeRTOS_Sockets.o
 .text.pxListFindListItemWithValue
                0x000000004040dbd4       0x90 /home/yanice/Desktop/CORTEX_A72_QEMU_FreeRTOS/Demo/TCP_QEMU_MMK/build//home/yanice/Desktop/FreeRTOS/FreeRTOS-Plus/Source/FreeRTOS-Plus-TCP/source/FreeRTOS_Sockets.o
 .text.pxUDPSocketLookup
                0x000000004040dc64       0x58 /home/yanice/Desktop/CORTEX_A72_QEMU_FreeRTOS/Demo/TCP_QEMU_MMK/build//home/yanice/Desktop/FreeRTOS/FreeRTOS-Plus/Source/FreeRTOS-Plus-TCP/source/FreeRTOS_Sockets.o
                0x000000004040dc64                pxUDPSocketLookup
 .text.FreeRTOS_inet_ntoa
                0x000000004040dcbc      0x1b0 /home/yanice/Desktop/CORTEX_A72_QEMU_FreeRTOS/Demo/TCP_QEMU_MMK/build//home/yanice/Desktop/FreeRTOS/FreeRTOS-Plus/Source/FreeRTOS-Plus-TCP/source/FreeRTOS_Sockets.o
                0x000000004040dcbc                FreeRTOS_inet_ntoa
 .text.FreeRTOS_inet_ntop
                0x000000004040de6c       0x50 /home/yanice/Desktop/CORTEX_A72_QEMU_FreeRTOS/Demo/TCP_QEMU_MMK/build//home/yanice/Desktop/FreeRTOS/FreeRTOS-Plus/Source/FreeRTOS-Plus-TCP/source/FreeRTOS_Sockets.o
                0x000000004040de6c                FreeRTOS_inet_ntop
 .text.FreeRTOS_inet_addr
                0x000000004040debc       0x38 /home/yanice/Desktop/CORTEX_A72_QEMU_FreeRTOS/Demo/TCP_QEMU_MMK/build//home/yanice/Desktop/FreeRTOS/FreeRTOS-Plus/Source/FreeRTOS-Plus-TCP/source/FreeRTOS_Sockets.o
                0x000000004040debc                FreeRTOS_inet_addr
 .text.vSocketWakeUpUser
                0x000000004040def4       0xcc /home/yanice/Desktop/CORTEX_A72_QEMU_FreeRTOS/Demo/TCP_QEMU_MMK/build//home/yanice/Desktop/FreeRTOS/FreeRTOS-Plus/Source/FreeRTOS-Plus-TCP/source/FreeRTOS_Sockets.o
                0x000000004040def4                vSocketWakeUpUser
 .text.prvAcceptWaitClient
                0x000000004040dfc0      0x190 /home/yanice/Desktop/CORTEX_A72_QEMU_FreeRTOS/Demo/TCP_QEMU_MMK/build//home/yanice/Desktop/FreeRTOS/FreeRTOS-Plus/Source/FreeRTOS-Plus-TCP/source/FreeRTOS_Sockets.o
 .text.FreeRTOS_accept
                0x000000004040e150      0x160 /home/yanice/Desktop/CORTEX_A72_QEMU_FreeRTOS/Demo/TCP_QEMU_MMK/build//home/yanice/Desktop/FreeRTOS/FreeRTOS-Plus/Source/FreeRTOS-Plus-TCP/source/FreeRTOS_Sockets.o
                0x000000004040e150                FreeRTOS_accept
 .text.prvRecvData
                0x000000004040e2b0       0xf0 /home/yanice/Desktop/CORTEX_A72_QEMU_FreeRTOS/Demo/TCP_QEMU_MMK/build//home/yanice/Desktop/FreeRTOS/FreeRTOS-Plus/Source/FreeRTOS-Plus-TCP/source/FreeRTOS_Sockets.o
 .text.prvRecvWait
                0x000000004040e3a0      0x180 /home/yanice/Desktop/CORTEX_A72_QEMU_FreeRTOS/Demo/TCP_QEMU_MMK/build//home/yanice/Desktop/FreeRTOS/FreeRTOS-Plus/Source/FreeRTOS-Plus-TCP/source/FreeRTOS_Sockets.o
 .text.FreeRTOS_recv
                0x000000004040e520       0xbc /home/yanice/Desktop/CORTEX_A72_QEMU_FreeRTOS/Demo/TCP_QEMU_MMK/build//home/yanice/Desktop/FreeRTOS/FreeRTOS-Plus/Source/FreeRTOS-Plus-TCP/source/FreeRTOS_Sockets.o
                0x000000004040e520                FreeRTOS_recv
 .text.FreeRTOS_listen
                0x000000004040e5dc      0x13c /home/yanice/Desktop/CORTEX_A72_QEMU_FreeRTOS/Demo/TCP_QEMU_MMK/build//home/yanice/Desktop/FreeRTOS/FreeRTOS-Plus/Source/FreeRTOS-Plus-TCP/source/FreeRTOS_Sockets.o
                0x000000004040e5dc                FreeRTOS_listen
 .text.FreeRTOS_shutdown
                0x000000004040e718       0x8c /home/yanice/Desktop/CORTEX_A72_QEMU_FreeRTOS/Demo/TCP_QEMU_MMK/build//home/yanice/Desktop/FreeRTOS/FreeRTOS-Plus/Source/FreeRTOS-Plus-TCP/source/FreeRTOS_Sockets.o
                0x000000004040e718                FreeRTOS_shutdown
 .text.xTCPTimerCheck
                0x000000004040e7a4      0x184 /home/yanice/Desktop/CORTEX_A72_QEMU_FreeRTOS/Demo/TCP_QEMU_MMK/build//home/yanice/Desktop/FreeRTOS/FreeRTOS-Plus/Source/FreeRTOS-Plus-TCP/source/FreeRTOS_Sockets.o
                0x000000004040e7a4                xTCPTimerCheck
 .text.pxTCPSocketLookup
                0x000000004040e928      0x108 /home/yanice/Desktop/CORTEX_A72_QEMU_FreeRTOS/Demo/TCP_QEMU_MMK/build//home/yanice/Desktop/FreeRTOS/FreeRTOS-Plus/Source/FreeRTOS-Plus-TCP/source/FreeRTOS_Sockets.o
                0x000000004040e928                pxTCPSocketLookup
 .text.prvTCPCreateStream
                0x000000004040ea30      0x1f0 /home/yanice/Desktop/CORTEX_A72_QEMU_FreeRTOS/Demo/TCP_QEMU_MMK/build//home/yanice/Desktop/FreeRTOS/FreeRTOS-Plus/Source/FreeRTOS-Plus-TCP/source/FreeRTOS_Sockets.o
 .text.vTCPAddRxdata_Stored
                0x000000004040ec20       0xc4 /home/yanice/Desktop/CORTEX_A72_QEMU_FreeRTOS/Demo/TCP_QEMU_MMK/build//home/yanice/Desktop/FreeRTOS/FreeRTOS-Plus/Source/FreeRTOS-Plus-TCP/source/FreeRTOS_Sockets.o
 .text.lTCPAddRxdata
                0x000000004040ece4       0xa0 /home/yanice/Desktop/CORTEX_A72_QEMU_FreeRTOS/Demo/TCP_QEMU_MMK/build//home/yanice/Desktop/FreeRTOS/FreeRTOS-Plus/Source/FreeRTOS-Plus-TCP/source/FreeRTOS_Sockets.o
                0x000000004040ece4                lTCPAddRxdata
 .text.FreeRTOS_tx_space
                0x000000004040ed84       0x6c /home/yanice/Desktop/CORTEX_A72_QEMU_FreeRTOS/Demo/TCP_QEMU_MMK/build//home/yanice/Desktop/FreeRTOS/FreeRTOS-Plus/Source/FreeRTOS-Plus-TCP/source/FreeRTOS_Sockets.o
                0x000000004040ed84                FreeRTOS_tx_space
 .text.FreeRTOS_rx_size
                0x000000004040edf0       0x64 /home/yanice/Desktop/CORTEX_A72_QEMU_FreeRTOS/Demo/TCP_QEMU_MMK/build//home/yanice/Desktop/FreeRTOS/FreeRTOS-Plus/Source/FreeRTOS-Plus-TCP/source/FreeRTOS_Sockets.o
                0x000000004040edf0                FreeRTOS_rx_size
 .text.xSocketValid
                0x000000004040ee54       0x3c /home/yanice/Desktop/CORTEX_A72_QEMU_FreeRTOS/Demo/TCP_QEMU_MMK/build//home/yanice/Desktop/FreeRTOS/FreeRTOS-Plus/Source/FreeRTOS-Plus-TCP/source/FreeRTOS_Sockets.o
                0x000000004040ee54                xSocketValid
 .text.vSocketSelectTCP
                0x000000004040ee90      0x218 /home/yanice/Desktop/CORTEX_A72_QEMU_FreeRTOS/Demo/TCP_QEMU_MMK/build//home/yanice/Desktop/FreeRTOS/FreeRTOS-Plus/Source/FreeRTOS-Plus-TCP/source/FreeRTOS_Sockets.o
 .text.vSocketSelect
                0x000000004040f0a8      0x1a4 /home/yanice/Desktop/CORTEX_A72_QEMU_FreeRTOS/Demo/TCP_QEMU_MMK/build//home/yanice/Desktop/FreeRTOS/FreeRTOS-Plus/Source/FreeRTOS-Plus-TCP/source/FreeRTOS_Sockets.o
                0x000000004040f0a8                vSocketSelect
 .text.prvIPTask
                0x000000004040f24c       0x18 /home/yanice/Desktop/CORTEX_A72_QEMU_FreeRTOS/Demo/TCP_QEMU_MMK/build//home/yanice/Desktop/FreeRTOS/FreeRTOS-Plus/Source/FreeRTOS-Plus-TCP/source/FreeRTOS_IP.o
 .text.prvProcessIPEventsAndTimers
                0x000000004040f264      0x314 /home/yanice/Desktop/CORTEX_A72_QEMU_FreeRTOS/Demo/TCP_QEMU_MMK/build//home/yanice/Desktop/FreeRTOS/FreeRTOS-Plus/Source/FreeRTOS-Plus-TCP/source/FreeRTOS_IP.o
 .text.prvIPTask_Initialise
                0x000000004040f578       0x70 /home/yanice/Desktop/CORTEX_A72_QEMU_FreeRTOS/Demo/TCP_QEMU_MMK/build//home/yanice/Desktop/FreeRTOS/FreeRTOS-Plus/Source/FreeRTOS-Plus-TCP/source/FreeRTOS_IP.o
 .text.prvIPTask_CheckPendingEvents
                0x000000004040f5e8       0x88 /home/yanice/Desktop/CORTEX_A72_QEMU_FreeRTOS/Demo/TCP_QEMU_MMK/build//home/yanice/Desktop/FreeRTOS/FreeRTOS-Plus/Source/FreeRTOS-Plus-TCP/source/FreeRTOS_IP.o
 .text.prvCallDHCP_RA_Handler
                0x000000004040f670       0x38 /home/yanice/Desktop/CORTEX_A72_QEMU_FreeRTOS/Demo/TCP_QEMU_MMK/build//home/yanice/Desktop/FreeRTOS/FreeRTOS-Plus/Source/FreeRTOS-Plus-TCP/source/FreeRTOS_IP.o
 .text.FreeRTOS_GetIPTaskHandle
                0x000000004040f6a8       0x10 /home/yanice/Desktop/CORTEX_A72_QEMU_FreeRTOS/Demo/TCP_QEMU_MMK/build//home/yanice/Desktop/FreeRTOS/FreeRTOS-Plus/Source/FreeRTOS-Plus-TCP/source/FreeRTOS_IP.o
                0x000000004040f6a8                FreeRTOS_GetIPTaskHandle
 .text.vIPNetworkUpCalls
                0x000000004040f6b8       0x38 /home/yanice/Desktop/CORTEX_A72_QEMU_FreeRTOS/Demo/TCP_QEMU_MMK/build//home/yanice/Desktop/FreeRTOS/FreeRTOS-Plus/Source/FreeRTOS-Plus-TCP/source/FreeRTOS_IP.o
                0x000000004040f6b8                vIPNetworkUpCalls
 .text.prvHandleEthernetPacket
                0x000000004040f6f0       0x2c /home/yanice/Desktop/CORTEX_A72_QEMU_FreeRTOS/Demo/TCP_QEMU_MMK/build//home/yanice/Desktop/FreeRTOS/FreeRTOS-Plus/Source/FreeRTOS-Plus-TCP/source/FreeRTOS_IP.o
 .text.prvForwardTxPacket
                0x000000004040f71c       0x4c /home/yanice/Desktop/CORTEX_A72_QEMU_FreeRTOS/Demo/TCP_QEMU_MMK/build//home/yanice/Desktop/FreeRTOS/FreeRTOS-Plus/Source/FreeRTOS-Plus-TCP/source/FreeRTOS_IP.o
 .text.FreeRTOS_NetworkDown
                0x000000004040f768       0x80 /home/yanice/Desktop/CORTEX_A72_QEMU_FreeRTOS/Demo/TCP_QEMU_MMK/build//home/yanice/Desktop/FreeRTOS/FreeRTOS-Plus/Source/FreeRTOS-Plus-TCP/source/FreeRTOS_IP.o
                0x000000004040f768                FreeRTOS_NetworkDown
 .text.FreeRTOS_IPInit
                0x000000004040f7e8       0x60 /home/yanice/Desktop/CORTEX_A72_QEMU_FreeRTOS/Demo/TCP_QEMU_MMK/build//home/yanice/Desktop/FreeRTOS/FreeRTOS-Plus/Source/FreeRTOS-Plus-TCP/source/FreeRTOS_IP.o
                0x000000004040f7e8                FreeRTOS_IPInit
 .text.FreeRTOS_IPInit_Multi
                0x000000004040f848       0xf0 /home/yanice/Desktop/CORTEX_A72_QEMU_FreeRTOS/Demo/TCP_QEMU_MMK/build//home/yanice/Desktop/FreeRTOS/FreeRTOS-Plus/Source/FreeRTOS-Plus-TCP/source/FreeRTOS_IP.o
                0x000000004040f848                FreeRTOS_IPInit_Multi
 .text.xSendEventToIPTask
                0x000000004040f938       0x30 /home/yanice/Desktop/CORTEX_A72_QEMU_FreeRTOS/Demo/TCP_QEMU_MMK/build//home/yanice/Desktop/FreeRTOS/FreeRTOS-Plus/Source/FreeRTOS-Plus-TCP/source/FreeRTOS_IP.o
                0x000000004040f938                xSendEventToIPTask
 .text.xSendEventStructToIPTask
                0x000000004040f968       0xd8 /home/yanice/Desktop/CORTEX_A72_QEMU_FreeRTOS/Demo/TCP_QEMU_MMK/build//home/yanice/Desktop/FreeRTOS/FreeRTOS-Plus/Source/FreeRTOS-Plus-TCP/source/FreeRTOS_IP.o
                0x000000004040f968                xSendEventStructToIPTask
 .text.prvProcessEthernetPacket
                0x000000004040fa40      0x18c /home/yanice/Desktop/CORTEX_A72_QEMU_FreeRTOS/Demo/TCP_QEMU_MMK/build//home/yanice/Desktop/FreeRTOS/FreeRTOS-Plus/Source/FreeRTOS-Plus-TCP/source/FreeRTOS_IP.o
 .text.prvProcessUDPPacket
                0x000000004040fbcc      0x1b0 /home/yanice/Desktop/CORTEX_A72_QEMU_FreeRTOS/Demo/TCP_QEMU_MMK/build//home/yanice/Desktop/FreeRTOS/FreeRTOS-Plus/Source/FreeRTOS-Plus-TCP/source/FreeRTOS_IP.o
 .text.prvProcessIPPacket
                0x000000004040fd7c      0x220 /home/yanice/Desktop/CORTEX_A72_QEMU_FreeRTOS/Demo/TCP_QEMU_MMK/build//home/yanice/Desktop/FreeRTOS/FreeRTOS-Plus/Source/FreeRTOS-Plus-TCP/source/FreeRTOS_IP.o
 .text.vReturnEthernetFrame
                0x000000004040ff9c      0x1b8 /home/yanice/Desktop/CORTEX_A72_QEMU_FreeRTOS/Demo/TCP_QEMU_MMK/build//home/yanice/Desktop/FreeRTOS/FreeRTOS-Plus/Source/FreeRTOS-Plus-TCP/source/FreeRTOS_IP.o
                0x000000004040ff9c                vReturnEthernetFrame
 .text.xIPIsNetworkTaskReady
                0x0000000040410154       0x10 /home/yanice/Desktop/CORTEX_A72_QEMU_FreeRTOS/Demo/TCP_QEMU_MMK/build//home/yanice/Desktop/FreeRTOS/FreeRTOS-Plus/Source/FreeRTOS-Plus-TCP/source/FreeRTOS_IP.o
                0x0000000040410154                xIPIsNetworkTaskReady
 .text.FreeRTOS_IsNetworkUp
                0x0000000040410164       0x18 /home/yanice/Desktop/CORTEX_A72_QEMU_FreeRTOS/Demo/TCP_QEMU_MMK/build//home/yanice/Desktop/FreeRTOS/FreeRTOS-Plus/Source/FreeRTOS-Plus-TCP/source/FreeRTOS_IP.o
                0x0000000040410164                FreeRTOS_IsNetworkUp
 .text.FreeRTOS_IsEndPointUp
                0x000000004041017c       0x4c /home/yanice/Desktop/CORTEX_A72_QEMU_FreeRTOS/Demo/TCP_QEMU_MMK/build//home/yanice/Desktop/FreeRTOS/FreeRTOS-Plus/Source/FreeRTOS-Plus-TCP/source/FreeRTOS_IP.o
                0x000000004041017c                FreeRTOS_IsEndPointUp
 .text.FreeRTOS_AllEndPointsUp
                0x00000000404101c8       0x88 /home/yanice/Desktop/CORTEX_A72_QEMU_FreeRTOS/Demo/TCP_QEMU_MMK/build//home/yanice/Desktop/FreeRTOS/FreeRTOS-Plus/Source/FreeRTOS-Plus-TCP/source/FreeRTOS_IP.o
                0x00000000404101c8                FreeRTOS_AllEndPointsUp
 .text.uxIPHeaderSizePacket
                0x0000000040410250       0x48 /home/yanice/Desktop/CORTEX_A72_QEMU_FreeRTOS/Demo/TCP_QEMU_MMK/build//home/yanice/Desktop/FreeRTOS/FreeRTOS-Plus/Source/FreeRTOS-Plus-TCP/source/FreeRTOS_IP.o
                0x0000000040410250                uxIPHeaderSizePacket
 .text.uxIPHeaderSizeSocket
                0x0000000040410298       0x4c /home/yanice/Desktop/CORTEX_A72_QEMU_FreeRTOS/Demo/TCP_QEMU_MMK/build//home/yanice/Desktop/FreeRTOS/FreeRTOS-Plus/Source/FreeRTOS-Plus-TCP/source/FreeRTOS_IP.o
                0x0000000040410298                uxIPHeaderSizeSocket
 .text.prvTCPMakeSurePrepared
                0x00000000404102e4       0x4c /home/yanice/Desktop/CORTEX_A72_QEMU_FreeRTOS/Demo/TCP_QEMU_MMK/build//home/yanice/Desktop/FreeRTOS/FreeRTOS-Plus/Source/FreeRTOS-Plus-TCP/source/FreeRTOS_TCP_Transmission.o
 .text.prvTCPSendPacket
                0x0000000040410330      0x138 /home/yanice/Desktop/CORTEX_A72_QEMU_FreeRTOS/Demo/TCP_QEMU_MMK/build//home/yanice/Desktop/FreeRTOS/FreeRTOS-Plus/Source/FreeRTOS-Plus-TCP/source/FreeRTOS_TCP_Transmission.o
                0x0000000040410330                prvTCPSendPacket
 .text.prvTCPSendRepeated
                0x0000000040410468       0x9c /home/yanice/Desktop/CORTEX_A72_QEMU_FreeRTOS/Demo/TCP_QEMU_MMK/build//home/yanice/Desktop/FreeRTOS/FreeRTOS-Plus/Source/FreeRTOS-Plus-TCP/source/FreeRTOS_TCP_Transmission.o
                0x0000000040410468                prvTCPSendRepeated
 .text.prvTCPReturnPacket
                0x0000000040410504       0x6c /home/yanice/Desktop/CORTEX_A72_QEMU_FreeRTOS/Demo/TCP_QEMU_MMK/build//home/yanice/Desktop/FreeRTOS/FreeRTOS-Plus/Source/FreeRTOS-Plus-TCP/source/FreeRTOS_TCP_Transmission.o
                0x0000000040410504                prvTCPReturnPacket
 .text.prvTCPReturn_CheckTCPWindow
                0x0000000040410570      0x188 /home/yanice/Desktop/CORTEX_A72_QEMU_FreeRTOS/Demo/TCP_QEMU_MMK/build//home/yanice/Desktop/FreeRTOS/FreeRTOS-Plus/Source/FreeRTOS-Plus-TCP/source/FreeRTOS_TCP_Transmission.o
                0x0000000040410570                prvTCPReturn_CheckTCPWindow
 .text.prvTCPReturn_SetSequenceNumber
                0x00000000404106f8      0x1e4 /home/yanice/Desktop/CORTEX_A72_QEMU_FreeRTOS/Demo/TCP_QEMU_MMK/build//home/yanice/Desktop/FreeRTOS/FreeRTOS-Plus/Source/FreeRTOS-Plus-TCP/source/FreeRTOS_TCP_Transmission.o
                0x00000000404106f8                prvTCPReturn_SetSequenceNumber
 .text.prvTCPCreateWindow
                0x00000000404108dc       0x84 /home/yanice/Desktop/CORTEX_A72_QEMU_FreeRTOS/Demo/TCP_QEMU_MMK/build//home/yanice/Desktop/FreeRTOS/FreeRTOS-Plus/Source/FreeRTOS-Plus-TCP/source/FreeRTOS_TCP_Transmission.o
                0x00000000404108dc                prvTCPCreateWindow
 .text.prvTCPPrepareConnect
                0x0000000040410960       0x4c /home/yanice/Desktop/CORTEX_A72_QEMU_FreeRTOS/Demo/TCP_QEMU_MMK/build//home/yanice/Desktop/FreeRTOS/FreeRTOS-Plus/Source/FreeRTOS-Plus-TCP/source/FreeRTOS_TCP_Transmission.o
 .text.prvWinScaleFactor
                0x00000000404109ac       0x60 /home/yanice/Desktop/CORTEX_A72_QEMU_FreeRTOS/Demo/TCP_QEMU_MMK/build//home/yanice/Desktop/FreeRTOS/FreeRTOS-Plus/Source/FreeRTOS-Plus-TCP/source/FreeRTOS_TCP_Transmission.o
 .text.prvSetSynAckOptions
                0x0000000040410a0c      0x120 /home/yanice/Desktop/CORTEX_A72_QEMU_FreeRTOS/Demo/TCP_QEMU_MMK/build//home/yanice/Desktop/FreeRTOS/FreeRTOS-Plus/Source/FreeRTOS-Plus-TCP/source/FreeRTOS_TCP_Transmission.o
                0x0000000040410a0c                prvSetSynAckOptions
 .text.prvTCPBufferResize
                0x0000000040410b2c      0x1a4 /home/yanice/Desktop/CORTEX_A72_QEMU_FreeRTOS/Demo/TCP_QEMU_MMK/build//home/yanice/Desktop/FreeRTOS/FreeRTOS-Plus/Source/FreeRTOS-Plus-TCP/source/FreeRTOS_TCP_Transmission.o
                0x0000000040410b2c                prvTCPBufferResize
 .text.prvTCPReturn_SetEndPoint
                0x0000000040410cd0       0xa0 /home/yanice/Desktop/CORTEX_A72_QEMU_FreeRTOS/Demo/TCP_QEMU_MMK/build//home/yanice/Desktop/FreeRTOS/FreeRTOS-Plus/Source/FreeRTOS-Plus-TCP/source/FreeRTOS_TCP_Transmission.o
                0x0000000040410cd0                prvTCPReturn_SetEndPoint
 .text.prvTCPPrepareSend
                0x0000000040410d70      0x4c0 /home/yanice/Desktop/CORTEX_A72_QEMU_FreeRTOS/Demo/TCP_QEMU_MMK/build//home/yanice/Desktop/FreeRTOS/FreeRTOS-Plus/Source/FreeRTOS-Plus-TCP/source/FreeRTOS_TCP_Transmission.o
                0x0000000040410d70                prvTCPPrepareSend
 .text.prvTCPAddTxData
                0x0000000040411230       0x88 /home/yanice/Desktop/CORTEX_A72_QEMU_FreeRTOS/Demo/TCP_QEMU_MMK/build//home/yanice/Desktop/FreeRTOS/FreeRTOS-Plus/Source/FreeRTOS-Plus-TCP/source/FreeRTOS_TCP_Transmission.o
                0x0000000040411230                prvTCPAddTxData
 .text.prvSetOptions
                0x00000000404112b8      0x164 /home/yanice/Desktop/CORTEX_A72_QEMU_FreeRTOS/Demo/TCP_QEMU_MMK/build//home/yanice/Desktop/FreeRTOS/FreeRTOS-Plus/Source/FreeRTOS-Plus-TCP/source/FreeRTOS_TCP_Transmission.o
                0x00000000404112b8                prvSetOptions
 .text.prvSendData
                0x000000004041141c      0x24c /home/yanice/Desktop/CORTEX_A72_QEMU_FreeRTOS/Demo/TCP_QEMU_MMK/build//home/yanice/Desktop/FreeRTOS/FreeRTOS-Plus/Source/FreeRTOS-Plus-TCP/source/FreeRTOS_TCP_Transmission.o
                0x000000004041141c                prvSendData
 .text.prvTCPSendSpecialPacketHelper
                0x0000000040411668       0x50 /home/yanice/Desktop/CORTEX_A72_QEMU_FreeRTOS/Demo/TCP_QEMU_MMK/build//home/yanice/Desktop/FreeRTOS/FreeRTOS-Plus/Source/FreeRTOS-Plus-TCP/source/FreeRTOS_TCP_Transmission.o
                0x0000000040411668                prvTCPSendSpecialPacketHelper
 .text.prvTCPSendChallengeAck
                0x00000000404116b8       0x20 /home/yanice/Desktop/CORTEX_A72_QEMU_FreeRTOS/Demo/TCP_QEMU_MMK/build//home/yanice/Desktop/FreeRTOS/FreeRTOS-Plus/Source/FreeRTOS-Plus-TCP/source/FreeRTOS_TCP_Transmission.o
                0x00000000404116b8                prvTCPSendChallengeAck
 .text.prvTCPSendReset
                0x00000000404116d8       0x20 /home/yanice/Desktop/CORTEX_A72_QEMU_FreeRTOS/Demo/TCP_QEMU_MMK/build//home/yanice/Desktop/FreeRTOS/FreeRTOS-Plus/Source/FreeRTOS-Plus-TCP/source/FreeRTOS_TCP_Transmission.o
                0x00000000404116d8                prvTCPSendReset
 .text.xProcessReceivedTCPPacket_IPV4
                0x00000000404116f8      0x558 /home/yanice/Desktop/CORTEX_A72_QEMU_FreeRTOS/Demo/TCP_QEMU_MMK/build//home/yanice/Desktop/FreeRTOS/FreeRTOS-Plus/Source/FreeRTOS-Plus-TCP/source/FreeRTOS_TCP_IP_IPv4.o
                0x00000000404116f8                xProcessReceivedTCPPacket_IPV4
 .text.FreeRTOS_FillEndPoint
                0x0000000040411c50      0x1f8 /home/yanice/Desktop/CORTEX_A72_QEMU_FreeRTOS/Demo/TCP_QEMU_MMK/build//home/yanice/Desktop/FreeRTOS/FreeRTOS-Plus/Source/FreeRTOS-Plus-TCP/source/FreeRTOS_Routing.o
                0x0000000040411c50                FreeRTOS_FillEndPoint
 .text.FreeRTOS_AddNetworkInterface
                0x0000000040411e48       0xb0 /home/yanice/Desktop/CORTEX_A72_QEMU_FreeRTOS/Demo/TCP_QEMU_MMK/build//home/yanice/Desktop/FreeRTOS/FreeRTOS-Plus/Source/FreeRTOS-Plus-TCP/source/FreeRTOS_Routing.o
                0x0000000040411e48                FreeRTOS_AddNetworkInterface
 .text.FreeRTOS_FirstNetworkInterface
                0x0000000040411ef8       0x10 /home/yanice/Desktop/CORTEX_A72_QEMU_FreeRTOS/Demo/TCP_QEMU_MMK/build//home/yanice/Desktop/FreeRTOS/FreeRTOS-Plus/Source/FreeRTOS-Plus-TCP/source/FreeRTOS_Routing.o
                0x0000000040411ef8                FreeRTOS_FirstNetworkInterface
 .text.FreeRTOS_NextNetworkInterface
                0x0000000040411f08       0x34 /home/yanice/Desktop/CORTEX_A72_QEMU_FreeRTOS/Demo/TCP_QEMU_MMK/build//home/yanice/Desktop/FreeRTOS/FreeRTOS-Plus/Source/FreeRTOS-Plus-TCP/source/FreeRTOS_Routing.o
                0x0000000040411f08                FreeRTOS_NextNetworkInterface
 .text.FreeRTOS_AddEndPoint
                0x0000000040411f3c       0xd0 /home/yanice/Desktop/CORTEX_A72_QEMU_FreeRTOS/Demo/TCP_QEMU_MMK/build//home/yanice/Desktop/FreeRTOS/FreeRTOS-Plus/Source/FreeRTOS-Plus-TCP/source/FreeRTOS_Routing.o
 .text.FreeRTOS_FirstEndPoint
                0x000000004041200c       0x60 /home/yanice/Desktop/CORTEX_A72_QEMU_FreeRTOS/Demo/TCP_QEMU_MMK/build//home/yanice/Desktop/FreeRTOS/FreeRTOS-Plus/Source/FreeRTOS-Plus-TCP/source/FreeRTOS_Routing.o
                0x000000004041200c                FreeRTOS_FirstEndPoint
 .text.FreeRTOS_NextEndPoint
                0x000000004041206c       0x88 /home/yanice/Desktop/CORTEX_A72_QEMU_FreeRTOS/Demo/TCP_QEMU_MMK/build//home/yanice/Desktop/FreeRTOS/FreeRTOS-Plus/Source/FreeRTOS-Plus-TCP/source/FreeRTOS_Routing.o
                0x000000004041206c                FreeRTOS_NextEndPoint
 .text.FreeRTOS_FindEndPointOnIP_IPv4
                0x00000000404120f4       0xd4 /home/yanice/Desktop/CORTEX_A72_QEMU_FreeRTOS/Demo/TCP_QEMU_MMK/build//home/yanice/Desktop/FreeRTOS/FreeRTOS-Plus/Source/FreeRTOS-Plus-TCP/source/FreeRTOS_Routing.o
                0x00000000404120f4                FreeRTOS_FindEndPointOnIP_IPv4
 .text.FreeRTOS_FindEndPointOnNetMask
                0x00000000404121c8       0x28 /home/yanice/Desktop/CORTEX_A72_QEMU_FreeRTOS/Demo/TCP_QEMU_MMK/build//home/yanice/Desktop/FreeRTOS/FreeRTOS-Plus/Source/FreeRTOS-Plus-TCP/source/FreeRTOS_Routing.o
                0x00000000404121c8                FreeRTOS_FindEndPointOnNetMask
 .text.FreeRTOS_InterfaceEndPointOnNetMask
                0x00000000404121f0       0xf8 /home/yanice/Desktop/CORTEX_A72_QEMU_FreeRTOS/Demo/TCP_QEMU_MMK/build//home/yanice/Desktop/FreeRTOS/FreeRTOS-Plus/Source/FreeRTOS-Plus-TCP/source/FreeRTOS_Routing.o
                0x00000000404121f0                FreeRTOS_InterfaceEndPointOnNetMask
 .text.pxEasyFit
                0x00000000404122e8      0x1a0 /home/yanice/Desktop/CORTEX_A72_QEMU_FreeRTOS/Demo/TCP_QEMU_MMK/build//home/yanice/Desktop/FreeRTOS/FreeRTOS-Plus/Source/FreeRTOS-Plus-TCP/source/FreeRTOS_Routing.o
                0x00000000404122e8                pxEasyFit
 .text.FreeRTOS_MatchingEndpoint
                0x0000000040412488      0x1c8 /home/yanice/Desktop/CORTEX_A72_QEMU_FreeRTOS/Demo/TCP_QEMU_MMK/build//home/yanice/Desktop/FreeRTOS/FreeRTOS-Plus/Source/FreeRTOS-Plus-TCP/source/FreeRTOS_Routing.o
                0x0000000040412488                FreeRTOS_MatchingEndpoint
 .text.FreeRTOS_FindGateWay
                0x0000000040412650       0x58 /home/yanice/Desktop/CORTEX_A72_QEMU_FreeRTOS/Demo/TCP_QEMU_MMK/build//home/yanice/Desktop/FreeRTOS/FreeRTOS-Plus/Source/FreeRTOS-Plus-TCP/source/FreeRTOS_Routing.o
                0x0000000040412650                FreeRTOS_FindGateWay
 .text.ProcessICMPPacket
                0x00000000404126a8       0x8c /home/yanice/Desktop/CORTEX_A72_QEMU_FreeRTOS/Demo/TCP_QEMU_MMK/build//home/yanice/Desktop/FreeRTOS/FreeRTOS-Plus/Source/FreeRTOS-Plus-TCP/source/FreeRTOS_ICMP.o
                0x00000000404126a8                ProcessICMPPacket
 .text.prvProcessICMPEchoRequest
                0x0000000040412734      0x108 /home/yanice/Desktop/CORTEX_A72_QEMU_FreeRTOS/Demo/TCP_QEMU_MMK/build//home/yanice/Desktop/FreeRTOS/FreeRTOS-Plus/Source/FreeRTOS-Plus-TCP/source/FreeRTOS_ICMP.o
 .text.vProcessGeneratedUDPPacket
                0x000000004041283c       0x58 /home/yanice/Desktop/CORTEX_A72_QEMU_FreeRTOS/Demo/TCP_QEMU_MMK/build//home/yanice/Desktop/FreeRTOS/FreeRTOS-Plus/Source/FreeRTOS-Plus-TCP/source/FreeRTOS_UDP_IP.o
                0x000000004041283c                vProcessGeneratedUDPPacket
 .text.xProcessReceivedUDPPacket
                0x0000000040412894       0x80 /home/yanice/Desktop/CORTEX_A72_QEMU_FreeRTOS/Demo/TCP_QEMU_MMK/build//home/yanice/Desktop/FreeRTOS/FreeRTOS-Plus/Source/FreeRTOS-Plus-TCP/source/FreeRTOS_UDP_IP.o
                0x0000000040412894                xProcessReceivedUDPPacket
 .text.prvSetChecksumInPacket