/home/yanice/Desktop/CORTEX_A72_QEMU_FreeRTOS/Demo/CORTEX_A72_QEMU_MMK/build//home/yanice/Desktop/CORTEX_A72_QEMU_FreeRTOS/Port/GCC/ARM_AARCH64_QEMU/portASM.o: dynamic relocation against `pxCurrentTCB' in read-only section `.rodata'

Discarded input sections

 .group         0x0000000000000000        0xc /home/yanice/Desktop/CORTEX_A72_QEMU_FreeRTOS/Demo/CORTEX_A72_QEMU_MMK/build/trace_time.o
 .group         0x0000000000000000        0xc /home/yanice/Desktop/CORTEX_A72_QEMU_FreeRTOS/Demo/CORTEX_A72_QEMU_MMK/build/trace_time.o
 .group         0x0000000000000000        0xc /home/yanice/Desktop/CORTEX_A72_QEMU_FreeRTOS/Demo/CORTEX_A72_QEMU_MMK/build/trace_time.o
 .group         0x0000000000000000        0xc /home/yanice/Desktop/CORTEX_A72_QEMU_FreeRTOS/Demo/CORTEX_A72_QEMU_MMK/build/trace_time.o
 .group         0x0000000000000000        0xc /home/yanice/Desktop/CORTEX_A72_QEMU_FreeRTOS/Demo/CORTEX_A72_QEMU_MMK/build/trace_time.o
 .group         0x0000000000000000        0xc /home/yanice/Desktop/CORTEX_A72_QEMU_FreeRTOS/Demo/CORTEX_A72_QEMU_MMK/build/trace_time.o
 .group         0x0000000000000000        0xc /home/yanice/Desktop/CORTEX_A72_QEMU_FreeRTOS/Demo/CORTEX_A72_QEMU_MMK/build/trace_time.o
 .group         0x0000000000000000        0xc /home/yanice/Desktop/CORTEX_A72_QEMU_FreeRTOS/Demo/CORTEX_A72_QEMU_MMK/build/trace_time.o
 .group         0x0000000000000000        0xc /home/yanice/Desktop/CORTEX_A72_QEMU_FreeRTOS/Demo/CORTEX_A72_QEMU_MMK/build/trace_time.o
 .group         0x0000000000000000        0xc /home/yanice/Desktop/CORTEX_A72_QEMU_FreeRTOS/Demo/CORTEX_A72_QEMU_MMK/build/trace_time.o
 .group         0x0000000000000000        0xc /home/yanice/Desktop/CORTEX_A72_QEMU_FreeRTOS/Demo/CORTEX_A72_QEMU_MMK/build/trace_time.o
 .group         0x0000000000000000        0xc /home/yanice/Desktop/CORTEX_A72_QEMU_FreeRTOS/Demo/CORTEX_A72_QEMU_MMK/build/trace_time.o
 .group         0x0000000000000000        0xc /home/yanice/Desktop/CORTEX_A72_QEMU_FreeRTOS/Demo/CORTEX_A72_QEMU_MMK/build/trace_time.o
 .group         0x0000000000000000        0xc /home/yanice/Desktop/CORTEX_A72_QEMU_FreeRTOS/Demo/CORTEX_A72_QEMU_MMK/build/trace_time.o
 .group         0x0000000000000000        0xc /home/yanice/Desktop/CORTEX_A72_QEMU_FreeRTOS/Demo/CORTEX_A72_QEMU_MMK/build/trace_time.o
 .group         0x0000000000000000        0xc /home/yanice/Desktop/CORTEX_A72_QEMU_FreeRTOS/Demo/CORTEX_A72_QEMU_MMK/build/trace_time.o
 .group         0x0000000000000000        0xc /home/yanice/Desktop/CORTEX_A72_QEMU_FreeRTOS/Demo/CORTEX_A72_QEMU_MMK/build/trace_time.o
 .group         0x0000000000000000        0xc /home/yanice/Desktop/CORTEX_A72_QEMU_FreeRTOS/Demo/CORTEX_A72_QEMU_MMK/build/trace_time.o
 .group         0x0000000000000000        0xc /home/yanice/Desktop/CORTEX_A72_QEMU_FreeRTOS/Demo/CORTEX_A72_QEMU_MMK/build/trace_time.o
 .group         0x0000000000000000        0xc /home/yanice/Desktop/CORTEX_A72_QEMU_FreeRTOS/Demo/CORTEX_A72_QEMU_MMK/build/trace_time.o
 .group         0x0000000000000000        0xc /home/yanice/Desktop/CORTEX_A72_QEMU_FreeRTOS/Demo/CORTEX_A72_QEMU_MMK/build/trace_time.o
 .group         0x0000000000000000        0xc /home/yanice/Desktop/CORTEX_A72_QEMU_FreeRTOS/Demo/CORTEX_A72_QEMU_MMK/build/trace_time.o
 .group         0x0000000000000000        0xc /home/yanice/Desktop/CORTEX_A72_QEMU_FreeRTOS/Demo/CORTEX_A72_QEMU_MMK/build/trace_time.o
 .group         0x0000000000000000        0xc /home/yanice/Desktop/CORTEX_A72_QEMU_FreeRTOS/Demo/CORTEX_A72_QEMU_MMK/build/trace_time.o
 .group         0x0000000000000000        0xc /home/yanice/Desktop/CORTEX_A72_QEMU_FreeRTOS/Demo/CORTEX_A72_QEMU_MMK/build/trace_time.o
 .group         0x0000000000000000        0xc /home/yanice/Desktop/CORTEX_A72_QEMU_FreeRTOS/Demo/CORTEX_A72_QEMU_MMK/build/trace_time.o
 .text          0x0000000000000000        0x0 /home/yanice/Desktop/CORTEX_A72_QEMU_FreeRTOS/Demo/CORTEX_A72_QEMU_MMK/build/trace_time.o
 .data          0x0000000000000000        0x0 /home/yanice/Desktop/CORTEX_A72_QEMU_FreeRTOS/Demo/CORTEX_A72_QEMU_MMK/build/trace_time.o
 .bss           0x0000000000000000        0x0 /home/yanice/Desktop/CORTEX_A72_QEMU_FreeRTOS/Demo/CORTEX_A72_QEMU_MMK/build/trace_time.o
 .eh_frame      0x0000000000000000       0x68 /home/yanice/Desktop/CORTEX_A72_QEMU_FreeRTOS/Demo/CORTEX_A72_QEMU_MMK/build/trace_time.o
 .group         0x0000000000000000        0xc /home/yanice/Desktop/CORTEX_A72_QEMU_FreeRTOS/Demo/CORTEX_A72_QEMU_MMK/build/main.o
 .group         0x0000000000000000        0xc /home/yanice/Desktop/CORTEX_A72_QEMU_FreeRTOS/Demo/CORTEX_A72_QEMU_MMK/build/main.o
 .group         0x0000000000000000        0xc /home/yanice/Desktop/CORTEX_A72_QEMU_FreeRTOS/Demo/CORTEX_A72_QEMU_MMK/build/main.o
 .group         0x0000000000000000        0xc /home/yanice/Desktop/CORTEX_A72_QEMU_FreeRTOS/Demo/CORTEX_A72_QEMU_MMK/build/main.o
 .group         0x0000000000000000        0xc /home/yanice/Desktop/CORTEX_A72_QEMU_FreeRTOS/Demo/CORTEX_A72_QEMU_MMK/build/main.o
[...]
Memory Configuration

Name             Origin             Length             Attributes
rom              0x0000000040400000 0x0000000000080000 axr
ram              0x0000000040480000 0x0000000000080000 axw
*default*        0x0000000000000000 0xffffffffffffffff

Linker script and memory map

                0x00000000000003e8                __stack_size = 0x3e8
LOAD /home/yanice/Desktop/CORTEX_A72_QEMU_FreeRTOS/Demo/CORTEX_A72_QEMU_MMK/build/trace_time.o
LOAD /home/yanice/Desktop/CORTEX_A72_QEMU_FreeRTOS/Demo/CORTEX_A72_QEMU_MMK/build/main.o
LOAD /home/yanice/Desktop/CORTEX_A72_QEMU_FreeRTOS/Demo/CORTEX_A72_QEMU_MMK/build/main_blinky.o
LOAD /home/yanice/Desktop/CORTEX_A72_QEMU_FreeRTOS/Demo/CORTEX_A72_QEMU_MMK/build/my_stdlib/src/my_mem.o
LOAD /home/yanice/Desktop/CORTEX_A72_QEMU_FreeRTOS/Demo/CORTEX_A72_QEMU_MMK/build/my_stdlib/src/my_stdio.o
LOAD /home/yanice/Desktop/CORTEX_A72_QEMU_FreeRTOS/Demo/CORTEX_A72_QEMU_MMK/build//home/yanice/Desktop/CORTEX_A72_QEMU_FreeRTOS/Demo/Common/Minimal/EventGroupsDemo.o
LOAD /home/yanice/Desktop/CORTEX_A72_QEMU_FreeRTOS/Demo/CORTEX_A72_QEMU_MMK/build//home/yanice/Desktop/CORTEX_A72_QEMU_FreeRTOS/Demo/Common/Minimal/TaskNotify.o
LOAD /home/yanice/Desktop/CORTEX_A72_QEMU_FreeRTOS/Demo/CORTEX_A72_QEMU_MMK/build//home/yanice/Desktop/CORTEX_A72_QEMU_FreeRTOS/Demo/Common/Minimal/TimerDemo.o
LOAD /home/yanice/Desktop/CORTEX_A72_QEMU_FreeRTOS/Demo/CORTEX_A72_QEMU_MMK/build//home/yanice/Desktop/CORTEX_A72_QEMU_FreeRTOS/Demo/Common/Minimal/blocktim.o
LOAD /home/yanice/Desktop/CORTEX_A72_QEMU_FreeRTOS/Demo/CORTEX_A72_QEMU_MMK/build//home/yanice/Desktop/CORTEX_A72_QEMU_FreeRTOS/Demo/Common/Minimal/dynamic.o
LOAD /home/yanice/Desktop/CORTEX_A72_QEMU_FreeRTOS/Demo/CORTEX_A72_QEMU_MMK/build//home/yanice/Desktop/CORTEX_A72_QEMU_FreeRTOS/Demo/Common/Minimal/recmutex.o
LOAD /home/yanice/Desktop/CORTEX_A72_QEMU_FreeRTOS/Demo/CORTEX_A72_QEMU_MMK/build/~/Desktop/FreeRTOS/FreeRTOS/Source/event_groups.o
LOAD /home/yanice/Desktop/CORTEX_A72_QEMU_FreeRTOS/Demo/CORTEX_A72_QEMU_MMK/build/~/Desktop/FreeRTOS/FreeRTOS/Source/list.o
LOAD /home/yanice/Desktop/CORTEX_A72_QEMU_FreeRTOS/Demo/CORTEX_A72_QEMU_MMK/build/~/Desktop/FreeRTOS/FreeRTOS/Source/queue.o
LOAD /home/yanice/Desktop/CORTEX_A72_QEMU_FreeRTOS/Demo/CORTEX_A72_QEMU_MMK/build/~/Desktop/FreeRTOS/FreeRTOS/Source/stream_buffer.o
LOAD /home/yanice/Desktop/CORTEX_A72_QEMU_FreeRTOS/Demo/CORTEX_A72_QEMU_MMK/build/~/Desktop/FreeRTOS/FreeRTOS/Source/tasks.o
LOAD /home/yanice/Desktop/CORTEX_A72_QEMU_FreeRTOS/Demo/CORTEX_A72_QEMU_MMK/build/~/Desktop/FreeRTOS/FreeRTOS/Source/timers.o
LOAD /home/yanice/Desktop/CORTEX_A72_QEMU_FreeRTOS/Demo/CORTEX_A72_QEMU_MMK/build//home/yanice/Desktop/CORTEX_A72_QEMU_FreeRTOS/Port/GCC/ARM_AARCH64_QEMU/heap_4.o
LOAD /home/yanice/Desktop/CORTEX_A72_QEMU_FreeRTOS/Demo/CORTEX_A72_QEMU_MMK/build//home/yanice/Desktop/CORTEX_A72_QEMU_FreeRTOS/Port/GCC/ARM_AARCH64_QEMU/port.o
LOAD /home/yanice/Desktop/CORTEX_A72_QEMU_FreeRTOS/Demo/CORTEX_A72_QEMU_MMK/build//home/yanice/Desktop/CORTEX_A72_QEMU_FreeRTOS/Port/GCC/ARM_AARCH64_QEMU/Drivers/src/gic_v3.o
LOAD /home/yanice/Desktop/CORTEX_A72_QEMU_FreeRTOS/Demo/CORTEX_A72_QEMU_MMK/build//home/yanice/Desktop/CORTEX_A72_QEMU_FreeRTOS/Port/GCC/ARM_AARCH64_QEMU/Drivers/src/uart.o
LOAD /home/yanice/Desktop/CORTEX_A72_QEMU_FreeRTOS/Demo/CORTEX_A72_QEMU_MMK/build/start.o
LOAD /home/yanice/Desktop/CORTEX_A72_QEMU_FreeRTOS/Demo/CORTEX_A72_QEMU_MMK/build/vector.o
LOAD /home/yanice/Desktop/CORTEX_A72_QEMU_FreeRTOS/Demo/CORTEX_A72_QEMU_MMK/build//home/yanice/Desktop/CORTEX_A72_QEMU_FreeRTOS/Port/GCC/ARM_AARCH64_QEMU/portASM.o
                0x0000000040400000                . = 0x40400000

.init           0x0000000040400000      0x1a8
                0x0000000040400000                _text = .
 *(SORT_NONE(.init))
 .init          0x0000000040400000      0x1a8 /home/yanice/Desktop/CORTEX_A72_QEMU_FreeRTOS/Demo/CORTEX_A72_QEMU_MMK/build/start.o
                0x0000000040400000                _start

.text           0x0000000040400800     0x56f8
 *(.text.unlikely .text.unlikely.*)
 *(.text.startup .text.startup.*)
 *(.text .text.*)
 .text.startTimer
                0x0000000040400800       0x90 /home/yanice/Desktop/CORTEX_A72_QEMU_FreeRTOS/Demo/CORTEX_A72_QEMU_MMK/build/trace_time.o
                0x0000000040400800                startTimer
 .text.endTimer
                0x0000000040400890       0x90 /home/yanice/Desktop/CORTEX_A72_QEMU_FreeRTOS/Demo/CORTEX_A72_QEMU_MMK/build/trace_time.o
                0x0000000040400890                endTimer
 .text.vConfigureTickInterrupt
                0x0000000040400920       0x54 /home/yanice/Desktop/CORTEX_A72_QEMU_FreeRTOS/Demo/CORTEX_A72_QEMU_MMK/build/main.o
                0x0000000040400920                vConfigureTickInterrupt
 .text.vClearTickInterrupt
                0x0000000040400974       0x2c /home/yanice/Desktop/CORTEX_A72_QEMU_FreeRTOS/Demo/CORTEX_A72_QEMU_MMK/build/main.o
                0x0000000040400974                vClearTickInterrupt
 .text.FreeRTOS_Error_Handler
                0x00000000404009a0       0x60 /home/yanice/Desktop/CORTEX_A72_QEMU_FreeRTOS/Demo/CORTEX_A72_QEMU_MMK/build/main.o
                0x00000000404009a0                FreeRTOS_Error_Handler
 .text.FreeRTOS_SYNC_Handler
                0x0000000040400a00       0x24 /home/yanice/Desktop/CORTEX_A72_QEMU_FreeRTOS/Demo/CORTEX_A72_QEMU_MMK/build/main.o
                0x0000000040400a00                FreeRTOS_SYNC_Handler
 .text.main     0x0000000040400a24       0x78 /home/yanice/Desktop/CORTEX_A72_QEMU_FreeRTOS/Demo/CORTEX_A72_QEMU_MMK/build/main.o
                0x0000000040400a24                main
 .text.vApplicationMallocFailedHook
                0x0000000040400a9c       0x24 /home/yanice/Desktop/CORTEX_A72_QEMU_FreeRTOS/Demo/CORTEX_A72_QEMU_MMK/build/main.o
                0x0000000040400a9c                vApplicationMallocFailedHook
 .text.vApplicationStackOverflowHook
                0x0000000040400ac0       0x24 /home/yanice/Desktop/CORTEX_A72_QEMU_FreeRTOS/Demo/CORTEX_A72_QEMU_MMK/build/main.o
                0x0000000040400ac0                vApplicationStackOverflowHook
 .text.vApplicationTickHook
                0x0000000040400ae4        0x4 /home/yanice/Desktop/CORTEX_A72_QEMU_FreeRTOS/Demo/CORTEX_A72_QEMU_MMK/build/main.o
                0x0000000040400ae4                vApplicationTickHook
 .text.vTaskSwitchHook
                0x0000000040400ae8        0x4 /home/yanice/Desktop/CORTEX_A72_QEMU_FreeRTOS/Demo/CORTEX_A72_QEMU_MMK/build/main.o
                0x0000000040400ae8                vTaskSwitchHook
 .text.vAssertCalled
                0x0000000040400aec       0x38 /home/yanice/Desktop/CORTEX_A72_QEMU_FreeRTOS/Demo/CORTEX_A72_QEMU_MMK/build/main.o
                0x0000000040400aec                vAssertCalled
 .text.vApplicationIRQHandler
                0x0000000040400b24        0x4 /home/yanice/Desktop/CORTEX_A72_QEMU_FreeRTOS/Demo/CORTEX_A72_QEMU_MMK/build/main.o
                0x0000000040400b24                vApplicationIRQHandler
 .text.prvGetStats
                0x0000000040400b28       0x68 /home/yanice/Desktop/CORTEX_A72_QEMU_FreeRTOS/Demo/CORTEX_A72_QEMU_MMK/build/main_blinky.o
 .text.prvQueueSendTask
                0x0000000040400b90       0x50 /home/yanice/Desktop/CORTEX_A72_QEMU_FreeRTOS/Demo/CORTEX_A72_QEMU_MMK/build/main_blinky.o
 .text.prvQueueReceiveTask
                0x0000000040400be0       0x50 /home/yanice/Desktop/CORTEX_A72_QEMU_FreeRTOS/Demo/CORTEX_A72_QEMU_MMK/build/main_blinky.o
 .text.main_blinky
                0x0000000040400c30       0xd0 /home/yanice/Desktop/CORTEX_A72_QEMU_FreeRTOS/Demo/CORTEX_A72_QEMU_MMK/build/main_blinky.o
                0x0000000040400c30                main_blinky
 .text.memset   0x0000000040400d00       0x18 /home/yanice/Desktop/CORTEX_A72_QEMU_FreeRTOS/Demo/CORTEX_A72_QEMU_MMK/build/my_stdlib/src/my_mem.o
                0x0000000040400d00                memset
 .text.memcpy   0x0000000040400d18       0x24 /home/yanice/Desktop/CORTEX_A72_QEMU_FreeRTOS/Demo/CORTEX_A72_QEMU_MMK/build/my_stdlib/src/my_mem.o
                0x0000000040400d18                memcpy
 .text.strlen   0x0000000040400d3c       0x20 /home/yanice/Desktop/CORTEX_A72_QEMU_FreeRTOS/Demo/CORTEX_A72_QEMU_MMK/build/my_stdlib/src/my_mem.o
                0x0000000040400d3c                strlen
 .text.strcpy   0x0000000040400d5c       0x20 /home/yanice/Desktop/CORTEX_A72_QEMU_FreeRTOS/Demo/CORTEX_A72_QEMU_MMK/build/my_stdlib/src/my_mem.o
                0x0000000040400d5c                strcpy
 .text.skip_atoi
                0x0000000040400d7c       0x3c /home/yanice/Desktop/CORTEX_A72_QEMU_FreeRTOS/Demo/CORTEX_A72_QEMU_MMK/build/my_stdlib/src/my_stdio.o
 .text.vSendString
                0x0000000040400db8       0x54 /home/yanice/Desktop/CORTEX_A72_QEMU_FreeRTOS/Demo/CORTEX_A72_QEMU_MMK/build/my_stdlib/src/my_stdio.o
                0x0000000040400db8                vSendString
 .text.vSendStringISR
                0x0000000040400e0c       0x4c /home/yanice/Desktop/CORTEX_A72_QEMU_FreeRTOS/Demo/CORTEX_A72_QEMU_MMK/build/my_stdlib/src/my_stdio.o
                0x0000000040400e0c                vSendStringISR
 .text.intToHex
                0x0000000040400e58       0x8c /home/yanice/Desktop/CORTEX_A72_QEMU_FreeRTOS/Demo/CORTEX_A72_QEMU_MMK/build/my_stdlib/src/my_stdio.o
                0x0000000040400e58                intToHex
 .text.printHexISR
                0x0000000040400ee4       0x4c /home/yanice/Desktop/CORTEX_A72_QEMU_FreeRTOS/Demo/CORTEX_A72_QEMU_MMK/build/my_stdlib/src/my_stdio.o
                0x0000000040400ee4                printHexISR
 .text.printHex
                0x0000000040400f30       0x4c /home/yanice/Desktop/CORTEX_A72_QEMU_FreeRTOS/Demo/CORTEX_A72_QEMU_MMK/build/my_stdlib/src/my_stdio.o
                0x0000000040400f30                printHex
 .text._div     0x0000000040400f7c       0x18 /home/yanice/Desktop/CORTEX_A72_QEMU_FreeRTOS/Demo/CORTEX_A72_QEMU_MMK/build/my_stdlib/src/my_stdio.o
                0x0000000040400f7c                _div
 .text.Test_number
                0x0000000040400f94      0x254 /home/yanice/Desktop/CORTEX_A72_QEMU_FreeRTOS/Demo/CORTEX_A72_QEMU_MMK/build/my_stdlib/src/my_stdio.o
 .text.Test_strnlen
                0x00000000404011e8       0x28 /home/yanice/Desktop/CORTEX_A72_QEMU_FreeRTOS/Demo/CORTEX_A72_QEMU_MMK/build/my_stdlib/src/my_stdio.o
                0x00000000404011e8                Test_strnlen
 .text.Test_vsnprintf
                0x0000000040401210      0x6e8 /home/yanice/Desktop/CORTEX_A72_QEMU_FreeRTOS/Demo/CORTEX_A72_QEMU_MMK/build/my_stdlib/src/my_stdio.o
                0x0000000040401210                Test_vsnprintf
 .text.snprintf
                0x00000000404018f8       0x5c /home/yanice/Desktop/CORTEX_A72_QEMU_FreeRTOS/Demo/CORTEX_A72_QEMU_MMK/build/my_stdlib/src/my_stdio.o
                0x00000000404018f8                snprintf
 .text.sprintf  0x0000000040401954       0x68 /home/yanice/Desktop/CORTEX_A72_QEMU_FreeRTOS/Demo/CORTEX_A72_QEMU_MMK/build/my_stdlib/src/my_stdio.o
                0x0000000040401954                sprintf
 .text.printf   0x00000000404019bc       0xa8 /home/yanice/Desktop/CORTEX_A72_QEMU_FreeRTOS/Demo/CORTEX_A72_QEMU_MMK/build/my_stdlib/src/my_stdio.o
                0x00000000404019bc                printf
 .text.vListInitialise
                0x0000000040401a64       0x20 /home/yanice/Desktop/CORTEX_A72_QEMU_FreeRTOS/Demo/CORTEX_A72_QEMU_MMK/build/~/Desktop/FreeRTOS/FreeRTOS/Source/list.o
                0x0000000040401a64                vListInitialise
 .text.vListInitialiseItem
                0x0000000040401a84        0x8 /home/yanice/Desktop/CORTEX_A72_QEMU_FreeRTOS/Demo/CORTEX_A72_QEMU_MMK/build/~/Desktop/FreeRTOS/FreeRTOS/Source/list.o
                0x0000000040401a84                vListInitialiseItem
 .text.vListInsert
                0x0000000040401a8c       0x58 /home/yanice/Desktop/CORTEX_A72_QEMU_FreeRTOS/Demo/CORTEX_A72_QEMU_MMK/build/~/Desktop/FreeRTOS/FreeRTOS/Source/list.o
                0x0000000040401a8c                vListInsert
 .text.uxListRemove
                0x0000000040401ae4       0x44 /home/yanice/Desktop/CORTEX_A72_QEMU_FreeRTOS/Demo/CORTEX_A72_QEMU_MMK/build/~/Desktop/FreeRTOS/FreeRTOS/Source/list.o
                0x0000000040401ae4                uxListRemove
 .text.prvIsQueueFull
                0x0000000040401b28       0x44 /home/yanice/Desktop/CORTEX_A72_QEMU_FreeRTOS/Demo/CORTEX_A72_QEMU_MMK/build/~/Desktop/FreeRTOS/FreeRTOS/Source/queue.o
 .text.prvIsQueueEmpty
                0x0000000040401b6c       0x3c /home/yanice/Desktop/CORTEX_A72_QEMU_FreeRTOS/Demo/CORTEX_A72_QEMU_MMK/build/~/Desktop/FreeRTOS/FreeRTOS/Source/queue.o
 .text.prvCopyDataFromQueue
                0x0000000040401ba8       0x4c /home/yanice/Desktop/CORTEX_A72_QEMU_FreeRTOS/Demo/CORTEX_A72_QEMU_MMK/build/~/Desktop/FreeRTOS/FreeRTOS/Source/queue.o
 .text.prvCopyDataToQueue
                0x0000000040401bf4       0xf4 /home/yanice/Desktop/CORTEX_A72_QEMU_FreeRTOS/Demo/CORTEX_A72_QEMU_MMK/build/~/Desktop/FreeRTOS/FreeRTOS/Source/queue.o
 .text.prvUnlockQueue
                0x0000000040401ce8       0xac /home/yanice/Desktop/CORTEX_A72_QEMU_FreeRTOS/Demo/CORTEX_A72_QEMU_MMK/build/~/Desktop/FreeRTOS/FreeRTOS/Source/queue.o
 .text.xQueueGenericReset
                0x0000000040401d94       0xd4 /home/yanice/Desktop/CORTEX_A72_QEMU_FreeRTOS/Demo/CORTEX_A72_QEMU_MMK/build/~/Desktop/FreeRTOS/FreeRTOS/Source/queue.o
                0x0000000040401d94                xQueueGenericReset
 .text.prvInitialiseNewQueue
                0x0000000040401e68       0x48 /home/yanice/Desktop/CORTEX_A72_QEMU_FreeRTOS/Demo/CORTEX_A72_QEMU_MMK/build/~/Desktop/FreeRTOS/FreeRTOS/Source/queue.o
 .text.xQueueGenericCreate
                0x0000000040401eb0       0xa4 /home/yanice/Desktop/CORTEX_A72_QEMU_FreeRTOS/Demo/CORTEX_A72_QEMU_MMK/build/~/Desktop/FreeRTOS/FreeRTOS/Source/queue.o
                0x0000000040401eb0                xQueueGenericCreate
 .text.xQueueGenericSend
                0x0000000040401f54      0x1d4 /home/yanice/Desktop/CORTEX_A72_QEMU_FreeRTOS/Demo/CORTEX_A72_QEMU_MMK/build/~/Desktop/FreeRTOS/FreeRTOS/Source/queue.o
                0x0000000040401f54                xQueueGenericSend
 .text.xQueueReceive
                0x0000000040402128      0x1b0 /home/yanice/Desktop/CORTEX_A72_QEMU_FreeRTOS/Demo/CORTEX_A72_QEMU_MMK/build/~/Desktop/FreeRTOS/FreeRTOS/Source/queue.o
                0x0000000040402128                xQueueReceive
 .text.vQueueAddToRegistry
                0x00000000404022d8       0x90 /home/yanice/Desktop/CORTEX_A72_QEMU_FreeRTOS/Demo/CORTEX_A72_QEMU_MMK/build/~/Desktop/FreeRTOS/FreeRTOS/Source/queue.o
                0x00000000404022d8                vQueueAddToRegistry
 .text.vQueueWaitForMessageRestricted
                0x0000000040402368       0x88 /home/yanice/Desktop/CORTEX_A72_QEMU_FreeRTOS/Demo/CORTEX_A72_QEMU_MMK/build/~/Desktop/FreeRTOS/FreeRTOS/Source/queue.o
                0x0000000040402368                vQueueWaitForMessageRestricted
 .text.prvSnprintfReturnValueToCharsWritten
                0x00000000404023f0       0x24 /home/yanice/Desktop/CORTEX_A72_QEMU_FreeRTOS/Demo/CORTEX_A72_QEMU_MMK/build/~/Desktop/FreeRTOS/FreeRTOS/Source/tasks.o
 .text.prvTaskCheckFreeStackSpace
                0x0000000040402414       0x30 /home/yanice/Desktop/CORTEX_A72_QEMU_FreeRTOS/Demo/CORTEX_A72_QEMU_MMK/build/~/Desktop/FreeRTOS/FreeRTOS/Source/tasks.o
 .text.prvResetNextTaskUnblockTime
                0x0000000040402444       0x3c /home/yanice/Desktop/CORTEX_A72_QEMU_FreeRTOS/Demo/CORTEX_A72_QEMU_MMK/build/~/Desktop/FreeRTOS/FreeRTOS/Source/tasks.o
 .text.prvDeleteTCB
                0x0000000040402480       0x2c /home/yanice/Desktop/CORTEX_A72_QEMU_FreeRTOS/Demo/CORTEX_A72_QEMU_MMK/build/~/Desktop/FreeRTOS/FreeRTOS/Source/tasks.o
 .text.prvInitialiseNewTask
                0x00000000404024ac      0x100 /home/yanice/Desktop/CORTEX_A72_QEMU_FreeRTOS/Demo/CORTEX_A72_QEMU_MMK/build/~/Desktop/FreeRTOS/FreeRTOS/Source/tasks.o
 .text.prvCreateTask
                0x00000000404025ac       0xd8 /home/yanice/Desktop/CORTEX_A72_QEMU_FreeRTOS/Demo/CORTEX_A72_QEMU_MMK/build/~/Desktop/FreeRTOS/FreeRTOS/Source/tasks.o
 .text.prvInitialiseTaskLists
                0x0000000040402684       0x98 /home/yanice/Desktop/CORTEX_A72_QEMU_FreeRTOS/Demo/CORTEX_A72_QEMU_MMK/build/~/Desktop/FreeRTOS/FreeRTOS/Source/tasks.o
 .text.prvAddNewTaskToReadyList
                0x000000004040271c      0x138 /home/yanice/Desktop/CORTEX_A72_QEMU_FreeRTOS/Demo/CORTEX_A72_QEMU_MMK/build/~/Desktop/FreeRTOS/FreeRTOS/Source/tasks.o
 .text.prvCheckTasksWaitingTermination
                0x0000000040402854       0x7c /home/yanice/Desktop/CORTEX_A72_QEMU_FreeRTOS/Demo/CORTEX_A72_QEMU_MMK/build/~/Desktop/FreeRTOS/FreeRTOS/Source/tasks.o
 .text.prvIdleTask
                0x00000000404028d0       0x10 /home/yanice/Desktop/CORTEX_A72_QEMU_FreeRTOS/Demo/CORTEX_A72_QEMU_MMK/build/~/Desktop/FreeRTOS/FreeRTOS/Source/tasks.o
 .text.prvAddCurrentTaskToDelayedList
                0x00000000404028e0      0x150 /home/yanice/Desktop/CORTEX_A72_QEMU_FreeRTOS/Demo/CORTEX_A72_QEMU_MMK/build/~/Desktop/FreeRTOS/FreeRTOS/Source/tasks.o
 .text.prvWriteNameToBuffer
                0x0000000040402a30       0x48 /home/yanice/Desktop/CORTEX_A72_QEMU_FreeRTOS/Demo/CORTEX_A72_QEMU_MMK/build/~/Desktop/FreeRTOS/FreeRTOS/Source/tasks.o
 .text.xTaskCreate
                0x0000000040402a78       0x28 /home/yanice/Desktop/CORTEX_A72_QEMU_FreeRTOS/Demo/CORTEX_A72_QEMU_MMK/build/~/Desktop/FreeRTOS/FreeRTOS/Source/tasks.o
                0x0000000040402a78                xTaskCreate
 .text.prvCreateIdleTasks
                0x0000000040402aa0       0x88 /home/yanice/Desktop/CORTEX_A72_QEMU_FreeRTOS/Demo/CORTEX_A72_QEMU_MMK/build/~/Desktop/FreeRTOS/FreeRTOS/Source/tasks.o
 .text.eTaskGetState
                0x0000000040402b28      0x15c /home/yanice/Desktop/CORTEX_A72_QEMU_FreeRTOS/Demo/CORTEX_A72_QEMU_MMK/build/~/Desktop/FreeRTOS/FreeRTOS/Source/tasks.o
                0x0000000040402b28                eTaskGetState
 .text.vTaskStartScheduler
                0x0000000040402c84       0x78 /home/yanice/Desktop/CORTEX_A72_QEMU_FreeRTOS/Demo/CORTEX_A72_QEMU_MMK/build/~/Desktop/FreeRTOS/FreeRTOS/Source/tasks.o
                0x0000000040402c84                vTaskStartScheduler
 .text.vTaskSuspendAll
                0x0000000040402cfc       0x14 /home/yanice/Desktop/CORTEX_A72_QEMU_FreeRTOS/Demo/CORTEX_A72_QEMU_MMK/build/~/Desktop/FreeRTOS/FreeRTOS/Source/tasks.o
                0x0000000040402cfc                vTaskSuspendAll
 .text.xTaskGetTickCount
                0x0000000040402d10        0xc /home/yanice/Desktop/CORTEX_A72_QEMU_FreeRTOS/Demo/CORTEX_A72_QEMU_MMK/build/~/Desktop/FreeRTOS/FreeRTOS/Source/tasks.o
                0x0000000040402d10                xTaskGetTickCount
 .text.xTaskIncrementTick
                0x0000000040402d1c      0x270 /home/yanice/Desktop/CORTEX_A72_QEMU_FreeRTOS/Demo/CORTEX_A72_QEMU_MMK/build/~/Desktop/FreeRTOS/FreeRTOS/Source/tasks.o
                0x0000000040402d1c                xTaskIncrementTick
 .text.xTaskResumeAll
                0x0000000040402f8c      0x204 /home/yanice/Desktop/CORTEX_A72_QEMU_FreeRTOS/Demo/CORTEX_A72_QEMU_MMK/build/~/Desktop/FreeRTOS/FreeRTOS/Source/tasks.o
                0x0000000040402f8c                xTaskResumeAll
 .text.xTaskDelayUntil
                0x0000000040403190       0xe4 /home/yanice/Desktop/CORTEX_A72_QEMU_FreeRTOS/Demo/CORTEX_A72_QEMU_MMK/build/~/Desktop/FreeRTOS/FreeRTOS/Source/tasks.o
                0x0000000040403190                xTaskDelayUntil
 .text.vTaskSwitchContext
                0x0000000040403274      0x1cc /home/yanice/Desktop/CORTEX_A72_QEMU_FreeRTOS/Demo/CORTEX_A72_QEMU_MMK/build/~/Desktop/FreeRTOS/FreeRTOS/Source/tasks.o
                0x0000000040403274                vTaskSwitchContext
 .text.vTaskPlaceOnEventList
                0x0000000040403440       0x4c /home/yanice/Desktop/CORTEX_A72_QEMU_FreeRTOS/Demo/CORTEX_A72_QEMU_MMK/build/~/Desktop/FreeRTOS/FreeRTOS/Source/tasks.o
                0x0000000040403440                vTaskPlaceOnEventList
 .text.vTaskPlaceOnEventListRestricted
                0x000000004040348c       0x94 /home/yanice/Desktop/CORTEX_A72_QEMU_FreeRTOS/Demo/CORTEX_A72_QEMU_MMK/build/~/Desktop/FreeRTOS/FreeRTOS/Source/tasks.o
                0x000000004040348c                vTaskPlaceOnEventListRestricted
 .text.xTaskRemoveFromEventList
                0x0000000040403520      0x18c /home/yanice/Desktop/CORTEX_A72_QEMU_FreeRTOS/Demo/CORTEX_A72_QEMU_MMK/build/~/Desktop/FreeRTOS/FreeRTOS/Source/tasks.o
                0x0000000040403520                xTaskRemoveFromEventList
 .text.vTaskInternalSetTimeOutState
                0x00000000404036ac       0x1c /home/yanice/Desktop/CORTEX_A72_QEMU_FreeRTOS/Demo/CORTEX_A72_QEMU_MMK/build/~/Desktop/FreeRTOS/FreeRTOS/Source/tasks.o
                0x00000000404036ac                vTaskInternalSetTimeOutState
 .text.xTaskCheckForTimeOut
                0x00000000404036c8       0xe4 /home/yanice/Desktop/CORTEX_A72_QEMU_FreeRTOS/Demo/CORTEX_A72_QEMU_MMK/build/~/Desktop/FreeRTOS/FreeRTOS/Source/tasks.o
                0x00000000404036c8                xTaskCheckForTimeOut
 .text.vTaskMissedYield
                0x00000000404037ac       0x10 /home/yanice/Desktop/CORTEX_A72_QEMU_FreeRTOS/Demo/CORTEX_A72_QEMU_MMK/build/~/Desktop/FreeRTOS/FreeRTOS/Source/tasks.o
                0x00000000404037ac                vTaskMissedYield
 .text.vTaskGetInfo
                0x00000000404037bc      0x13c /home/yanice/Desktop/CORTEX_A72_QEMU_FreeRTOS/Demo/CORTEX_A72_QEMU_MMK/build/~/Desktop/FreeRTOS/FreeRTOS/Source/tasks.o
                0x00000000404037bc                vTaskGetInfo
 .text.prvListTasksWithinSingleList
                0x00000000404038f8       0x74 /home/yanice/Desktop/CORTEX_A72_QEMU_FreeRTOS/Demo/CORTEX_A72_QEMU_MMK/build/~/Desktop/FreeRTOS/FreeRTOS/Source/tasks.o
 .text.uxTaskGetSystemState
                0x000000004040396c      0x100 /home/yanice/Desktop/CORTEX_A72_QEMU_FreeRTOS/Demo/CORTEX_A72_QEMU_MMK/build/~/Desktop/FreeRTOS/FreeRTOS/Source/tasks.o
                0x000000004040396c                uxTaskGetSystemState
 .text.xTaskGetSchedulerState
                0x0000000040403a6c       0x30 /home/yanice/Desktop/CORTEX_A72_QEMU_FreeRTOS/Demo/CORTEX_A72_QEMU_MMK/build/~/Desktop/FreeRTOS/FreeRTOS/Source/tasks.o
                0x0000000040403a6c                xTaskGetSchedulerState
 .text.xTaskPriorityDisinherit
                0x0000000040403a9c      0x124 /home/yanice/Desktop/CORTEX_A72_QEMU_FreeRTOS/Demo/CORTEX_A72_QEMU_MMK/build/~/Desktop/FreeRTOS/FreeRTOS/Source/tasks.o
                0x0000000040403a9c                xTaskPriorityDisinherit
 .text.vTaskGetRunTimeStatistics
                0x0000000040403bc0      0x174 /home/yanice/Desktop/CORTEX_A72_QEMU_FreeRTOS/Demo/CORTEX_A72_QEMU_MMK/build/~/Desktop/FreeRTOS/FreeRTOS/Source/tasks.o
                0x0000000040403bc0                vTaskGetRunTimeStatistics
 .text.prvGetNextExpireTime
                0x0000000040403d34       0x38 /home/yanice/Desktop/CORTEX_A72_QEMU_FreeRTOS/Demo/CORTEX_A72_QEMU_MMK/build/~/Desktop/FreeRTOS/FreeRTOS/Source/timers.o
 .text.prvInsertTimerInActiveList
                0x0000000040403d6c       0x84 /home/yanice/Desktop/CORTEX_A72_QEMU_FreeRTOS/Demo/CORTEX_A72_QEMU_MMK/build/~/Desktop/FreeRTOS/FreeRTOS/Source/timers.o
 .text.prvReloadTimer
                0x0000000040403df0       0x60 /home/yanice/Desktop/CORTEX_A72_QEMU_FreeRTOS/Demo/CORTEX_A72_QEMU_MMK/build/~/Desktop/FreeRTOS/FreeRTOS/Source/timers.o
 .text.prvProcessExpiredTimer
                0x0000000040403e50       0x70 /home/yanice/Desktop/CORTEX_A72_QEMU_FreeRTOS/Demo/CORTEX_A72_QEMU_MMK/build/~/Desktop/FreeRTOS/FreeRTOS/Source/timers.o
 .text.prvSwitchTimerLists
                0x0000000040403ec0       0x6c /home/yanice/Desktop/CORTEX_A72_QEMU_FreeRTOS/Demo/CORTEX_A72_QEMU_MMK/build/~/Desktop/FreeRTOS/FreeRTOS/Source/timers.o
 .text.prvSampleTimeNow
                0x0000000040403f2c       0x54 /home/yanice/Desktop/CORTEX_A72_QEMU_FreeRTOS/Demo/CORTEX_A72_QEMU_MMK/build/~/Desktop/FreeRTOS/FreeRTOS/Source/timers.o
 .text.prvProcessTimerOrBlockTask
                0x0000000040403f80       0xb4 /home/yanice/Desktop/CORTEX_A72_QEMU_FreeRTOS/Demo/CORTEX_A72_QEMU_MMK/build/~/Desktop/FreeRTOS/FreeRTOS/Source/timers.o
 .text.prvProcessReceivedCommands
                0x0000000040404034      0x1a8 /home/yanice/Desktop/CORTEX_A72_QEMU_FreeRTOS/Demo/CORTEX_A72_QEMU_MMK/build/~/Desktop/FreeRTOS/FreeRTOS/Source/timers.o
 .text.prvTimerTask
                0x00000000404041dc       0x20 /home/yanice/Desktop/CORTEX_A72_QEMU_FreeRTOS/Demo/CORTEX_A72_QEMU_MMK/build/~/Desktop/FreeRTOS/FreeRTOS/Source/timers.o
 .text.prvCheckForValidListAndQueue
                0x00000000404041fc       0x90 /home/yanice/Desktop/CORTEX_A72_QEMU_FreeRTOS/Demo/CORTEX_A72_QEMU_MMK/build/~/Desktop/FreeRTOS/FreeRTOS/Source/timers.o
 .text.xTimerCreateTimerTask
                0x000000004040428c       0x68 /home/yanice/Desktop/CORTEX_A72_QEMU_FreeRTOS/Demo/CORTEX_A72_QEMU_MMK/build/~/Desktop/FreeRTOS/FreeRTOS/Source/timers.o
                0x000000004040428c                xTimerCreateTimerTask
 .text.prvHeapInit
                0x00000000404042f4       0x7c /home/yanice/Desktop/CORTEX_A72_QEMU_FreeRTOS/Demo/CORTEX_A72_QEMU_MMK/build//home/yanice/Desktop/CORTEX_A72_QEMU_FreeRTOS/Port/GCC/ARM_AARCH64_QEMU/heap_4.o
 .text.prvInsertBlockIntoFreeList
                0x0000000040404370       0xe4 /home/yanice/Desktop/CORTEX_A72_QEMU_FreeRTOS/Demo/CORTEX_A72_QEMU_MMK/build//home/yanice/Desktop/CORTEX_A72_QEMU_FreeRTOS/Port/GCC/ARM_AARCH64_QEMU/heap_4.o
 .text.pvPortMalloc
                0x0000000040404454      0x248 /home/yanice/Desktop/CORTEX_A72_QEMU_FreeRTOS/Demo/CORTEX_A72_QEMU_MMK/build//home/yanice/Desktop/CORTEX_A72_QEMU_FreeRTOS/Port/GCC/ARM_AARCH64_QEMU/heap_4.o
                0x0000000040404454                pvPortMalloc
 .text.vPortFree
                0x000000004040469c       0xb8 /home/yanice/Desktop/CORTEX_A72_QEMU_FreeRTOS/Demo/CORTEX_A72_QEMU_MMK/build//home/yanice/Desktop/CORTEX_A72_QEMU_FreeRTOS/Port/GCC/ARM_AARCH64_QEMU/heap_4.o
                0x000000004040469c                vPortFree
 .text.pxPortInitialiseStack
                0x0000000040404754      0x19c /home/yanice/Desktop/CORTEX_A72_QEMU_FreeRTOS/Demo/CORTEX_A72_QEMU_MMK/build//home/yanice/Desktop/CORTEX_A72_QEMU_FreeRTOS/Port/GCC/ARM_AARCH64_QEMU/port.o
                0x0000000040404754                pxPortInitialiseStack
 .text.xPortStartScheduler
                0x00000000404048f0       0xf8 /home/yanice/Desktop/CORTEX_A72_QEMU_FreeRTOS/Demo/CORTEX_A72_QEMU_MMK/build//home/yanice/Desktop/CORTEX_A72_QEMU_FreeRTOS/Port/GCC/ARM_AARCH64_QEMU/port.o
                0x00000000404048f0                xPortStartScheduler
 .text.vPortExitCritical
                0x00000000404049e8       0x58 /home/yanice/Desktop/CORTEX_A72_QEMU_FreeRTOS/Demo/CORTEX_A72_QEMU_MMK/build//home/yanice/Desktop/CORTEX_A72_QEMU_FreeRTOS/Port/GCC/ARM_AARCH64_QEMU/port.o
                0x00000000404049e8                vPortExitCritical
 .text.FreeRTOS_Tick_Handler
                0x0000000040404a40       0x8c /home/yanice/Desktop/CORTEX_A72_QEMU_FreeRTOS/Demo/CORTEX_A72_QEMU_MMK/build//home/yanice/Desktop/CORTEX_A72_QEMU_FreeRTOS/Port/GCC/ARM_AARCH64_QEMU/port.o
                0x0000000040404a40                FreeRTOS_Tick_Handler
 .text.uxPortSetInterruptMask
                0x0000000040404acc       0x58 /home/yanice/Desktop/CORTEX_A72_QEMU_FreeRTOS/Demo/CORTEX_A72_QEMU_MMK/build//home/yanice/Desktop/CORTEX_A72_QEMU_FreeRTOS/Port/GCC/ARM_AARCH64_QEMU/port.o
                0x0000000040404acc                uxPortSetInterruptMask
 .text.vPortEnterCritical
                0x0000000040404b24       0x44 /home/yanice/Desktop/CORTEX_A72_QEMU_FreeRTOS/Demo/CORTEX_A72_QEMU_MMK/build//home/yanice/Desktop/CORTEX_A72_QEMU_FreeRTOS/Port/GCC/ARM_AARCH64_QEMU/port.o
                0x0000000040404b24                vPortEnterCritical
 .text.init_gicc
                0x0000000040404b68       0x64 /home/yanice/Desktop/CORTEX_A72_QEMU_FreeRTOS/Demo/CORTEX_A72_QEMU_MMK/build//home/yanice/Desktop/CORTEX_A72_QEMU_FreeRTOS/Port/GCC/ARM_AARCH64_QEMU/Drivers/src/gic_v3.o
 .text.init_gicd
                0x0000000040404bcc      0x100 /home/yanice/Desktop/CORTEX_A72_QEMU_FreeRTOS/Demo/CORTEX_A72_QEMU_MMK/build//home/yanice/Desktop/CORTEX_A72_QEMU_FreeRTOS/Port/GCC/ARM_AARCH64_QEMU/Drivers/src/gic_v3.o
 .text.gicd_set_target
                0x0000000040404ccc       0x50 /home/yanice/Desktop/CORTEX_A72_QEMU_FreeRTOS/Demo/CORTEX_A72_QEMU_MMK/build//home/yanice/Desktop/CORTEX_A72_QEMU_FreeRTOS/Port/GCC/ARM_AARCH64_QEMU/Drivers/src/gic_v3.o
 .text.gicd_set_priority
                0x0000000040404d1c       0x54 /home/yanice/Desktop/CORTEX_A72_QEMU_FreeRTOS/Demo/CORTEX_A72_QEMU_MMK/build//home/yanice/Desktop/CORTEX_A72_QEMU_FreeRTOS/Port/GCC/ARM_AARCH64_QEMU/Drivers/src/gic_v3.o
 .text.gicd_config
                0x0000000040404d70       0x54 /home/yanice/Desktop/CORTEX_A72_QEMU_FreeRTOS/Demo/CORTEX_A72_QEMU_MMK/build//home/yanice/Desktop/CORTEX_A72_QEMU_FreeRTOS/Port/GCC/ARM_AARCH64_QEMU/Drivers/src/gic_v3.o
 .text.gicd_enable_int
                0x0000000040404dc4       0x40 /home/yanice/Desktop/CORTEX_A72_QEMU_FreeRTOS/Demo/CORTEX_A72_QEMU_MMK/build//home/yanice/Desktop/CORTEX_A72_QEMU_FreeRTOS/Port/GCC/ARM_AARCH64_QEMU/Drivers/src/gic_v3.o
                0x0000000040404dc4                gicd_enable_int
 .text.gicd_clear_pending
                0x0000000040404e04       0x40 /home/yanice/Desktop/CORTEX_A72_QEMU_FreeRTOS/Demo/CORTEX_A72_QEMU_MMK/build//home/yanice/Desktop/CORTEX_A72_QEMU_FreeRTOS/Port/GCC/ARM_AARCH64_QEMU/Drivers/src/gic_v3.o
                0x0000000040404e04                gicd_clear_pending
 .text.gic_v3_initialize
                0x0000000040404e44       0x4c /home/yanice/Desktop/CORTEX_A72_QEMU_FreeRTOS/Demo/CORTEX_A72_QEMU_MMK/build//home/yanice/Desktop/CORTEX_A72_QEMU_FreeRTOS/Port/GCC/ARM_AARCH64_QEMU/Drivers/src/gic_v3.o
                0x0000000040404e44                gic_v3_initialize
 .text.uartinit
                0x0000000040404e90       0x3c /home/yanice/Desktop/CORTEX_A72_QEMU_FreeRTOS/Demo/CORTEX_A72_QEMU_MMK/build//home/yanice/Desktop/CORTEX_A72_QEMU_FreeRTOS/Port/GCC/ARM_AARCH64_QEMU/Drivers/src/uart.o
                0x0000000040404e90                uartinit
 .text.uartputc_sync
                0x0000000040404ecc       0x1c /home/yanice/Desktop/CORTEX_A72_QEMU_FreeRTOS/Demo/CORTEX_A72_QEMU_MMK/build//home/yanice/Desktop/CORTEX_A72_QEMU_FreeRTOS/Port/GCC/ARM_AARCH64_QEMU/Drivers/src/uart.o
                0x0000000040404ecc                uartputc_sync
 *fill*         0x0000000040404ee8      0x118 
 .text          0x0000000040405000      0x844 /home/yanice/Desktop/CORTEX_A72_QEMU_FreeRTOS/Demo/CORTEX_A72_QEMU_MMK/build/vector.o
                0x0000000040405000                _freertos_vector_table
 *fill*         0x0000000040405844       0xbc 
 .text          0x0000000040405900      0x5f8 /home/yanice/Desktop/CORTEX_A72_QEMU_FreeRTOS/Demo/CORTEX_A72_QEMU_MMK/build//home/yanice/Desktop/CORTEX_A72_QEMU_FreeRTOS/Port/GCC/ARM_AARCH64_QEMU/portASM.o
                0x0000000040405900                FreeRTOS_SWI_Handler
                0x0000000040405b00                vPortRestoreTaskContext
                0x0000000040405c00                FreeRTOS_IRQ_Handler
 *(.gnu.linkonce.t.*)

.plt            0x0000000040405ef8        0x0
 .plt           0x0000000040405ef8        0x0 /home/yanice/Desktop/CORTEX_A72_QEMU_FreeRTOS/Demo/CORTEX_A72_QEMU_MMK/build/trace_time.o

.fini           0x0000000040405ef8        0x0
 *(SORT_NONE(.fini))
                0x0000000040405ef8                _etext = .

.rodata.align   0x0000000040405ef8        0x0
                0x0000000040405ef8                _rodata = .

.rodata.start   0x0000000040405ef8        0x0
                0x0000000040405ef8                _rodata_lma = LOADADDR (.rodata.start)

.rodata         0x0000000040405f00      0x448
 *(.rdata)
 *(.rodata .rodata.*)
 .rodata.startTimer.str1.8
                0x0000000040405f00       0x23 /home/yanice/Desktop/CORTEX_A72_QEMU_FreeRTOS/Demo/CORTEX_A72_QEMU_MMK/build/trace_time.o
 *fill*         0x0000000040405f23        0x5 
 .rodata.endTimer.str1.8
                0x0000000040405f28       0x1e /home/yanice/Desktop/CORTEX_A72_QEMU_FreeRTOS/Demo/CORTEX_A72_QEMU_MMK/build/trace_time.o
 *fill*         0x0000000040405f46        0x2 
 .rodata.vConfigureTickInterrupt.str1.8
                0x0000000040405f48       0x14 /home/yanice/Desktop/CORTEX_A72_QEMU_FreeRTOS/Demo/CORTEX_A72_QEMU_MMK/build/main.o
 *fill*         0x0000000040405f5c        0x4 
 .rodata.FreeRTOS_Error_Handler.str1.8
                0x0000000040405f60       0x1c /home/yanice/Desktop/CORTEX_A72_QEMU_FreeRTOS/Demo/CORTEX_A72_QEMU_MMK/build/main.o
 *fill*         0x0000000040405f7c        0x4 
 .rodata.FreeRTOS_SYNC_Handler.str1.8
                0x0000000040405f80       0x19 /home/yanice/Desktop/CORTEX_A72_QEMU_FreeRTOS/Demo/CORTEX_A72_QEMU_MMK/build/main.o
 *fill*         0x0000000040405f99        0x7 
 .rodata.main.str1.8
                0x0000000040405fa0       0x63 /home/yanice/Desktop/CORTEX_A72_QEMU_FreeRTOS/Demo/CORTEX_A72_QEMU_MMK/build/main.o
 *fill*         0x0000000040406003        0x5 
 .rodata.vApplicationMallocFailedHook.str1.8
                0x0000000040406008       0x15 /home/yanice/Desktop/CORTEX_A72_QEMU_FreeRTOS/Demo/CORTEX_A72_QEMU_MMK/build/main.o
 *fill*         0x000000004040601d        0x3 
 .rodata.vApplicationStackOverflowHook.str1.8
                0x0000000040406020       0x11 /home/yanice/Desktop/CORTEX_A72_QEMU_FreeRTOS/Demo/CORTEX_A72_QEMU_MMK/build/main.o
 *fill*         0x0000000040406031        0x7 
 .rodata.vAssertCalled.str1.8
                0x0000000040406038       0x10 /home/yanice/Desktop/CORTEX_A72_QEMU_FreeRTOS/Demo/CORTEX_A72_QEMU_MMK/build/main.o
 .rodata.prvGetStats.str1.8
                0x0000000040406048       0x2f /home/yanice/Desktop/CORTEX_A72_QEMU_FreeRTOS/Demo/CORTEX_A72_QEMU_MMK/build/main_blinky.o
 *fill*         0x0000000040406077        0x1 
 .rodata.prvQueueSendTask.str1.8
                0x0000000040406078        0xb /home/yanice/Desktop/CORTEX_A72_QEMU_FreeRTOS/Demo/CORTEX_A72_QEMU_MMK/build/main_blinky.o
 *fill*         0x0000000040406083        0x5 
 .rodata.prvQueueReceiveTask.str1.8
                0x0000000040406088       0x21 /home/yanice/Desktop/CORTEX_A72_QEMU_FreeRTOS/Demo/CORTEX_A72_QEMU_MMK/build/main_blinky.o
 *fill*         0x00000000404060a9        0x7 
 .rodata.main_blinky.str1.8
                0x00000000404060b0       0x59 /home/yanice/Desktop/CORTEX_A72_QEMU_FreeRTOS/Demo/CORTEX_A72_QEMU_MMK/build/main_blinky.o
 *fill*         0x0000000040406109        0x7 
 .rodata.intToHex.str1.8
                0x0000000040406110       0x11 /home/yanice/Desktop/CORTEX_A72_QEMU_FreeRTOS/Demo/CORTEX_A72_QEMU_MMK/build/my_stdlib/src/my_stdio.o
 *fill*         0x0000000040406121        0x7 
 .rodata.printHexISR.str1.8
                0x0000000040406128        0x3 /home/yanice/Desktop/CORTEX_A72_QEMU_FreeRTOS/Demo/CORTEX_A72_QEMU_MMK/build/my_stdlib/src/my_stdio.o
                                          0xa (size before relaxing)
 *fill*         0x000000004040612b        0x5 
 .rodata.Test_number.str1.8
                0x0000000040406130       0x4d /home/yanice/Desktop/CORTEX_A72_QEMU_FreeRTOS/Demo/CORTEX_A72_QEMU_MMK/build/my_stdlib/src/my_stdio.o
 *fill*         0x000000004040617d        0x3 
 .rodata.printf.str1.8
                0x0000000040406180       0x12 /home/yanice/Desktop/CORTEX_A72_QEMU_FreeRTOS/Demo/CORTEX_A72_QEMU_MMK/build/my_stdlib/src/my_stdio.o
 *fill*         0x0000000040406192        0x6 
 .rodata.xQueueGenericCreate.str1.8
                0x0000000040406198       0x14 /home/yanice/Desktop/CORTEX_A72_QEMU_FreeRTOS/Demo/CORTEX_A72_QEMU_MMK/build/~/Desktop/FreeRTOS/FreeRTOS/Source/queue.o
 *fill*         0x00000000404061ac        0x4 
 .rodata.xQueueGenericSend.str1.8
                0x00000000404061b0       0x12 /home/yanice/Desktop/CORTEX_A72_QEMU_FreeRTOS/Demo/CORTEX_A72_QEMU_MMK/build/~/Desktop/FreeRTOS/FreeRTOS/Source/queue.o
 *fill*         0x00000000404061c2        0x6 
 .rodata.xQueueReceive.str1.8
                0x00000000404061c8       0x15 /home/yanice/Desktop/CORTEX_A72_QEMU_FreeRTOS/Demo/CORTEX_A72_QEMU_MMK/build/~/Desktop/FreeRTOS/FreeRTOS/Source/queue.o
 *fill*         0x00000000404061dd        0x3 
 .rodata.prvCreateIdleTasks.str1.8
                0x00000000404061e0        0x5 /home/yanice/Desktop/CORTEX_A72_QEMU_FreeRTOS/Demo/CORTEX_A72_QEMU_MMK/build/~/Desktop/FreeRTOS/FreeRTOS/Source/tasks.o
 *fill*         0x00000000404061e5        0x3 
 .rodata.vTaskSwitchContext.str1.8
                0x00000000404061e8       0x13 /home/yanice/Desktop/CORTEX_A72_QEMU_FreeRTOS/Demo/CORTEX_A72_QEMU_MMK/build/~/Desktop/FreeRTOS/FreeRTOS/Source/tasks.o
 *fill*         0x00000000404061fb        0x5 
 .rodata.vTaskGetRunTimeStatistics.str1.8
                0x0000000040406200       0x1c /home/yanice/Desktop/CORTEX_A72_QEMU_FreeRTOS/Demo/CORTEX_A72_QEMU_MMK/build/~/Desktop/FreeRTOS/FreeRTOS/Source/tasks.o
 *fill*         0x000000004040621c        0x4 
 .rodata.prvCheckForValidListAndQueue.str1.8
                0x0000000040406220        0x5 /home/yanice/Desktop/CORTEX_A72_QEMU_FreeRTOS/Demo/CORTEX_A72_QEMU_MMK/build/~/Desktop/FreeRTOS/FreeRTOS/Source/timers.o
 *fill*         0x0000000040406225        0x3 
 .rodata.xTimerCreateTimerTask.str1.8
                0x0000000040406228        0x8 /home/yanice/Desktop/CORTEX_A72_QEMU_FreeRTOS/Demo/CORTEX_A72_QEMU_MMK/build/~/Desktop/FreeRTOS/FreeRTOS/Source/timers.o
 .rodata.ullICCEOIR
                0x0000000040406230        0x8 /home/yanice/Desktop/CORTEX_A72_QEMU_FreeRTOS/Demo/CORTEX_A72_QEMU_MMK/build//home/yanice/Desktop/CORTEX_A72_QEMU_FreeRTOS/Port/GCC/ARM_AARCH64_QEMU/port.o
                0x0000000040406230                ullICCEOIR
 .rodata.ullICCIAR
                0x0000000040406238        0x8 /home/yanice/Desktop/CORTEX_A72_QEMU_FreeRTOS/Demo/CORTEX_A72_QEMU_MMK/build//home/yanice/Desktop/CORTEX_A72_QEMU_FreeRTOS/Port/GCC/ARM_AARCH64_QEMU/port.o
                0x0000000040406238                ullICCIAR
 .rodata.ullICCPMR
                0x0000000040406240        0x8 /home/yanice/Desktop/CORTEX_A72_QEMU_FreeRTOS/Demo/CORTEX_A72_QEMU_MMK/build//home/yanice/Desktop/CORTEX_A72_QEMU_FreeRTOS/Port/GCC/ARM_AARCH64_QEMU/port.o
                0x0000000040406240                ullICCPMR
 .rodata.ullMaxAPIPriorityMask
                0x0000000040406248        0x8 /home/yanice/Desktop/CORTEX_A72_QEMU_FreeRTOS/Demo/CORTEX_A72_QEMU_MMK/build//home/yanice/Desktop/CORTEX_A72_QEMU_FreeRTOS/Port/GCC/ARM_AARCH64_QEMU/port.o
                0x0000000040406248                ullMaxAPIPriorityMask
 *fill*         0x0000000040406250       0xb0 
 .rodata        0x0000000040406300       0x48 /home/yanice/Desktop/CORTEX_A72_QEMU_FreeRTOS/Demo/CORTEX_A72_QEMU_MMK/build//home/yanice/Desktop/CORTEX_A72_QEMU_FreeRTOS/Port/GCC/ARM_AARCH64_QEMU/portASM.o
                0x0000000040406300                pxCurrentTCBConst
                0x0000000040406328                ullPortInterruptNestingConst
 *(.gnu.linkonce.r.*)
                0x0000000040406348                . = ALIGN (0x4)
                0x0000000040406348                _erodata = .

.interp         0x0000000040406348       0x1b
 .interp        0x0000000040406348       0x1b /home/yanice/Desktop/CORTEX_A72_QEMU_FreeRTOS/Demo/CORTEX_A72_QEMU_MMK/build/trace_time.o

.note.gnu.build-id
                0x0000000040406364       0x24
 .note.gnu.build-id
                0x0000000040406364       0x24 /home/yanice/Desktop/CORTEX_A72_QEMU_FreeRTOS/Demo/CORTEX_A72_QEMU_MMK/build/trace_time.o

.gnu.version_d  0x0000000040406388        0x0
 .gnu.version_d
                0x0000000040406388        0x0 /home/yanice/Desktop/CORTEX_A72_QEMU_FreeRTOS/Demo/CORTEX_A72_QEMU_MMK/build/trace_time.o

.gnu.version    0x0000000040406388        0x0
 .gnu.version   0x0000000040406388        0x0 /home/yanice/Desktop/CORTEX_A72_QEMU_FreeRTOS/Demo/CORTEX_A72_QEMU_MMK/build/trace_time.o

.gnu.version_r  0x0000000040406388        0x0
 .gnu.version_r
                0x0000000040406388        0x0 /home/yanice/Desktop/CORTEX_A72_QEMU_FreeRTOS/Demo/CORTEX_A72_QEMU_MMK/build/trace_time.o

.dynsym         0x0000000040406388       0x48
 .dynsym        0x0000000040406388       0x48 /home/yanice/Desktop/CORTEX_A72_QEMU_FreeRTOS/Demo/CORTEX_A72_QEMU_MMK/build/trace_time.o

.dynstr         0x00000000404063d0        0x1
 .dynstr        0x00000000404063d0        0x1 /home/yanice/Desktop/CORTEX_A72_QEMU_FreeRTOS/Demo/CORTEX_A72_QEMU_MMK/build/trace_time.o

.gnu.hash       0x00000000404063d8       0x1c
 .gnu.hash      0x00000000404063d8       0x1c /home/yanice/Desktop/CORTEX_A72_QEMU_FreeRTOS/Demo/CORTEX_A72_QEMU_MMK/build/trace_time.o

.eh_frame_hdr   0x00000000404063f4        0x0
 .eh_frame_hdr  0x00000000404063f4        0x0 /home/yanice/Desktop/CORTEX_A72_QEMU_FreeRTOS/Demo/CORTEX_A72_QEMU_MMK/build/trace_time.o

.rela.dyn       0x00000000404063f8       0xf0
 .rela.got      0x00000000404063f8        0x0 /home/yanice/Desktop/CORTEX_A72_QEMU_FreeRTOS/Demo/CORTEX_A72_QEMU_MMK/build/trace_time.o
 .rela.plt      0x00000000404063f8        0x0 /home/yanice/Desktop/CORTEX_A72_QEMU_FreeRTOS/Demo/CORTEX_A72_QEMU_MMK/build/trace_time.o
 .rela.bss      0x00000000404063f8        0x0 /home/yanice/Desktop/CORTEX_A72_QEMU_FreeRTOS/Demo/CORTEX_A72_QEMU_MMK/build/trace_time.o
 .rela.data.rel.ro
                0x00000000404063f8        0x0 /home/yanice/Desktop/CORTEX_A72_QEMU_FreeRTOS/Demo/CORTEX_A72_QEMU_MMK/build/trace_time.o
 .rela.ifunc    0x00000000404063f8        0x0 /home/yanice/Desktop/CORTEX_A72_QEMU_FreeRTOS/Demo/CORTEX_A72_QEMU_MMK/build/trace_time.o
 .rela.text     0x00000000404063f8       0x18 /home/yanice/Desktop/CORTEX_A72_QEMU_FreeRTOS/Demo/CORTEX_A72_QEMU_MMK/build/trace_time.o
 .rela.rodata   0x0000000040406410       0xd8 /home/yanice/Desktop/CORTEX_A72_QEMU_FreeRTOS/Demo/CORTEX_A72_QEMU_MMK/build/trace_time.o

.data.align     0x0000000040480000        0x0 load address 0x00000000404064e8
                0x0000000040480000                . = ALIGN (0x4)
                0x0000000040480000                _data = .

.data.start     0x0000000040480000        0x0 load address 0x00000000404064e8
                0x00000000404064e8                _data_lma = LOADADDR (.data.start)

.data           0x0000000040480000       0x10 load address 0x00000000404064e8
 *(.data .data.*)
 .data.rel.ro   0x0000000040480000        0x0 /home/yanice/Desktop/CORTEX_A72_QEMU_FreeRTOS/Demo/CORTEX_A72_QEMU_MMK/build/trace_time.o
 .data.uxTopUsedPriority
                0x0000000040480000        0x8 /home/yanice/Desktop/CORTEX_A72_QEMU_FreeRTOS/Demo/CORTEX_A72_QEMU_MMK/build/~/Desktop/FreeRTOS/FreeRTOS/Source/tasks.o
 .data.ullCriticalNesting
                0x0000000040480008        0x8 /home/yanice/Desktop/CORTEX_A72_QEMU_FreeRTOS/Demo/CORTEX_A72_QEMU_MMK/build//home/yanice/Desktop/CORTEX_A72_QEMU_FreeRTOS/Port/GCC/ARM_AARCH64_QEMU/port.o
                0x0000000040480008                ullCriticalNesting
 *(.gnu.linkonce.d.*)
                0x0000000040480010                . = ALIGN (0x8)
                [!provide]                        PROVIDE (__global_pointer$ = (. + 0x800))
 *(.sdata .sdata.*)
 *(.sdata2 .sdata2.*)
 *(.gnu.linkonce.s.*)
                0x0000000040480010                . = ALIGN (0x8)
 *(.srodata.cst16)
 *(.srodata.cst8)
 *(.srodata.cst4)
 *(.srodata.cst2)
 *(.srodata .srodata.*)
                0x0000000040480010                . = ALIGN (0x4)
                0x0000000040480010                _edata = .

.dynamic        0x0000000040480010      0x120 load address 0x00000000404064f8
 .dynamic       0x0000000040480010      0x120 /home/yanice/Desktop/CORTEX_A72_QEMU_FreeRTOS/Demo/CORTEX_A72_QEMU_MMK/build/trace_time.o
                0x0000000040480010                _DYNAMIC

.got            0x0000000040480130        0x8 load address 0x0000000040406618
 .got           0x0000000040480130        0x8 /home/yanice/Desktop/CORTEX_A72_QEMU_FreeRTOS/Demo/CORTEX_A72_QEMU_MMK/build/trace_time.o
                0x0000000040480130                _GLOBAL_OFFSET_TABLE_

.got.plt        0x0000000040480138       0x18 load address 0x0000000040406620
 .got.plt       0x0000000040480138       0x18 /home/yanice/Desktop/CORTEX_A72_QEMU_FreeRTOS/Demo/CORTEX_A72_QEMU_MMK/build/trace_time.o

.tdata          0x0000000040406638        0x0
 *(.tdata .tdata.*)

.tbss           0x0000000040406638        0x0
 *(.tbss .tbss.* .gnu.linkonce.tb.*)
 *(.tcommon)
                [!provide]                        PROVIDE (__tbss_end = .)
                [!provide]                        PROVIDE (__tls_end = .)
                [!provide]                        PROVIDE (__tdata_source = LOADADDR (.tdata))
                [!provide]                        PROVIDE (__tdata_source_end = (LOADADDR (.tdata) + SIZEOF (.tdata)))
                [!provide]                        PROVIDE (__tdata_size = SIZEOF (.tdata))
                [!provide]                        PROVIDE (__tbss_offset = (ADDR (.tbss) - ADDR (.tdata)))
                [!provide]                        PROVIDE (__tbss_start = ADDR (.tbss))
                [!provide]                        PROVIDE (__tbss_size = SIZEOF (.tbss))
                [!provide]                        PROVIDE (__tls_size = (__tls_end - ADDR (.tdata)))
                [!provide]                        PROVIDE (__tls_align = MAX (ALIGNOF (.tdata), ALIGNOF (.tbss)))

.bss.align      0x0000000040480150        0x0 load address 0x0000000040406638
                0x0000000040480150                . = ALIGN (0x4)
                0x0000000040480150                _bss = .

.bss.start      0x0000000040480150        0x0 load address 0x0000000040406638
                0x0000000040406638                _bss_lma = LOADADDR (.bss.start)

.bss            0x0000000040480150    0x10158 load address 0x0000000040406638
 *(.sbss*)
 *(.gnu.linkonce.sb.*)
 *(.bss .bss.*)
 .bss.time      0x0000000040480150      0x200 /home/yanice/Desktop/CORTEX_A72_QEMU_FreeRTOS/Demo/CORTEX_A72_QEMU_MMK/build/trace_time.o
                0x0000000040480150                time
 .bss.trace_nest
                0x0000000040480350        0x4 /home/yanice/Desktop/CORTEX_A72_QEMU_FreeRTOS/Demo/CORTEX_A72_QEMU_MMK/build/trace_time.o
                0x0000000040480350                trace_nest
 *fill*         0x0000000040480354        0x4 
 .bss.xQueue    0x0000000040480358        0x8 /home/yanice/Desktop/CORTEX_A72_QEMU_FreeRTOS/Demo/CORTEX_A72_QEMU_MMK/build/main_blinky.o
 .bss.xQueueRegistry
                0x0000000040480360       0x20 /home/yanice/Desktop/CORTEX_A72_QEMU_FreeRTOS/Demo/CORTEX_A72_QEMU_MMK/build/~/Desktop/FreeRTOS/FreeRTOS/Source/queue.o
                0x0000000040480360                xQueueRegistry
 .bss.pxCurrentTCB
                0x0000000040480380        0x8 /home/yanice/Desktop/CORTEX_A72_QEMU_FreeRTOS/Demo/CORTEX_A72_QEMU_MMK/build/~/Desktop/FreeRTOS/FreeRTOS/Source/tasks.o
                0x0000000040480380                pxCurrentTCB
 .bss.pxDelayedTaskList
                0x0000000040480388        0x8 /home/yanice/Desktop/CORTEX_A72_QEMU_FreeRTOS/Demo/CORTEX_A72_QEMU_MMK/build/~/Desktop/FreeRTOS/FreeRTOS/Source/tasks.o
 .bss.pxOverflowDelayedTaskList
                0x0000000040480390        0x8 /home/yanice/Desktop/CORTEX_A72_QEMU_FreeRTOS/Demo/CORTEX_A72_QEMU_MMK/build/~/Desktop/FreeRTOS/FreeRTOS/Source/tasks.o
 .bss.pxReadyTasksLists
                0x0000000040480398      0x118 /home/yanice/Desktop/CORTEX_A72_QEMU_FreeRTOS/Demo/CORTEX_A72_QEMU_MMK/build/~/Desktop/FreeRTOS/FreeRTOS/Source/tasks.o
 .bss.ulTaskSwitchedInTime
                0x00000000404804b0        0x4 /home/yanice/Desktop/CORTEX_A72_QEMU_FreeRTOS/Demo/CORTEX_A72_QEMU_MMK/build/~/Desktop/FreeRTOS/FreeRTOS/Source/tasks.o
 *fill*         0x00000000404804b4        0x4 
 .bss.ulTotalRunTime
                0x00000000404804b8        0x4 /home/yanice/Desktop/CORTEX_A72_QEMU_FreeRTOS/Demo/CORTEX_A72_QEMU_MMK/build/~/Desktop/FreeRTOS/FreeRTOS/Source/tasks.o
 *fill*         0x00000000404804bc        0x4 
 .bss.uxCurrentNumberOfTasks
                0x00000000404804c0        0x8 /home/yanice/Desktop/CORTEX_A72_QEMU_FreeRTOS/Demo/CORTEX_A72_QEMU_MMK/build/~/Desktop/FreeRTOS/FreeRTOS/Source/tasks.o
 .bss.uxDeletedTasksWaitingCleanUp
                0x00000000404804c8        0x8 /home/yanice/Desktop/CORTEX_A72_QEMU_FreeRTOS/Demo/CORTEX_A72_QEMU_MMK/build/~/Desktop/FreeRTOS/FreeRTOS/Source/tasks.o
 .bss.uxSchedulerSuspended
                0x00000000404804d0        0x8 /home/yanice/Desktop/CORTEX_A72_QEMU_FreeRTOS/Demo/CORTEX_A72_QEMU_MMK/build/~/Desktop/FreeRTOS/FreeRTOS/Source/tasks.o
 .bss.uxTaskNumber
                0x00000000404804d8        0x8 /home/yanice/Desktop/CORTEX_A72_QEMU_FreeRTOS/Demo/CORTEX_A72_QEMU_MMK/build/~/Desktop/FreeRTOS/FreeRTOS/Source/tasks.o
 .bss.uxTopReadyPriority
                0x00000000404804e0        0x8 /home/yanice/Desktop/CORTEX_A72_QEMU_FreeRTOS/Demo/CORTEX_A72_QEMU_MMK/build/~/Desktop/FreeRTOS/FreeRTOS/Source/tasks.o
 .bss.xDelayedTaskList1
                0x00000000404804e8       0x28 /home/yanice/Desktop/CORTEX_A72_QEMU_FreeRTOS/Demo/CORTEX_A72_QEMU_MMK/build/~/Desktop/FreeRTOS/FreeRTOS/Source/tasks.o
 .bss.xDelayedTaskList2
                0x0000000040480510       0x28 /home/yanice/Desktop/CORTEX_A72_QEMU_FreeRTOS/Demo/CORTEX_A72_QEMU_MMK/build/~/Desktop/FreeRTOS/FreeRTOS/Source/tasks.o
 .bss.xIdleTaskHandles
                0x0000000040480538        0x8 /home/yanice/Desktop/CORTEX_A72_QEMU_FreeRTOS/Demo/CORTEX_A72_QEMU_MMK/build/~/Desktop/FreeRTOS/FreeRTOS/Source/tasks.o
 .bss.xNextTaskUnblockTime
                0x0000000040480540        0x8 /home/yanice/Desktop/CORTEX_A72_QEMU_FreeRTOS/Demo/CORTEX_A72_QEMU_MMK/build/~/Desktop/FreeRTOS/FreeRTOS/Source/tasks.o
 .bss.xNumOfOverflows
                0x0000000040480548        0x8 /home/yanice/Desktop/CORTEX_A72_QEMU_FreeRTOS/Demo/CORTEX_A72_QEMU_MMK/build/~/Desktop/FreeRTOS/FreeRTOS/Source/tasks.o
 .bss.xPendedTicks
                0x0000000040480550        0x8 /home/yanice/Desktop/CORTEX_A72_QEMU_FreeRTOS/Demo/CORTEX_A72_QEMU_MMK/build/~/Desktop/FreeRTOS/FreeRTOS/Source/tasks.o
 .bss.xPendingReadyList
                0x0000000040480558       0x28 /home/yanice/Desktop/CORTEX_A72_QEMU_FreeRTOS/Demo/CORTEX_A72_QEMU_MMK/build/~/Desktop/FreeRTOS/FreeRTOS/Source/tasks.o
 .bss.xSchedulerRunning
                0x0000000040480580        0x8 /home/yanice/Desktop/CORTEX_A72_QEMU_FreeRTOS/Demo/CORTEX_A72_QEMU_MMK/build/~/Desktop/FreeRTOS/FreeRTOS/Source/tasks.o
 .bss.xSuspendedTaskList
                0x0000000040480588       0x28 /home/yanice/Desktop/CORTEX_A72_QEMU_FreeRTOS/Demo/CORTEX_A72_QEMU_MMK/build/~/Desktop/FreeRTOS/FreeRTOS/Source/tasks.o
 .bss.xTasksWaitingTermination
                0x00000000404805b0       0x28 /home/yanice/Desktop/CORTEX_A72_QEMU_FreeRTOS/Demo/CORTEX_A72_QEMU_MMK/build/~/Desktop/FreeRTOS/FreeRTOS/Source/tasks.o
 .bss.xTickCount
                0x00000000404805d8        0x8 /home/yanice/Desktop/CORTEX_A72_QEMU_FreeRTOS/Demo/CORTEX_A72_QEMU_MMK/build/~/Desktop/FreeRTOS/FreeRTOS/Source/tasks.o
 .bss.xYieldPendings
                0x00000000404805e0        0x8 /home/yanice/Desktop/CORTEX_A72_QEMU_FreeRTOS/Demo/CORTEX_A72_QEMU_MMK/build/~/Desktop/FreeRTOS/FreeRTOS/Source/tasks.o
 .bss.pxCurrentTimerList
                0x00000000404805e8        0x8 /home/yanice/Desktop/CORTEX_A72_QEMU_FreeRTOS/Demo/CORTEX_A72_QEMU_MMK/build/~/Desktop/FreeRTOS/FreeRTOS/Source/timers.o
 .bss.pxOverflowTimerList
                0x00000000404805f0        0x8 /home/yanice/Desktop/CORTEX_A72_QEMU_FreeRTOS/Demo/CORTEX_A72_QEMU_MMK/build/~/Desktop/FreeRTOS/FreeRTOS/Source/timers.o
 .bss.xActiveTimerList1
                0x00000000404805f8       0x28 /home/yanice/Desktop/CORTEX_A72_QEMU_FreeRTOS/Demo/CORTEX_A72_QEMU_MMK/build/~/Desktop/FreeRTOS/FreeRTOS/Source/timers.o
 .bss.xActiveTimerList2
                0x0000000040480620       0x28 /home/yanice/Desktop/CORTEX_A72_QEMU_FreeRTOS/Demo/CORTEX_A72_QEMU_MMK/build/~/Desktop/FreeRTOS/FreeRTOS/Source/timers.o
 .bss.xLastTime.2548
                0x0000000040480648        0x8 /home/yanice/Desktop/CORTEX_A72_QEMU_FreeRTOS/Demo/CORTEX_A72_QEMU_MMK/build/~/Desktop/FreeRTOS/FreeRTOS/Source/timers.o
 .bss.xTimerQueue
                0x0000000040480650        0x8 /home/yanice/Desktop/CORTEX_A72_QEMU_FreeRTOS/Demo/CORTEX_A72_QEMU_MMK/build/~/Desktop/FreeRTOS/FreeRTOS/Source/timers.o
 .bss.xTimerTaskHandle
                0x0000000040480658        0x8 /home/yanice/Desktop/CORTEX_A72_QEMU_FreeRTOS/Demo/CORTEX_A72_QEMU_MMK/build/~/Desktop/FreeRTOS/FreeRTOS/Source/timers.o
 .bss.pxEnd     0x0000000040480660        0x8 /home/yanice/Desktop/CORTEX_A72_QEMU_FreeRTOS/Demo/CORTEX_A72_QEMU_MMK/build//home/yanice/Desktop/CORTEX_A72_QEMU_FreeRTOS/Port/GCC/ARM_AARCH64_QEMU/heap_4.o
 .bss.ucHeap    0x0000000040480668     0xfbf4 /home/yanice/Desktop/CORTEX_A72_QEMU_FreeRTOS/Demo/CORTEX_A72_QEMU_MMK/build//home/yanice/Desktop/CORTEX_A72_QEMU_FreeRTOS/Port/GCC/ARM_AARCH64_QEMU/heap_4.o
 *fill*         0x000000004049025c        0x4 
 .bss.xFreeBytesRemaining
                0x0000000040490260        0x8 /home/yanice/Desktop/CORTEX_A72_QEMU_FreeRTOS/Demo/CORTEX_A72_QEMU_MMK/build//home/yanice/Desktop/CORTEX_A72_QEMU_FreeRTOS/Port/GCC/ARM_AARCH64_QEMU/heap_4.o
 .bss.xMinimumEverFreeBytesRemaining
                0x0000000040490268        0x8 /home/yanice/Desktop/CORTEX_A72_QEMU_FreeRTOS/Demo/CORTEX_A72_QEMU_MMK/build//home/yanice/Desktop/CORTEX_A72_QEMU_FreeRTOS/Port/GCC/ARM_AARCH64_QEMU/heap_4.o
 .bss.xNumberOfSuccessfulAllocations
                0x0000000040490270        0x8 /home/yanice/Desktop/CORTEX_A72_QEMU_FreeRTOS/Demo/CORTEX_A72_QEMU_MMK/build//home/yanice/Desktop/CORTEX_A72_QEMU_FreeRTOS/Port/GCC/ARM_AARCH64_QEMU/heap_4.o
 .bss.xNumberOfSuccessfulFrees
                0x0000000040490278        0x8 /home/yanice/Desktop/CORTEX_A72_QEMU_FreeRTOS/Demo/CORTEX_A72_QEMU_MMK/build//home/yanice/Desktop/CORTEX_A72_QEMU_FreeRTOS/Port/GCC/ARM_AARCH64_QEMU/heap_4.o
 .bss.xStart    0x0000000040490280       0x10 /home/yanice/Desktop/CORTEX_A72_QEMU_FreeRTOS/Demo/CORTEX_A72_QEMU_MMK/build//home/yanice/Desktop/CORTEX_A72_QEMU_FreeRTOS/Port/GCC/ARM_AARCH64_QEMU/heap_4.o
 .bss.ullPortInterruptNesting
                0x0000000040490290        0x8 /home/yanice/Desktop/CORTEX_A72_QEMU_FreeRTOS/Demo/CORTEX_A72_QEMU_MMK/build//home/yanice/Desktop/CORTEX_A72_QEMU_FreeRTOS/Port/GCC/ARM_AARCH64_QEMU/port.o
                0x0000000040490290                ullPortInterruptNesting
 .bss.ullPortTaskHasFPUContext
                0x0000000040490298        0x8 /home/yanice/Desktop/CORTEX_A72_QEMU_FreeRTOS/Demo/CORTEX_A72_QEMU_MMK/build//home/yanice/Desktop/CORTEX_A72_QEMU_FreeRTOS/Port/GCC/ARM_AARCH64_QEMU/port.o
                0x0000000040490298                ullPortTaskHasFPUContext
 .bss.ullPortYieldRequired
                0x00000000404902a0        0x8 /home/yanice/Desktop/CORTEX_A72_QEMU_FreeRTOS/Demo/CORTEX_A72_QEMU_MMK/build//home/yanice/Desktop/CORTEX_A72_QEMU_FreeRTOS/Port/GCC/ARM_AARCH64_QEMU/port.o
                0x00000000404902a0                ullPortYieldRequired
 *(.gnu.linkonce.b.*)
 *(COMMON)
                0x00000000404902a8                . = ALIGN (0x4)
                0x00000000404902a8                _ebss = .

.dynbss         0x00000000404902a8        0x0 load address 0x0000000040406638
 .dynbss        0x00000000404902a8        0x0 /home/yanice/Desktop/CORTEX_A72_QEMU_FreeRTOS/Demo/CORTEX_A72_QEMU_MMK/build/trace_time.o
                0x00000000404902b0                . = ALIGN (0x10)
                0x00000000404902b0                _end = .
                0x0000000040490330                . = (. + 0x80)

.stack          0x00000000404902a8      0x3e8
                0x00000000404902a8                _stack_bottom = .
                0x0000000040490690                . = (. + __stack_size)
 *fill*         0x00000000404902a8      0x3e8 
                0x0000000040490690                _stack_top = .
OUTPUT(/home/yanice/Desktop/CORTEX_A72_QEMU_FreeRTOS/Demo/CORTEX_A72_QEMU_MMK/build/RTOSDemo.elf elf64-littleaarch64)
LOAD linker stubs

.debug_info     0x0000000000000000     0xb732
 .debug_info    0x0000000000000000      0x2a5 /home/yanice/Desktop/CORTEX_A72_QEMU_FreeRTOS/Demo/CORTEX_A72_QEMU_MMK/build/trace_time.o
 .debug_info    0x00000000000002a5      0x6bb /home/yanice/Desktop/CORTEX_A72_QEMU_FreeRTOS/Demo/CORTEX_A72_QEMU_MMK/build/main.o
 .debug_info    0x0000000000000960      0x5c4 /home/yanice/Desktop/CORTEX_A72_QEMU_FreeRTOS/Demo/CORTEX_A72_QEMU_MMK/build/main_blinky.o
 .debug_info    0x0000000000000f24      0x25b /home/yanice/Desktop/CORTEX_A72_QEMU_FreeRTOS/Demo/CORTEX_A72_QEMU_MMK/build/my_stdlib/src/my_mem.o
 .debug_info    0x000000000000117f      0xb77 /home/yanice/Desktop/CORTEX_A72_QEMU_FreeRTOS/Demo/CORTEX_A72_QEMU_MMK/build/my_stdlib/src/my_stdio.o
 .debug_info    0x0000000000001cf6      0x2ff /home/yanice/Desktop/CORTEX_A72_QEMU_FreeRTOS/Demo/CORTEX_A72_QEMU_MMK/build/~/Desktop/FreeRTOS/FreeRTOS/Source/list.o
 .debug_info    0x0000000000001ff5     0x278a /home/yanice/Desktop/CORTEX_A72_QEMU_FreeRTOS/Demo/CORTEX_A72_QEMU_MMK/build/~/Desktop/FreeRTOS/FreeRTOS/Source/queue.o
 .debug_info    0x000000000000477f     0x43d5 /home/yanice/Desktop/CORTEX_A72_QEMU_FreeRTOS/Demo/CORTEX_A72_QEMU_MMK/build/~/Desktop/FreeRTOS/FreeRTOS/Source/tasks.o
 .debug_info    0x0000000000008b54     0x170a /home/yanice/Desktop/CORTEX_A72_QEMU_FreeRTOS/Demo/CORTEX_A72_QEMU_MMK/build/~/Desktop/FreeRTOS/FreeRTOS/Source/timers.o
 .debug_info    0x000000000000a25e      0x7e5 /home/yanice/Desktop/CORTEX_A72_QEMU_FreeRTOS/Demo/CORTEX_A72_QEMU_MMK/build//home/yanice/Desktop/CORTEX_A72_QEMU_FreeRTOS/Port/GCC/ARM_AARCH64_QEMU/heap_4.o
 .debug_info    0x000000000000aa43      0x4df /home/yanice/Desktop/CORTEX_A72_QEMU_FreeRTOS/Demo/CORTEX_A72_QEMU_MMK/build//home/yanice/Desktop/CORTEX_A72_QEMU_FreeRTOS/Port/GCC/ARM_AARCH64_QEMU/port.o
 .debug_info    0x000000000000af22      0x4fd /home/yanice/Desktop/CORTEX_A72_QEMU_FreeRTOS/Demo/CORTEX_A72_QEMU_MMK/build//home/yanice/Desktop/CORTEX_A72_QEMU_FreeRTOS/Port/GCC/ARM_AARCH64_QEMU/Drivers/src/gic_v3.o
 .debug_info    0x000000000000b41f      0x289 /home/yanice/Desktop/CORTEX_A72_QEMU_FreeRTOS/Demo/CORTEX_A72_QEMU_MMK/build//home/yanice/Desktop/CORTEX_A72_QEMU_FreeRTOS/Port/GCC/ARM_AARCH64_QEMU/Drivers/src/uart.o
 .debug_info    0x000000000000b6a8       0x2e /home/yanice/Desktop/CORTEX_A72_QEMU_FreeRTOS/Demo/CORTEX_A72_QEMU_MMK/build/start.o
 .debug_info    0x000000000000b6d6       0x2e /home/yanice/Desktop/CORTEX_A72_QEMU_FreeRTOS/Demo/CORTEX_A72_QEMU_MMK/build/vector.o
 .debug_info    0x000000000000b704       0x2e /home/yanice/Desktop/CORTEX_A72_QEMU_FreeRTOS/Demo/CORTEX_A72_QEMU_MMK/build//home/yanice/Desktop/CORTEX_A72_QEMU_FreeRTOS/Port/GCC/ARM_AARCH64_QEMU/portASM.o

.debug_abbrev   0x0000000000000000     0x185a
 .debug_abbrev  0x0000000000000000      0x10c /home/yanice/Desktop/CORTEX_A72_QEMU_FreeRTOS/Demo/CORTEX_A72_QEMU_MMK/build/trace_time.o
 .debug_abbrev  0x000000000000010c      0x16f /home/yanice/Desktop/CORTEX_A72_QEMU_FreeRTOS/Demo/CORTEX_A72_QEMU_MMK/build/main.o
 .debug_abbrev  0x000000000000027b      0x16d /home/yanice/Desktop/CORTEX_A72_QEMU_FreeRTOS/Demo/CORTEX_A72_QEMU_MMK/build/main_blinky.o
 .debug_abbrev  0x00000000000003e8       0xfa /home/yanice/Desktop/CORTEX_A72_QEMU_FreeRTOS/Demo/CORTEX_A72_QEMU_MMK/build/my_stdlib/src/my_mem.o
 .debug_abbrev  0x00000000000004e2      0x2cf /home/yanice/Desktop/CORTEX_A72_QEMU_FreeRTOS/Demo/CORTEX_A72_QEMU_MMK/build/my_stdlib/src/my_stdio.o
 .debug_abbrev  0x00000000000007b1      0x102 /home/yanice/Desktop/CORTEX_A72_QEMU_FreeRTOS/Demo/CORTEX_A72_QEMU_MMK/build/~/Desktop/FreeRTOS/FreeRTOS/Source/list.o
 .debug_abbrev  0x00000000000008b3      0x2b0 /home/yanice/Desktop/CORTEX_A72_QEMU_FreeRTOS/Demo/CORTEX_A72_QEMU_MMK/build/~/Desktop/FreeRTOS/FreeRTOS/Source/queue.o
 .debug_abbrev  0x0000000000000b63      0x388 /home/yanice/Desktop/CORTEX_A72_QEMU_FreeRTOS/Demo/CORTEX_A72_QEMU_MMK/build/~/Desktop/FreeRTOS/FreeRTOS/Source/tasks.o
 .debug_abbrev  0x0000000000000eeb      0x262 /home/yanice/Desktop/CORTEX_A72_QEMU_FreeRTOS/Demo/CORTEX_A72_QEMU_MMK/build/~/Desktop/FreeRTOS/FreeRTOS/Source/timers.o
 .debug_abbrev  0x000000000000114d      0x27b /home/yanice/Desktop/CORTEX_A72_QEMU_FreeRTOS/Demo/CORTEX_A72_QEMU_MMK/build//home/yanice/Desktop/CORTEX_A72_QEMU_FreeRTOS/Port/GCC/ARM_AARCH64_QEMU/heap_4.o
 .debug_abbrev  0x00000000000013c8      0x198 /home/yanice/Desktop/CORTEX_A72_QEMU_FreeRTOS/Demo/CORTEX_A72_QEMU_MMK/build//home/yanice/Desktop/CORTEX_A72_QEMU_FreeRTOS/Port/GCC/ARM_AARCH64_QEMU/port.o
 .debug_abbrev  0x0000000000001560      0x17d /home/yanice/Desktop/CORTEX_A72_QEMU_FreeRTOS/Demo/CORTEX_A72_QEMU_MMK/build//home/yanice/Desktop/CORTEX_A72_QEMU_FreeRTOS/Port/GCC/ARM_AARCH64_QEMU/Drivers/src/gic_v3.o
 .debug_abbrev  0x00000000000016dd      0x141 /home/yanice/Desktop/CORTEX_A72_QEMU_FreeRTOS/Demo/CORTEX_A72_QEMU_MMK/build//home/yanice/Desktop/CORTEX_A72_QEMU_FreeRTOS/Port/GCC/ARM_AARCH64_QEMU/Drivers/src/uart.o
 .debug_abbrev  0x000000000000181e       0x14 /home/yanice/Desktop/CORTEX_A72_QEMU_FreeRTOS/Demo/CORTEX_A72_QEMU_MMK/build/start.o
 .debug_abbrev  0x0000000000001832       0x14 /home/yanice/Desktop/CORTEX_A72_QEMU_FreeRTOS/Demo/CORTEX_A72_QEMU_MMK/build/vector.o
 .debug_abbrev  0x0000000000001846       0x14 /home/yanice/Desktop/CORTEX_A72_QEMU_FreeRTOS/Demo/CORTEX_A72_QEMU_MMK/build//home/yanice/Desktop/CORTEX_A72_QEMU_FreeRTOS/Port/GCC/ARM_AARCH64_QEMU/portASM.o

.debug_loc      0x0000000000000000    0x109ed
 .debug_loc     0x0000000000000000      0x191 /home/yanice/Desktop/CORTEX_A72_QEMU_FreeRTOS/Demo/CORTEX_A72_QEMU_MMK/build/trace_time.o
 .debug_loc     0x0000000000000191      0x359 /home/yanice/Desktop/CORTEX_A72_QEMU_FreeRTOS/Demo/CORTEX_A72_QEMU_MMK/build/main.o
 .debug_loc     0x00000000000004ea       0xdd /home/yanice/Desktop/CORTEX_A72_QEMU_FreeRTOS/Demo/CORTEX_A72_QEMU_MMK/build/main_blinky.o
 .debug_loc     0x00000000000005c7      0x3c0 /home/yanice/Desktop/CORTEX_A72_QEMU_FreeRTOS/Demo/CORTEX_A72_QEMU_MMK/build/my_stdlib/src/my_mem.o
 .debug_loc     0x0000000000000987     0x1a2d /home/yanice/Desktop/CORTEX_A72_QEMU_FreeRTOS/Demo/CORTEX_A72_QEMU_MMK/build/my_stdlib/src/my_stdio.o
 .debug_loc     0x00000000000023b4      0x19f /home/yanice/Desktop/CORTEX_A72_QEMU_FreeRTOS/Demo/CORTEX_A72_QEMU_MMK/build/~/Desktop/FreeRTOS/FreeRTOS/Source/list.o
 .debug_loc     0x0000000000002553     0x3ec7 /home/yanice/Desktop/CORTEX_A72_QEMU_FreeRTOS/Demo/CORTEX_A72_QEMU_MMK/build/~/Desktop/FreeRTOS/FreeRTOS/Source/queue.o
 .debug_loc     0x000000000000641a     0x6cde /home/yanice/Desktop/CORTEX_A72_QEMU_FreeRTOS/Demo/CORTEX_A72_QEMU_MMK/build/~/Desktop/FreeRTOS/FreeRTOS/Source/tasks.o
 .debug_loc     0x000000000000d0f8     0x22a6 /home/yanice/Desktop/CORTEX_A72_QEMU_FreeRTOS/Demo/CORTEX_A72_QEMU_MMK/build/~/Desktop/FreeRTOS/FreeRTOS/Source/timers.o
 .debug_loc     0x000000000000f39e      0x9d4 /home/yanice/Desktop/CORTEX_A72_QEMU_FreeRTOS/Demo/CORTEX_A72_QEMU_MMK/build//home/yanice/Desktop/CORTEX_A72_QEMU_FreeRTOS/Port/GCC/ARM_AARCH64_QEMU/heap_4.o
 .debug_loc     0x000000000000fd72      0x4d0 /home/yanice/Desktop/CORTEX_A72_QEMU_FreeRTOS/Demo/CORTEX_A72_QEMU_MMK/build//home/yanice/Desktop/CORTEX_A72_QEMU_FreeRTOS/Port/GCC/ARM_AARCH64_QEMU/port.o
 .debug_loc     0x0000000000010242      0x6e5 /home/yanice/Desktop/CORTEX_A72_QEMU_FreeRTOS/Demo/CORTEX_A72_QEMU_MMK/build//home/yanice/Desktop/CORTEX_A72_QEMU_FreeRTOS/Port/GCC/ARM_AARCH64_QEMU/Drivers/src/gic_v3.o
 .debug_loc     0x0000000000010927       0xc6 /home/yanice/Desktop/CORTEX_A72_QEMU_FreeRTOS/Demo/CORTEX_A72_QEMU_MMK/build//home/yanice/Desktop/CORTEX_A72_QEMU_FreeRTOS/Port/GCC/ARM_AARCH64_QEMU/Drivers/src/uart.o

.debug_aranges  0x0000000000000000     0x1020
 .debug_aranges
                0x0000000000000000       0x40 /home/yanice/Desktop/CORTEX_A72_QEMU_FreeRTOS/Demo/CORTEX_A72_QEMU_MMK/build/trace_time.o
 .debug_aranges
                0x0000000000000040       0xf0 /home/yanice/Desktop/CORTEX_A72_QEMU_FreeRTOS/Demo/CORTEX_A72_QEMU_MMK/build/main.o
 .debug_aranges
                0x0000000000000130       0x60 /home/yanice/Desktop/CORTEX_A72_QEMU_FreeRTOS/Demo/CORTEX_A72_QEMU_MMK/build/main_blinky.o
 .debug_aranges
                0x0000000000000190       0x60 /home/yanice/Desktop/CORTEX_A72_QEMU_FreeRTOS/Demo/CORTEX_A72_QEMU_MMK/build/my_stdlib/src/my_mem.o
 .debug_aranges
                0x00000000000001f0       0xf0 /home/yanice/Desktop/CORTEX_A72_QEMU_FreeRTOS/Demo/CORTEX_A72_QEMU_MMK/build/my_stdlib/src/my_stdio.o
 .debug_aranges
                0x00000000000002e0       0x70 /home/yanice/Desktop/CORTEX_A72_QEMU_FreeRTOS/Demo/CORTEX_A72_QEMU_MMK/build/~/Desktop/FreeRTOS/FreeRTOS/Source/list.o
 .debug_aranges
                0x0000000000000350      0x290 /home/yanice/Desktop/CORTEX_A72_QEMU_FreeRTOS/Demo/CORTEX_A72_QEMU_MMK/build/~/Desktop/FreeRTOS/FreeRTOS/Source/queue.o
 .debug_aranges
                0x00000000000005e0      0x4d0 /home/yanice/Desktop/CORTEX_A72_QEMU_FreeRTOS/Demo/CORTEX_A72_QEMU_MMK/build/~/Desktop/FreeRTOS/FreeRTOS/Source/tasks.o
 .debug_aranges
                0x0000000000000ab0      0x200 /home/yanice/Desktop/CORTEX_A72_QEMU_FreeRTOS/Demo/CORTEX_A72_QEMU_MMK/build/~/Desktop/FreeRTOS/FreeRTOS/Source/timers.o
 .debug_aranges
                0x0000000000000cb0       0xc0 /home/yanice/Desktop/CORTEX_A72_QEMU_FreeRTOS/Demo/CORTEX_A72_QEMU_MMK/build//home/yanice/Desktop/CORTEX_A72_QEMU_FreeRTOS/Port/GCC/ARM_AARCH64_QEMU/heap_4.o
 .debug_aranges
                0x0000000000000d70       0xc0 /home/yanice/Desktop/CORTEX_A72_QEMU_FreeRTOS/Demo/CORTEX_A72_QEMU_MMK/build//home/yanice/Desktop/CORTEX_A72_QEMU_FreeRTOS/Port/GCC/ARM_AARCH64_QEMU/port.o
 .debug_aranges
                0x0000000000000e30       0xe0 /home/yanice/Desktop/CORTEX_A72_QEMU_FreeRTOS/Demo/CORTEX_A72_QEMU_MMK/build//home/yanice/Desktop/CORTEX_A72_QEMU_FreeRTOS/Port/GCC/ARM_AARCH64_QEMU/Drivers/src/gic_v3.o
 .debug_aranges
                0x0000000000000f10       0x80 /home/yanice/Desktop/CORTEX_A72_QEMU_FreeRTOS/Demo/CORTEX_A72_QEMU_MMK/build//home/yanice/Desktop/CORTEX_A72_QEMU_FreeRTOS/Port/GCC/ARM_AARCH64_QEMU/Drivers/src/uart.o
 .debug_aranges
                0x0000000000000f90       0x30 /home/yanice/Desktop/CORTEX_A72_QEMU_FreeRTOS/Demo/CORTEX_A72_QEMU_MMK/build/start.o
 .debug_aranges
                0x0000000000000fc0       0x30 /home/yanice/Desktop/CORTEX_A72_QEMU_FreeRTOS/Demo/CORTEX_A72_QEMU_MMK/build/vector.o
 .debug_aranges
                0x0000000000000ff0       0x30 /home/yanice/Desktop/CORTEX_A72_QEMU_FreeRTOS/Demo/CORTEX_A72_QEMU_MMK/build//home/yanice/Desktop/CORTEX_A72_QEMU_FreeRTOS/Port/GCC/ARM_AARCH64_QEMU/portASM.o

.debug_ranges   0x0000000000000000     0x1700
 .debug_ranges  0x0000000000000000       0x30 /home/yanice/Desktop/CORTEX_A72_QEMU_FreeRTOS/Demo/CORTEX_A72_QEMU_MMK/build/trace_time.o
 .debug_ranges  0x0000000000000030       0xe0 /home/yanice/Desktop/CORTEX_A72_QEMU_FreeRTOS/Demo/CORTEX_A72_QEMU_MMK/build/main.o
 .debug_ranges  0x0000000000000110       0x80 /home/yanice/Desktop/CORTEX_A72_QEMU_FreeRTOS/Demo/CORTEX_A72_QEMU_MMK/build/main_blinky.o
 .debug_ranges  0x0000000000000190       0x50 /home/yanice/Desktop/CORTEX_A72_QEMU_FreeRTOS/Demo/CORTEX_A72_QEMU_MMK/build/my_stdlib/src/my_mem.o
 .debug_ranges  0x00000000000001e0      0x140 /home/yanice/Desktop/CORTEX_A72_QEMU_FreeRTOS/Demo/CORTEX_A72_QEMU_MMK/build/my_stdlib/src/my_stdio.o
 .debug_ranges  0x0000000000000320       0x60 /home/yanice/Desktop/CORTEX_A72_QEMU_FreeRTOS/Demo/CORTEX_A72_QEMU_MMK/build/~/Desktop/FreeRTOS/FreeRTOS/Source/list.o
 .debug_ranges  0x0000000000000380      0x480 /home/yanice/Desktop/CORTEX_A72_QEMU_FreeRTOS/Demo/CORTEX_A72_QEMU_MMK/build/~/Desktop/FreeRTOS/FreeRTOS/Source/queue.o
 .debug_ranges  0x0000000000000800      0xa10 /home/yanice/Desktop/CORTEX_A72_QEMU_FreeRTOS/Demo/CORTEX_A72_QEMU_MMK/build/~/Desktop/FreeRTOS/FreeRTOS/Source/tasks.o
 .debug_ranges  0x0000000000001210      0x1f0 /home/yanice/Desktop/CORTEX_A72_QEMU_FreeRTOS/Demo/CORTEX_A72_QEMU_MMK/build/~/Desktop/FreeRTOS/FreeRTOS/Source/timers.o
 .debug_ranges  0x0000000000001400       0xb0 /home/yanice/Desktop/CORTEX_A72_QEMU_FreeRTOS/Demo/CORTEX_A72_QEMU_MMK/build//home/yanice/Desktop/CORTEX_A72_QEMU_FreeRTOS/Port/GCC/ARM_AARCH64_QEMU/heap_4.o
 .debug_ranges  0x00000000000014b0      0x110 /home/yanice/Desktop/CORTEX_A72_QEMU_FreeRTOS/Demo/CORTEX_A72_QEMU_MMK/build//home/yanice/Desktop/CORTEX_A72_QEMU_FreeRTOS/Port/GCC/ARM_AARCH64_QEMU/port.o
 .debug_ranges  0x00000000000015c0       0xd0 /home/yanice/Desktop/CORTEX_A72_QEMU_FreeRTOS/Demo/CORTEX_A72_QEMU_MMK/build//home/yanice/Desktop/CORTEX_A72_QEMU_FreeRTOS/Port/GCC/ARM_AARCH64_QEMU/Drivers/src/gic_v3.o
 .debug_ranges  0x0000000000001690       0x70 /home/yanice/Desktop/CORTEX_A72_QEMU_FreeRTOS/Demo/CORTEX_A72_QEMU_MMK/build//home/yanice/Desktop/CORTEX_A72_QEMU_FreeRTOS/Port/GCC/ARM_AARCH64_QEMU/Drivers/src/uart.o

.debug_macro    0x0000000000000000     0x529e
 .debug_macro   0x0000000000000000      0x1b4 /home/yanice/Desktop/CORTEX_A72_QEMU_FreeRTOS/Demo/CORTEX_A72_QEMU_MMK/build/trace_time.o
 .debug_macro   0x00000000000001b4      0x940 /home/yanice/Desktop/CORTEX_A72_QEMU_FreeRTOS/Demo/CORTEX_A72_QEMU_MMK/build/trace_time.o
 .debug_macro   0x0000000000000af4       0x10 /home/yanice/Desktop/CORTEX_A72_QEMU_FreeRTOS/Demo/CORTEX_A72_QEMU_MMK/build/trace_time.o
 .debug_macro   0x0000000000000b04       0x10 /home/yanice/Desktop/CORTEX_A72_QEMU_FreeRTOS/Demo/CORTEX_A72_QEMU_MMK/build/trace_time.o
 .debug_macro   0x0000000000000b14      0x1bb /home/yanice/Desktop/CORTEX_A72_QEMU_FreeRTOS/Demo/CORTEX_A72_QEMU_MMK/build/trace_time.o
 .debug_macro   0x0000000000000ccf      0x17f /home/yanice/Desktop/CORTEX_A72_QEMU_FreeRTOS/Demo/CORTEX_A72_QEMU_MMK/build/trace_time.o
 .debug_macro   0x0000000000000e4e       0x10 /home/yanice/Desktop/CORTEX_A72_QEMU_FreeRTOS/Demo/CORTEX_A72_QEMU_MMK/build/trace_time.o
 .debug_macro   0x0000000000000e5e       0x4a /home/yanice/Desktop/CORTEX_A72_QEMU_FreeRTOS/Demo/CORTEX_A72_QEMU_MMK/build/trace_time.o
 .debug_macro   0x0000000000000ea8       0x5e /home/yanice/Desktop/CORTEX_A72_QEMU_FreeRTOS/Demo/CORTEX_A72_QEMU_MMK/build/trace_time.o
 .debug_macro   0x0000000000000f06       0x4c /home/yanice/Desktop/CORTEX_A72_QEMU_FreeRTOS/Demo/CORTEX_A72_QEMU_MMK/build/trace_time.o
 .debug_macro   0x0000000000000f52       0x67 /home/yanice/Desktop/CORTEX_A72_QEMU_FreeRTOS/Demo/CORTEX_A72_QEMU_MMK/build/trace_time.o
 .debug_macro   0x0000000000000fb9       0xf4 /home/yanice/Desktop/CORTEX_A72_QEMU_FreeRTOS/Demo/CORTEX_A72_QEMU_MMK/build/trace_time.o
 .debug_macro   0x00000000000010ad       0x10 /home/yanice/Desktop/CORTEX_A72_QEMU_FreeRTOS/Demo/CORTEX_A72_QEMU_MMK/build/trace_time.o
 .debug_macro   0x00000000000010bd       0x16 /home/yanice/Desktop/CORTEX_A72_QEMU_FreeRTOS/Demo/CORTEX_A72_QEMU_MMK/build/trace_time.o
 .debug_macro   0x00000000000010d3      0x1b8 /home/yanice/Desktop/CORTEX_A72_QEMU_FreeRTOS/Demo/CORTEX_A72_QEMU_MMK/build/trace_time.o
 .debug_macro   0x000000000000128b       0x34 /home/yanice/Desktop/CORTEX_A72_QEMU_FreeRTOS/Demo/CORTEX_A72_QEMU_MMK/build/trace_time.o
 .debug_macro   0x00000000000012bf      0x174 /home/yanice/Desktop/CORTEX_A72_QEMU_FreeRTOS/Demo/CORTEX_A72_QEMU_MMK/build/trace_time.o
 .debug_macro   0x0000000000001433       0x16 /home/yanice/Desktop/CORTEX_A72_QEMU_FreeRTOS/Demo/CORTEX_A72_QEMU_MMK/build/trace_time.o
 .debug_macro   0x0000000000001449       0x76 /home/yanice/Desktop/CORTEX_A72_QEMU_FreeRTOS/Demo/CORTEX_A72_QEMU_MMK/build/trace_time.o
 .debug_macro   0x00000000000014bf      0x16d /home/yanice/Desktop/CORTEX_A72_QEMU_FreeRTOS/Demo/CORTEX_A72_QEMU_MMK/build/trace_time.o
 .debug_macro   0x000000000000162c       0x1c /home/yanice/Desktop/CORTEX_A72_QEMU_FreeRTOS/Demo/CORTEX_A72_QEMU_MMK/build/trace_time.o
 .debug_macro   0x0000000000001648      0x182 /home/yanice/Desktop/CORTEX_A72_QEMU_FreeRTOS/Demo/CORTEX_A72_QEMU_MMK/build/trace_time.o
 .debug_macro   0x00000000000017ca      0x147 /home/yanice/Desktop/CORTEX_A72_QEMU_FreeRTOS/Demo/CORTEX_A72_QEMU_MMK/build/trace_time.o
 .debug_macro   0x0000000000001911       0x2e /home/yanice/Desktop/CORTEX_A72_QEMU_FreeRTOS/Demo/CORTEX_A72_QEMU_MMK/build/trace_time.o
 .debug_macro   0x000000000000193f       0x1f /home/yanice/Desktop/CORTEX_A72_QEMU_FreeRTOS/Demo/CORTEX_A72_QEMU_MMK/build/trace_time.o
 .debug_macro   0x000000000000195e       0x12 /home/yanice/Desktop/CORTEX_A72_QEMU_FreeRTOS/Demo/CORTEX_A72_QEMU_MMK/build/trace_time.o
 .debug_macro   0x0000000000001970     0x1071 /home/yanice/Desktop/CORTEX_A72_QEMU_FreeRTOS/Demo/CORTEX_A72_QEMU_MMK/build/trace_time.o
 .debug_macro   0x00000000000029e1      0x1e4 /home/yanice/Desktop/CORTEX_A72_QEMU_FreeRTOS/Demo/CORTEX_A72_QEMU_MMK/build/main.o
 .debug_macro   0x0000000000002bc5       0x3a /home/yanice/Desktop/CORTEX_A72_QEMU_FreeRTOS/Demo/CORTEX_A72_QEMU_MMK/build/main.o
 .debug_macro   0x0000000000002bff       0xc3 /home/yanice/Desktop/CORTEX_A72_QEMU_FreeRTOS/Demo/CORTEX_A72_QEMU_MMK/build/main.o
 .debug_macro   0x0000000000002cc2      0x14f /home/yanice/Desktop/CORTEX_A72_QEMU_FreeRTOS/Demo/CORTEX_A72_QEMU_MMK/build/main.o
 .debug_macro   0x0000000000002e11       0x94 /home/yanice/Desktop/CORTEX_A72_QEMU_FreeRTOS/Demo/CORTEX_A72_QEMU_MMK/build/main.o
 .debug_macro   0x0000000000002ea5      0x1e5 /home/yanice/Desktop/CORTEX_A72_QEMU_FreeRTOS/Demo/CORTEX_A72_QEMU_MMK/build/main.o
 .debug_macro   0x000000000000308a      0x1f1 /home/yanice/Desktop/CORTEX_A72_QEMU_FreeRTOS/Demo/CORTEX_A72_QEMU_MMK/build/main_blinky.o
 .debug_macro   0x000000000000327b       0x80 /home/yanice/Desktop/CORTEX_A72_QEMU_FreeRTOS/Demo/CORTEX_A72_QEMU_MMK/build/main_blinky.o
 .debug_macro   0x00000000000032fb      0x19c /home/yanice/Desktop/CORTEX_A72_QEMU_FreeRTOS/Demo/CORTEX_A72_QEMU_MMK/build/my_stdlib/src/my_mem.o
 .debug_macro   0x0000000000003497      0x1d9 /home/yanice/Desktop/CORTEX_A72_QEMU_FreeRTOS/Demo/CORTEX_A72_QEMU_MMK/build/my_stdlib/src/my_stdio.o
 .debug_macro   0x0000000000003670       0x40 /home/yanice/Desktop/CORTEX_A72_QEMU_FreeRTOS/Demo/CORTEX_A72_QEMU_MMK/build/my_stdlib/src/my_stdio.o
 .debug_macro   0x00000000000036b0      0x367 /home/yanice/Desktop/CORTEX_A72_QEMU_FreeRTOS/Demo/CORTEX_A72_QEMU_MMK/build/~/Desktop/FreeRTOS/FreeRTOS/Source/list.o
 .debug_macro   0x0000000000003a17      0x42c /home/yanice/Desktop/CORTEX_A72_QEMU_FreeRTOS/Demo/CORTEX_A72_QEMU_MMK/build/~/Desktop/FreeRTOS/FreeRTOS/Source/queue.o
 .debug_macro   0x0000000000003e43       0x20 /home/yanice/Desktop/CORTEX_A72_QEMU_FreeRTOS/Demo/CORTEX_A72_QEMU_MMK/build/~/Desktop/FreeRTOS/FreeRTOS/Source/queue.o
 .debug_macro   0x0000000000003e63      0x4b2 /home/yanice/Desktop/CORTEX_A72_QEMU_FreeRTOS/Demo/CORTEX_A72_QEMU_MMK/build/~/Desktop/FreeRTOS/FreeRTOS/Source/tasks.o
 .debug_macro   0x0000000000004315       0x16 /home/yanice/Desktop/CORTEX_A72_QEMU_FreeRTOS/Demo/CORTEX_A72_QEMU_MMK/build/~/Desktop/FreeRTOS/FreeRTOS/Source/tasks.o
 .debug_macro   0x000000000000432b      0x3b6 /home/yanice/Desktop/CORTEX_A72_QEMU_FreeRTOS/Demo/CORTEX_A72_QEMU_MMK/build/~/Desktop/FreeRTOS/FreeRTOS/Source/timers.o
 .debug_macro   0x00000000000046e1       0x9e /home/yanice/Desktop/CORTEX_A72_QEMU_FreeRTOS/Demo/CORTEX_A72_QEMU_MMK/build/~/Desktop/FreeRTOS/FreeRTOS/Source/timers.o
 .debug_macro   0x000000000000477f      0x42a /home/yanice/Desktop/CORTEX_A72_QEMU_FreeRTOS/Demo/CORTEX_A72_QEMU_MMK/build//home/yanice/Desktop/CORTEX_A72_QEMU_FreeRTOS/Port/GCC/ARM_AARCH64_QEMU/heap_4.o
 .debug_macro   0x0000000000004ba9      0x3c6 /home/yanice/Desktop/CORTEX_A72_QEMU_FreeRTOS/Demo/CORTEX_A72_QEMU_MMK/build//home/yanice/Desktop/CORTEX_A72_QEMU_FreeRTOS/Port/GCC/ARM_AARCH64_QEMU/port.o
 .debug_macro   0x0000000000004f6f      0x114 /home/yanice/Desktop/CORTEX_A72_QEMU_FreeRTOS/Demo/CORTEX_A72_QEMU_MMK/build//home/yanice/Desktop/CORTEX_A72_QEMU_FreeRTOS/Port/GCC/ARM_AARCH64_QEMU/Drivers/src/gic_v3.o
 .debug_macro   0x0000000000005083      0x21b /home/yanice/Desktop/CORTEX_A72_QEMU_FreeRTOS/Demo/CORTEX_A72_QEMU_MMK/build//home/yanice/Desktop/CORTEX_A72_QEMU_FreeRTOS/Port/GCC/ARM_AARCH64_QEMU/Drivers/src/uart.o

.debug_line     0x0000000000000000     0xc0e5
 .debug_line    0x0000000000000000      0x482 /home/yanice/Desktop/CORTEX_A72_QEMU_FreeRTOS/Demo/CORTEX_A72_QEMU_MMK/build/trace_time.o
 .debug_line    0x0000000000000482      0x682 /home/yanice/Desktop/CORTEX_A72_QEMU_FreeRTOS/Demo/CORTEX_A72_QEMU_MMK/build/main.o
 .debug_line    0x0000000000000b04      0x4d7 /home/yanice/Desktop/CORTEX_A72_QEMU_FreeRTOS/Demo/CORTEX_A72_QEMU_MMK/build/main_blinky.o
 .debug_line    0x0000000000000fdb      0x47c /home/yanice/Desktop/CORTEX_A72_QEMU_FreeRTOS/Demo/CORTEX_A72_QEMU_MMK/build/my_stdlib/src/my_mem.o
 .debug_line    0x0000000000001457      0xd56 /home/yanice/Desktop/CORTEX_A72_QEMU_FreeRTOS/Demo/CORTEX_A72_QEMU_MMK/build/my_stdlib/src/my_stdio.o
 .debug_line    0x00000000000021ad      0x7a2 /home/yanice/Desktop/CORTEX_A72_QEMU_FreeRTOS/Demo/CORTEX_A72_QEMU_MMK/build/~/Desktop/FreeRTOS/FreeRTOS/Source/list.o
 .debug_line    0x000000000000294f     0x20c2 /home/yanice/Desktop/CORTEX_A72_QEMU_FreeRTOS/Demo/CORTEX_A72_QEMU_MMK/build/~/Desktop/FreeRTOS/FreeRTOS/Source/queue.o
 .debug_line    0x0000000000004a11     0x3f37 /home/yanice/Desktop/CORTEX_A72_QEMU_FreeRTOS/Demo/CORTEX_A72_QEMU_MMK/build/~/Desktop/FreeRTOS/FreeRTOS/Source/tasks.o
 .debug_line    0x0000000000008948     0x1287 /home/yanice/Desktop/CORTEX_A72_QEMU_FreeRTOS/Demo/CORTEX_A72_QEMU_MMK/build/~/Desktop/FreeRTOS/FreeRTOS/Source/timers.o
 .debug_line    0x0000000000009bcf      0xd03 /home/yanice/Desktop/CORTEX_A72_QEMU_FreeRTOS/Demo/CORTEX_A72_QEMU_MMK/build//home/yanice/Desktop/CORTEX_A72_QEMU_FreeRTOS/Port/GCC/ARM_AARCH64_QEMU/heap_4.o
 .debug_line    0x000000000000a8d2      0xa2f /home/yanice/Desktop/CORTEX_A72_QEMU_FreeRTOS/Demo/CORTEX_A72_QEMU_MMK/build//home/yanice/Desktop/CORTEX_A72_QEMU_FreeRTOS/Port/GCC/ARM_AARCH64_QEMU/port.o
 .debug_line    0x000000000000b301      0x685 /home/yanice/Desktop/CORTEX_A72_QEMU_FreeRTOS/Demo/CORTEX_A72_QEMU_MMK/build//home/yanice/Desktop/CORTEX_A72_QEMU_FreeRTOS/Port/GCC/ARM_AARCH64_QEMU/Drivers/src/gic_v3.o
 .debug_line    0x000000000000b986      0x575 /home/yanice/Desktop/CORTEX_A72_QEMU_FreeRTOS/Demo/CORTEX_A72_QEMU_MMK/build//home/yanice/Desktop/CORTEX_A72_QEMU_FreeRTOS/Port/GCC/ARM_AARCH64_QEMU/Drivers/src/uart.o
 .debug_line    0x000000000000befb       0x99 /home/yanice/Desktop/CORTEX_A72_QEMU_FreeRTOS/Demo/CORTEX_A72_QEMU_MMK/build/start.o
 .debug_line    0x000000000000bf94       0x5f /home/yanice/Desktop/CORTEX_A72_QEMU_FreeRTOS/Demo/CORTEX_A72_QEMU_MMK/build/vector.o
 .debug_line    0x000000000000bff3       0xf2 /home/yanice/Desktop/CORTEX_A72_QEMU_FreeRTOS/Demo/CORTEX_A72_QEMU_MMK/build//home/yanice/Desktop/CORTEX_A72_QEMU_FreeRTOS/Port/GCC/ARM_AARCH64_QEMU/portASM.o

.debug_str      0x0000000000000000    0x18290
 .debug_str     0x0000000000000000     0xe4be /home/yanice/Desktop/CORTEX_A72_QEMU_FreeRTOS/Demo/CORTEX_A72_QEMU_MMK/build/trace_time.o
                                       0xe64b (size before relaxing)
 .debug_str     0x000000000000e4be     0x33ef /home/yanice/Desktop/CORTEX_A72_QEMU_FreeRTOS/Demo/CORTEX_A72_QEMU_MMK/build/main.o
                                      0x11a0f (size before relaxing)
 .debug_str     0x00000000000118ad      0x921 /home/yanice/Desktop/CORTEX_A72_QEMU_FreeRTOS/Demo/CORTEX_A72_QEMU_MMK/build/main_blinky.o
                                      0x10f38 (size before relaxing)
 .debug_str     0x00000000000121ce       0x38 /home/yanice/Desktop/CORTEX_A72_QEMU_FreeRTOS/Demo/CORTEX_A72_QEMU_MMK/build/my_stdlib/src/my_mem.o
                                       0xe59e (size before relaxing)
 .debug_str     0x0000000000012206      0x379 /home/yanice/Desktop/CORTEX_A72_QEMU_FreeRTOS/Demo/CORTEX_A72_QEMU_MMK/build/my_stdlib/src/my_stdio.o
                                       0xe9a5 (size before relaxing)
 .debug_str     0x000000000001257f     0x16e6 /home/yanice/Desktop/CORTEX_A72_QEMU_FreeRTOS/Demo/CORTEX_A72_QEMU_MMK/build/~/Desktop/FreeRTOS/FreeRTOS/Source/list.o
                                      0x107f5 (size before relaxing)
 .debug_str     0x0000000000013c65      0xd5e /home/yanice/Desktop/CORTEX_A72_QEMU_FreeRTOS/Demo/CORTEX_A72_QEMU_MMK/build/~/Desktop/FreeRTOS/FreeRTOS/Source/queue.o
                                      0x131a1 (size before relaxing)
 .debug_str     0x00000000000149c3     0x2379 /home/yanice/Desktop/CORTEX_A72_QEMU_FreeRTOS/Demo/CORTEX_A72_QEMU_MMK/build/~/Desktop/FreeRTOS/FreeRTOS/Source/tasks.o
                                      0x144b8 (size before relaxing)
 .debug_str     0x0000000000016d3c      0x60a /home/yanice/Desktop/CORTEX_A72_QEMU_FreeRTOS/Demo/CORTEX_A72_QEMU_MMK/build/~/Desktop/FreeRTOS/FreeRTOS/Source/timers.o
                                      0x1348e (size before relaxing)
 .debug_str     0x0000000000017346      0x737 /home/yanice/Desktop/CORTEX_A72_QEMU_FreeRTOS/Demo/CORTEX_A72_QEMU_MMK/build//home/yanice/Desktop/CORTEX_A72_QEMU_FreeRTOS/Port/GCC/ARM_AARCH64_QEMU/heap_4.o
                                      0x123a7 (size before relaxing)
 .debug_str     0x0000000000017a7d      0x44e /home/yanice/Desktop/CORTEX_A72_QEMU_FreeRTOS/Demo/CORTEX_A72_QEMU_MMK/build//home/yanice/Desktop/CORTEX_A72_QEMU_FreeRTOS/Port/GCC/ARM_AARCH64_QEMU/port.o
                                      0x1207c (size before relaxing)
 .debug_str     0x0000000000017ecb      0x14b /home/yanice/Desktop/CORTEX_A72_QEMU_FreeRTOS/Demo/CORTEX_A72_QEMU_MMK/build//home/yanice/Desktop/CORTEX_A72_QEMU_FreeRTOS/Port/GCC/ARM_AARCH64_QEMU/Drivers/src/gic_v3.o
                                       0x62cd (size before relaxing)
 .debug_str     0x0000000000018016      0x20b /home/yanice/Desktop/CORTEX_A72_QEMU_FreeRTOS/Demo/CORTEX_A72_QEMU_MMK/build//home/yanice/Desktop/CORTEX_A72_QEMU_FreeRTOS/Port/GCC/ARM_AARCH64_QEMU/Drivers/src/uart.o
                                       0xea22 (size before relaxing)
 .debug_str     0x0000000000018221       0x14 /home/yanice/Desktop/CORTEX_A72_QEMU_FreeRTOS/Demo/CORTEX_A72_QEMU_MMK/build/start.o
                                         0x5b (size before relaxing)
 .debug_str     0x0000000000018235        0x9 /home/yanice/Desktop/CORTEX_A72_QEMU_FreeRTOS/Demo/CORTEX_A72_QEMU_MMK/build/vector.o
                                         0x5c (size before relaxing)
 .debug_str     0x000000000001823e       0x52 /home/yanice/Desktop/CORTEX_A72_QEMU_FreeRTOS/Demo/CORTEX_A72_QEMU_MMK/build//home/yanice/Desktop/CORTEX_A72_QEMU_FreeRTOS/Port/GCC/ARM_AARCH64_QEMU/portASM.o
                                         0xa5 (size before relaxing)

.comment        0x0000000000000000       0x2b
 .comment       0x0000000000000000       0x2b /home/yanice/Desktop/CORTEX_A72_QEMU_FreeRTOS/Demo/CORTEX_A72_QEMU_MMK/build/trace_time.o
                                         0x2c (size before relaxing)
 .comment       0x000000000000002b       0x2c /home/yanice/Desktop/CORTEX_A72_QEMU_FreeRTOS/Demo/CORTEX_A72_QEMU_MMK/build/main.o
 .comment       0x000000000000002b       0x2c /home/yanice/Desktop/CORTEX_A72_QEMU_FreeRTOS/Demo/CORTEX_A72_QEMU_MMK/build/main_blinky.o
 .comment       0x000000000000002b       0x2c /home/yanice/Desktop/CORTEX_A72_QEMU_FreeRTOS/Demo/CORTEX_A72_QEMU_MMK/build/my_stdlib/src/my_mem.o
 .comment       0x000000000000002b       0x2c /home/yanice/Desktop/CORTEX_A72_QEMU_FreeRTOS/Demo/CORTEX_A72_QEMU_MMK/build/my_stdlib/src/my_stdio.o
 .comment       0x000000000000002b       0x2c /home/yanice/Desktop/CORTEX_A72_QEMU_FreeRTOS/Demo/CORTEX_A72_QEMU_MMK/build/~/Desktop/FreeRTOS/FreeRTOS/Source/list.o
 .comment       0x000000000000002b       0x2c /home/yanice/Desktop/CORTEX_A72_QEMU_FreeRTOS/Demo/CORTEX_A72_QEMU_MMK/build/~/Desktop/FreeRTOS/FreeRTOS/Source/queue.o
 .comment       0x000000000000002b       0x2c /home/yanice/Desktop/CORTEX_A72_QEMU_FreeRTOS/Demo/CORTEX_A72_QEMU_MMK/build/~/Desktop/FreeRTOS/FreeRTOS/Source/tasks.o
 .comment       0x000000000000002b       0x2c /home/yanice/Desktop/CORTEX_A72_QEMU_FreeRTOS/Demo/CORTEX_A72_QEMU_MMK/build/~/Desktop/FreeRTOS/FreeRTOS/Source/timers.o
 .comment       0x000000000000002b       0x2c /home/yanice/Desktop/CORTEX_A72_QEMU_FreeRTOS/Demo/CORTEX_A72_QEMU_MMK/build//home/yanice/Desktop/CORTEX_A72_QEMU_FreeRTOS/Port/GCC/ARM_AARCH64_QEMU/heap_4.o
 .comment       0x000000000000002b       0x2c /home/yanice/Desktop/CORTEX_A72_QEMU_FreeRTOS/Demo/CORTEX_A72_QEMU_MMK/build//home/yanice/Desktop/CORTEX_A72_QEMU_FreeRTOS/Port/GCC/ARM_AARCH64_QEMU/port.o
 .comment       0x000000000000002b       0x2c /home/yanice/Desktop/CORTEX_A72_QEMU_FreeRTOS/Demo/CORTEX_A72_QEMU_MMK/build//home/yanice/Desktop/CORTEX_A72_QEMU_FreeRTOS/Port/GCC/ARM_AARCH64_QEMU/Drivers/src/gic_v3.o
 .comment       0x000000000000002b       0x2c /home/yanice/Desktop/CORTEX_A72_QEMU_FreeRTOS/Demo/CORTEX_A72_QEMU_MMK/build//home/yanice/Desktop/CORTEX_A72_QEMU_FreeRTOS/Port/GCC/ARM_AARCH64_QEMU/Drivers/src/uart.o

.note.GNU-stack
                0x0000000000000000        0x0
 .note.GNU-stack
                0x0000000000000000        0x0 /home/yanice/Desktop/CORTEX_A72_QEMU_FreeRTOS/Demo/CORTEX_A72_QEMU_MMK/build/trace_time.o
 .note.GNU-stack
                0x0000000000000000        0x0 /home/yanice/Desktop/CORTEX_A72_QEMU_FreeRTOS/Demo/CORTEX_A72_QEMU_MMK/build/main.o
 .note.GNU-stack
                0x0000000000000000        0x0 /home/yanice/Desktop/CORTEX_A72_QEMU_FreeRTOS/Demo/CORTEX_A72_QEMU_MMK/build/main_blinky.o
 .note.GNU-stack
                0x0000000000000000        0x0 /home/yanice/Desktop/CORTEX_A72_QEMU_FreeRTOS/Demo/CORTEX_A72_QEMU_MMK/build/my_stdlib/src/my_mem.o
 .note.GNU-stack
                0x0000000000000000        0x0 /home/yanice/Desktop/CORTEX_A72_QEMU_FreeRTOS/Demo/CORTEX_A72_QEMU_MMK/build/my_stdlib/src/my_stdio.o
 .note.GNU-stack
                0x0000000000000000        0x0 /home/yanice/Desktop/CORTEX_A72_QEMU_FreeRTOS/Demo/CORTEX_A72_QEMU_MMK/build/~/Desktop/FreeRTOS/FreeRTOS/Source/list.o
 .note.GNU-stack
                0x0000000000000000        0x0 /home/yanice/Desktop/CORTEX_A72_QEMU_FreeRTOS/Demo/CORTEX_A72_QEMU_MMK/build/~/Desktop/FreeRTOS/FreeRTOS/Source/queue.o
 .note.GNU-stack
                0x0000000000000000        0x0 /home/yanice/Desktop/CORTEX_A72_QEMU_FreeRTOS/Demo/CORTEX_A72_QEMU_MMK/build/~/Desktop/FreeRTOS/FreeRTOS/Source/tasks.o
 .note.GNU-stack
                0x0000000000000000        0x0 /home/yanice/Desktop/CORTEX_A72_QEMU_FreeRTOS/Demo/CORTEX_A72_QEMU_MMK/build/~/Desktop/FreeRTOS/FreeRTOS/Source/timers.o
 .note.GNU-stack
                0x0000000000000000        0x0 /home/yanice/Desktop/CORTEX_A72_QEMU_FreeRTOS/Demo/CORTEX_A72_QEMU_MMK/build//home/yanice/Desktop/CORTEX_A72_QEMU_FreeRTOS/Port/GCC/ARM_AARCH64_QEMU/heap_4.o
 .note.GNU-stack
                0x0000000000000000        0x0 /home/yanice/Desktop/CORTEX_A72_QEMU_FreeRTOS/Demo/CORTEX_A72_QEMU_MMK/build//home/yanice/Desktop/CORTEX_A72_QEMU_FreeRTOS/Port/GCC/ARM_AARCH64_QEMU/port.o
 .note.GNU-stack
                0x0000000000000000        0x0 /home/yanice/Desktop/CORTEX_A72_QEMU_FreeRTOS/Demo/CORTEX_A72_QEMU_MMK/build//home/yanice/Desktop/CORTEX_A72_QEMU_FreeRTOS/Port/GCC/ARM_AARCH64_QEMU/Drivers/src/gic_v3.o
 .note.GNU-stack
                0x0000000000000000        0x0 /home/yanice/Desktop/CORTEX_A72_QEMU_FreeRTOS/Demo/CORTEX_A72_QEMU_MMK/build//home/yanice/Desktop/CORTEX_A72_QEMU_FreeRTOS/Port/GCC/ARM_AARCH64_QEMU/Drivers/src/uart.o
